D:\IDE\java\jdk1.8.0_441\bin\java.exe -Xms30m -Xmx30m -XX:+HeapDumpOnOutOfMemoryError -XX:+PrintGCDetails -javaagent:D:\IDE\idea\ideaIC-2024.3.4.1.win\lib\idea_rt.jar=58175 -Dfile.encoding=UTF-8 -classpath D:\IDE\java\jdk1.8.0_441\jre\lib\charsets.jar;D:\IDE\java\jdk1.8.0_441\jre\lib\deploy.jar;D:\IDE\java\jdk1.8.0_441\jre\lib\ext\access-bridge-64.jar;D:\IDE\java\jdk1.8.0_441\jre\lib\ext\cldrdata.jar;D:\IDE\java\jdk1.8.0_441\jre\lib\ext\dnsns.jar;D:\IDE\java\jdk1.8.0_441\jre\lib\ext\jaccess.jar;D:\IDE\java\jdk1.8.0_441\jre\lib\ext\jfxrt.jar;D:\IDE\java\jdk1.8.0_441\jre\lib\ext\localedata.jar;D:\IDE\java\jdk1.8.0_441\jre\lib\ext\nashorn.jar;D:\IDE\java\jdk1.8.0_441\jre\lib\ext\sunec.jar;D:\IDE\java\jdk1.8.0_441\jre\lib\ext\sunjce_provider.jar;D:\IDE\java\jdk1.8.0_441\jre\lib\ext\sunmscapi.jar;D:\IDE\java\jdk1.8.0_441\jre\lib\ext\sunpkcs11.jar;D:\IDE\java\jdk1.8.0_441\jre\lib\ext\zipfs.jar;D:\IDE\java\jdk1.8.0_441\jre\lib\javaws.jar;D:\IDE\java\jdk1.8.0_441\jre\lib\jce.jar;D:\IDE\java\jdk1.8.0_441\jre\lib\jfr.jar;D:\IDE\java\jdk1.8.0_441\jre\lib\jfxswt.jar;D:\IDE\java\jdk1.8.0_441\jre\lib\jsse.jar;D:\IDE\java\jdk1.8.0_441\jre\lib\management-agent.jar;D:\IDE\java\jdk1.8.0_441\jre\lib\plugin.jar;D:\IDE\java\jdk1.8.0_441\jre\lib\resources.jar;D:\IDE\java\jdk1.8.0_441\jre\lib\rt.jar;D:\workspace\kungfu\out\production\kungfu com.kungfu.jvm.d3_tuning.OOMTroubleshootingDemo
========================================
  OOM 真实案例排查实战
========================================

  参数: -Xms30m -Xmx30m -XX:+HeapDumpOnOutOfMemoryError
        -XX:HeapDumpPath=./oom_dump.hprof -XX:+PrintGCDetails

  每次只取消注释一个场景来运行

--- 场景三：任务队列无界堆积 ---

  模拟：线程池任务提交速度 > 消费速度，队列无限增长
  典型原因：Executors.newFixedThreadPool() 内部用无界队列

[GC (Allocation Failure) [PSYoungGen: 8192K->1016K(9216K)] 8192K->1040K(29696K), 0.0007995 secs] [Times: user=0.00 sys=0.00, real=0.00 secs]
  任务队列: 500 个任务待处理，堆使用 2.4 MB / 29.0 MB
  任务队列: 1000 个任务待处理，堆使用 8.2 MB / 29.0 MB
[GC (Allocation Failure) [PSYoungGen: 9205K->1000K(9216K)] 9229K->1195K(29696K), 0.0008809 secs] [Times: user=0.05 sys=0.08, real=0.00 secs]
  任务队列: 1500 个任务待处理，堆使用 5.2 MB / 29.0 MB
[GC (Allocation Failure) [PSYoungGen: 9192K->1016K(9216K)] 9387K->1303K(29696K), 0.0006633 secs] [Times: user=0.00 sys=0.00, real=0.00 secs]
  任务队列: 2000 个任务待处理，堆使用 2.3 MB / 29.0 MB
  任务队列: 2500 个任务待处理，堆使用 7.2 MB / 29.0 MB
[GC (Allocation Failure) [PSYoungGen: 9200K->1000K(9216K)] 9487K->1343K(29696K), 0.0004419 secs] [Times: user=0.00 sys=0.00, real=0.00 secs]
  任务队列: 3000 个任务待处理，堆使用 4.2 MB / 29.0 MB
  任务队列: 3500 个任务待处理，堆使用 9.1 MB / 29.0 MB
[GC (Allocation Failure) [PSYoungGen: 9182K->1016K(9216K)] 9525K->1359K(29696K), 0.0006342 secs] [Times: user=0.00 sys=0.00, real=0.00 secs]
  任务队列: 4000 个任务待处理，堆使用 6.2 MB / 29.0 MB
[GC (Allocation Failure) [PSYoungGen: 9208K->1016K(8192K)] 9551K->1367K(28672K), 0.0005908 secs] [Times: user=0.00 sys=0.00, real=0.00 secs]
  任务队列: 4500 个任务待处理，堆使用 3.1 MB / 28.0 MB
  任务队列: 5000 个任务待处理，堆使用 8.0 MB / 28.0 MB
[GC (Allocation Failure) [PSYoungGen: 8174K->280K(8704K)] 8525K->1487K(29184K), 0.0005591 secs] [Times: user=0.00 sys=0.00, real=0.00 secs]
  任务队列: 5500 个任务待处理，堆使用 6.0 MB / 28.5 MB
[GC (Allocation Failure) [PSYoungGen: 7448K->248K(8704K)] 8655K->1519K(29184K), 0.0003610 secs] [Times: user=0.00 sys=0.00, real=0.00 secs]
  任务队列: 6000 个任务待处理，堆使用 4.0 MB / 28.5 MB
[GC (Allocation Failure) [PSYoungGen: 7416K->132K(8704K)] 8687K->1451K(29184K), 0.0004010 secs] [Times: user=0.00 sys=0.00, real=0.00 secs]
  任务队列: 6500 个任务待处理，堆使用 2.0 MB / 28.5 MB
  任务队列: 7000 个任务待处理，堆使用 6.9 MB / 28.5 MB
[GC (Allocation Failure) [PSYoungGen: 7300K->228K(8704K)] 8619K->1595K(29184K), 0.0009456 secs] [Times: user=0.00 sys=0.00, real=0.00 secs]
  任务队列: 7500 个任务待处理，堆使用 5.0 MB / 28.5 MB
[GC (Allocation Failure) [PSYoungGen: 7389K->96K(7680K)] 8756K->1547K(28160K), 0.0004079 secs] [Times: user=0.00 sys=0.00, real=0.00 secs]
  任务队列: 8000 个任务待处理，堆使用 2.9 MB / 27.5 MB
  任务队列: 8500 个任务待处理，堆使用 7.9 MB / 27.5 MB
[GC (Allocation Failure) [PSYoungGen: 7257K->32K(8192K)] 8709K->1539K(28672K), 0.0008330 secs] [Times: user=0.00 sys=0.00, real=0.00 secs]
  任务队列: 9000 个任务待处理，堆使用 5.7 MB / 28.0 MB
[GC (Allocation Failure) [PSYoungGen: 6171K->32K(8192K)] 7679K->1595K(28672K), 0.0012802 secs] [Times: user=0.00 sys=0.00, real=0.00 secs]
  任务队列: 9500 个任务待处理，堆使用 4.8 MB / 28.0 MB
[GC (Allocation Failure) [PSYoungGen: 6176K->246K(8704K)] 7739K->1834K(29184K), 0.0004109 secs] [Times: user=0.00 sys=0.00, real=0.00 secs]
  任务队列: 10000 个任务待处理，堆使用 4.0 MB / 28.5 MB
[GC (Allocation Failure) [PSYoungGen: 6902K->160K(8192K)] 8490K->1858K(28672K), 0.0005780 secs] [Times: user=0.00 sys=0.00, real=0.00 secs]
  任务队列: 10500 个任务待处理，堆使用 2.5 MB / 28.0 MB
  任务队列: 11000 个任务待处理，堆使用 7.4 MB / 28.0 MB
[GC (Allocation Failure) [PSYoungGen: 6812K->96K(8704K)] 8511K->1842K(29184K), 0.0004269 secs] [Times: user=0.00 sys=0.00, real=0.00 secs]
  任务队列: 11500 个任务待处理，堆使用 6.0 MB / 28.5 MB
[GC (Allocation Failure) [PSYoungGen: 7264K->64K(8704K)] 9010K->1906K(29184K), 0.0004330 secs] [Times: user=0.00 sys=0.00, real=0.00 secs]
  任务队列: 12000 个任务待处理，堆使用 3.9 MB / 28.5 MB
  任务队列: 12500 个任务待处理，堆使用 8.8 MB / 28.5 MB
[GC (Allocation Failure) [PSYoungGen: 7225K->32K(8704K)] 9068K->1954K(29184K), 0.0004619 secs] [Times: user=0.00 sys=0.00, real=0.00 secs]
  任务队列: 13000 个任务待处理，堆使用 6.8 MB / 28.5 MB
[GC (Allocation Failure) [PSYoungGen: 7200K->32K(8704K)] 9122K->2042K(29184K), 0.0003733 secs] [Times: user=0.00 sys=0.00, real=0.00 secs]
  任务队列: 13500 个任务待处理，堆使用 4.8 MB / 28.5 MB
[GC (Allocation Failure) [PSYoungGen: 7200K->32K(8704K)] 9210K->2122K(29184K), 0.0003400 secs] [Times: user=0.00 sys=0.00, real=0.00 secs]
  任务队列: 14000 个任务待处理，堆使用 2.8 MB / 28.5 MB
  任务队列: 14500 个任务待处理，堆使用 7.9 MB / 28.5 MB
[GC (Allocation Failure) [PSYoungGen: 7193K->338K(8704K)] 9283K->2493K(29184K), 0.0002858 secs] [Times: user=0.00 sys=0.00, real=0.00 secs]
  任务队列: 15000 个任务待处理，堆使用 6.3 MB / 28.5 MB
[GC (Allocation Failure) [PSYoungGen: 7506K->384K(8704K)] 9661K->2725K(29184K), 0.0002761 secs] [Times: user=0.00 sys=0.00, real=0.00 secs]
  任务队列: 15500 个任务待处理，堆使用 4.4 MB / 28.5 MB
  任务队列: 16000 个任务待处理，堆使用 9.3 MB / 28.5 MB
[GC (Allocation Failure) [PSYoungGen: 7546K->320K(8704K)] 9887K->2733K(29184K), 0.0003595 secs] [Times: user=0.00 sys=0.00, real=0.00 secs]
  任务队列: 16500 个任务待处理，堆使用 7.3 MB / 28.5 MB
[GC (Allocation Failure) [PSYoungGen: 7488K->320K(9216K)] 9901K->2805K(29696K), 0.0003716 secs] [Times: user=0.00 sys=0.00, real=0.00 secs]
  任务队列: 17000 个任务待处理，堆使用 5.3 MB / 29.0 MB
  任务队列: 17500 个任务待处理，堆使用 10.2 MB / 29.0 MB
[GC (Allocation Failure) [PSYoungGen: 7998K->32K(8704K)] 10483K->2613K(29184K), 0.0003212 secs] [Times: user=0.00 sys=0.00, real=0.00 secs]
  任务队列: 18000 个任务待处理，堆使用 7.4 MB / 28.5 MB
[GC (Allocation Failure) [PSYoungGen: 7702K->320K(9216K)] 10283K->2973K(29696K), 0.0003642 secs] [Times: user=0.00 sys=0.00, real=0.00 secs]
  任务队列: 18500 个任务待处理，堆使用 5.3 MB / 29.0 MB
  任务队列: 19000 个任务待处理，堆使用 10.3 MB / 29.0 MB
[GC (Allocation Failure) [PSYoungGen: 8504K->32K(9216K)] 11157K->2773K(29696K), 0.0003946 secs] [Times: user=0.00 sys=0.00, real=0.00 secs]
  任务队列: 19500 个任务待处理，堆使用 7.1 MB / 29.0 MB
[GC (Allocation Failure) [PSYoungGen: 8224K->32K(9216K)] 10965K->2845K(29696K), 0.0003932 secs] [Times: user=0.00 sys=0.00, real=0.00 secs]
  任务队列: 20000 个任务待处理，堆使用 4.0 MB / 29.0 MB
  任务队列: 20500 个任务待处理，堆使用 8.9 MB / 29.0 MB
[GC (Allocation Failure) [PSYoungGen: 8224K->352K(9216K)] 11037K->3245K(29696K), 0.0004098 secs] [Times: user=0.00 sys=0.00, real=0.00 secs]
  任务队列: 21000 个任务待处理，堆使用 6.4 MB / 29.0 MB
[GC (Allocation Failure) [PSYoungGen: 8544K->283K(9216K)] 11437K->3224K(29696K), 0.0005161 secs] [Times: user=0.00 sys=0.00, real=0.00 secs]
  任务队列: 21500 个任务待处理，堆使用 3.3 MB / 29.0 MB
  任务队列: 22000 个任务待处理，堆使用 8.4 MB / 29.0 MB
[GC (Allocation Failure) [PSYoungGen: 8475K->352K(9216K)] 11416K->3504K(29696K), 0.0004180 secs] [Times: user=0.00 sys=0.00, real=0.00 secs]
  任务队列: 22500 个任务待处理，堆使用 5.6 MB / 29.0 MB
  任务队列: 23000 个任务待处理，堆使用 10.5 MB / 29.0 MB
[GC (Allocation Failure) [PSYoungGen: 8535K->352K(9216K)] 11687K->3584K(29696K), 0.0004146 secs] [Times: user=0.00 sys=0.00, real=0.00 secs]
  任务队列: 23500 个任务待处理，堆使用 7.5 MB / 29.0 MB
[GC (Allocation Failure) [PSYoungGen: 8543K->32K(9216K)] 11775K->3352K(29696K), 0.0003745 secs] [Times: user=0.00 sys=0.00, real=0.00 secs]
  任务队列: 24000 个任务待处理，堆使用 4.1 MB / 29.0 MB
  任务队列: 24500 个任务待处理，堆使用 9.2 MB / 29.0 MB
[GC (Allocation Failure) [PSYoungGen: 8224K->352K(9216K)] 11544K->3752K(29696K), 0.0005850 secs] [Times: user=0.00 sys=0.00, real=0.00 secs]
  任务队列: 25000 个任务待处理，堆使用 6.5 MB / 29.0 MB
  任务队列: 25500 个任务待处理，堆使用 11.4 MB / 29.0 MB
[GC (Allocation Failure) [PSYoungGen: 8534K->32K(9216K)] 11934K->3520K(29696K), 0.0005128 secs] [Times: user=0.00 sys=0.00, real=0.00 secs]
  任务队列: 26000 个任务待处理，堆使用 8.1 MB / 29.0 MB
[GC (Allocation Failure) [PSYoungGen: 8224K->352K(9216K)] 11712K->3920K(29696K), 0.0005127 secs] [Times: user=0.00 sys=0.00, real=0.00 secs]
  任务队列: 26500 个任务待处理，堆使用 5.5 MB / 29.0 MB
  任务队列: 27000 个任务待处理，堆使用 10.5 MB / 29.0 MB
[GC (Allocation Failure) [PSYoungGen: 8544K->32K(9216K)] 12112K->3680K(29696K), 0.0004242 secs] [Times: user=0.00 sys=0.00, real=0.00 secs]
  任务队列: 27500 个任务待处理，堆使用 7.1 MB / 29.0 MB
[GC (Allocation Failure) [PSYoungGen: 8224K->32K(9216K)] 11872K->3768K(29696K), 0.0003519 secs] [Times: user=0.00 sys=0.00, real=0.00 secs]
  任务队列: 28000 个任务待处理，堆使用 4.2 MB / 29.0 MB
  任务队列: 28500 个任务待处理，堆使用 9.1 MB / 29.0 MB
[GC (Allocation Failure) [PSYoungGen: 8224K->32K(9216K)] 11960K->3792K(29696K), 0.0003323 secs] [Times: user=0.00 sys=0.00, real=0.00 secs]
  任务队列: 29000 个任务待处理，堆使用 6.1 MB / 29.0 MB
  任务队列: 29500 个任务待处理，堆使用 11.0 MB / 29.0 MB
[GC (Allocation Failure) [PSYoungGen: 8215K->32K(9216K)] 11976K->3856K(29696K), 0.0003183 secs] [Times: user=0.00 sys=0.00, real=0.00 secs]
  任务队列: 30000 个任务待处理，堆使用 8.0 MB / 29.0 MB
[GC (Allocation Failure) [PSYoungGen: 8224K->32K(9216K)] 12048K->3944K(29696K), 0.0003570 secs] [Times: user=0.00 sys=0.00, real=0.00 secs]
  任务队列: 30500 个任务待处理，堆使用 5.0 MB / 29.0 MB
  任务队列: 31000 个任务待处理，堆使用 10.0 MB / 29.0 MB
[GC (Allocation Failure) [PSYoungGen: 8224K->352K(9216K)] 12136K->4352K(29696K), 0.0004058 secs] [Times: user=0.00 sys=0.00, real=0.00 secs]
  任务队列: 31500 个任务待处理，堆使用 7.3 MB / 29.0 MB
[GC (Allocation Failure) [PSYoungGen: 8544K->505K(9216K)] 12544K->4585K(29696K), 0.0003360 secs] [Times: user=0.00 sys=0.00, real=0.00 secs]
  任务队列: 32000 个任务待处理，堆使用 4.6 MB / 29.0 MB
  任务队列: 32500 个任务待处理，堆使用 9.6 MB / 29.0 MB
[GC (Allocation Failure) [PSYoungGen: 8697K->416K(9216K)] 12777K->4801K(29696K), 0.0005291 secs] [Times: user=0.00 sys=0.00, real=0.00 secs]
  任务队列: 33000 个任务待处理，堆使用 6.9 MB / 29.0 MB
  任务队列: 33500 个任务待处理，堆使用 11.7 MB / 29.0 MB
[GC (Allocation Failure) [PSYoungGen: 8603K->32K(9216K)] 12988K->4513K(29696K), 0.0004156 secs] [Times: user=0.00 sys=0.00, real=0.00 secs]
  任务队列: 34000 个任务待处理，堆使用 8.4 MB / 29.0 MB
[GC (Allocation Failure) [PSYoungGen: 8224K->32K(9216K)] 12705K->4617K(29696K), 0.0004447 secs] [Times: user=0.00 sys=0.00, real=0.00 secs]
  任务队列: 34500 个任务待处理，堆使用 5.5 MB / 29.0 MB
  任务队列: 35000 个任务待处理，堆使用 10.4 MB / 29.0 MB
[GC (Allocation Failure) [PSYoungGen: 8217K->320K(9216K)] 12802K->4993K(29696K), 0.0003754 secs] [Times: user=0.00 sys=0.00, real=0.00 secs]
  任务队列: 35500 个任务待处理，堆使用 7.7 MB / 29.0 MB
  任务队列: 36000 个任务待处理，堆使用 12.6 MB / 29.0 MB
[GC (Allocation Failure) [PSYoungGen: 8512K->384K(9216K)] 13185K->5137K(29696K), 0.0005300 secs] [Times: user=0.00 sys=0.00, real=0.00 secs]
  任务队列: 36500 个任务待处理，堆使用 9.7 MB / 29.0 MB
[GC (Allocation Failure) [PSYoungGen: 8576K->384K(9216K)] 13329K->5225K(29696K), 0.0003903 secs] [Times: user=0.00 sys=0.00, real=0.00 secs]
  任务队列: 37000 个任务待处理，堆使用 6.8 MB / 29.0 MB
  任务队列: 37500 个任务待处理，堆使用 11.8 MB / 29.0 MB
[GC (Allocation Failure) [PSYoungGen: 8576K->320K(9216K)] 13417K->5241K(29696K), 0.0005122 secs] [Times: user=0.00 sys=0.00, real=0.00 secs]
  任务队列: 38000 个任务待处理，堆使用 8.8 MB / 29.0 MB
[GC (Allocation Failure) [PSYoungGen: 8512K->32K(9216K)] 13433K->5057K(29696K), 0.0003570 secs] [Times: user=0.00 sys=0.00, real=0.00 secs]
  任务队列: 38500 个任务待处理，堆使用 5.4 MB / 29.0 MB
  任务队列: 39000 个任务待处理，堆使用 10.5 MB / 29.0 MB
[GC (Allocation Failure) [PSYoungGen: 8224K->416K(9216K)] 13249K->5537K(29696K), 0.0003855 secs] [Times: user=0.00 sys=0.00, real=0.00 secs]
  任务队列: 39500 个任务待处理，堆使用 7.8 MB / 29.0 MB
  任务队列: 40000 个任务待处理，堆使用 12.8 MB / 29.0 MB
[GC (Allocation Failure) [PSYoungGen: 8604K->32K(9216K)] 13725K->5257K(29696K), 0.0004405 secs] [Times: user=0.00 sys=0.00, real=0.00 secs]
  任务队列: 40500 个任务待处理，堆使用 9.5 MB / 29.0 MB
[GC (Allocation Failure) [PSYoungGen: 8224K->32K(9216K)] 13449K->5361K(29696K), 0.0003799 secs] [Times: user=0.00 sys=0.00, real=0.00 secs]
  任务队列: 41000 个任务待处理，堆使用 6.4 MB / 29.0 MB
  任务队列: 41500 个任务待处理，堆使用 11.5 MB / 29.0 MB
[GC (Allocation Failure) [PSYoungGen: 8224K->32K(9216K)] 13553K->5465K(29696K), 0.0003571 secs] [Times: user=0.02 sys=0.19, real=0.00 secs]
  任务队列: 42000 个任务待处理，堆使用 8.5 MB / 29.0 MB
[GC (Allocation Failure) [PSYoungGen: 8224K->32K(9216K)] 13657K->5585K(29696K), 0.0005245 secs] [Times: user=0.00 sys=0.00, real=0.00 secs]
  任务队列: 42500 个任务待处理，堆使用 5.6 MB / 29.0 MB
  任务队列: 43000 个任务待处理，堆使用 10.5 MB / 29.0 MB
[GC (Allocation Failure) [PSYoungGen: 8224K->32K(9216K)] 13777K->5689K(29696K), 0.0003590 secs] [Times: user=0.00 sys=0.00, real=0.00 secs]
  任务队列: 43500 个任务待处理，堆使用 7.6 MB / 29.0 MB
  任务队列: 44000 个任务待处理，堆使用 12.4 MB / 29.0 MB
[GC (Allocation Failure) [PSYoungGen: 8222K->32K(9216K)] 13880K->5793K(29696K), 0.0003316 secs] [Times: user=0.00 sys=0.00, real=0.00 secs]
  任务队列: 44500 个任务待处理，堆使用 9.5 MB / 29.0 MB
[GC (Allocation Failure) [PSYoungGen: 8224K->32K(9216K)] 13985K->5897K(29696K), 0.0003352 secs] [Times: user=0.00 sys=0.00, real=0.00 secs]
  任务队列: 45000 个任务待处理，堆使用 6.6 MB / 29.0 MB
  任务队列: 45500 个任务待处理，堆使用 11.6 MB / 29.0 MB
[GC (Allocation Failure) [PSYoungGen: 8224K->32K(9216K)] 14089K->5985K(29696K), 0.0004420 secs] [Times: user=0.00 sys=0.00, real=0.00 secs]
  任务队列: 46000 个任务待处理，堆使用 8.5 MB / 29.0 MB
  任务队列: 46500 个任务待处理，堆使用 13.5 MB / 29.0 MB
[GC (Allocation Failure) [PSYoungGen: 8220K->352K(9216K)] 14174K->6401K(29696K), 0.0004296 secs] [Times: user=0.00 sys=0.00, real=0.00 secs]
  任务队列: 47000 个任务待处理，堆使用 10.8 MB / 29.0 MB
[GC (Allocation Failure) [PSYoungGen: 8544K->352K(9216K)] 14593K->6497K(29696K), 0.0003701 secs] [Times: user=0.00 sys=0.00, real=0.00 secs]
  任务队列: 47500 个任务待处理，堆使用 8.1 MB / 29.0 MB
  任务队列: 48000 个任务待处理，堆使用 13.2 MB / 29.0 MB
[GC (Allocation Failure) [PSYoungGen: 8536K->693K(9216K)] 14681K->6927K(29696K), 0.0004227 secs] [Times: user=0.00 sys=0.00, real=0.00 secs]
  任务队列: 48500 个任务待处理，堆使用 10.5 MB / 29.0 MB
[GC (Allocation Failure) [PSYoungGen: 8885K->448K(9216K)] 15119K->7087K(29696K), 0.0004908 secs] [Times: user=0.00 sys=0.00, real=0.00 secs]
  任务队列: 49000 个任务待处理，堆使用 7.6 MB / 29.0 MB
  任务队列: 49500 个任务待处理，堆使用 12.5 MB / 29.0 MB
[GC (Allocation Failure) [PSYoungGen: 8640K->416K(9216K)] 15279K->7151K(29696K), 0.0004427 secs] [Times: user=0.00 sys=0.00, real=0.00 secs]
  任务队列: 50000 个任务待处理，堆使用 9.5 MB / 29.0 MB
  任务队列: 50500 个任务待处理，堆使用 14.6 MB / 29.0 MB
[GC (Allocation Failure) [PSYoungGen: 8604K->480K(9216K)] 15340K->7327K(29696K), 0.0004878 secs] [Times: user=0.00 sys=0.00, real=0.00 secs]
  任务队列: 51000 个任务待处理，堆使用 11.7 MB / 29.0 MB
[GC (Allocation Failure) [PSYoungGen: 8672K->416K(9216K)] 15519K->7359K(29696K), 0.0004222 secs] [Times: user=0.00 sys=0.00, real=0.00 secs]
  任务队列: 51500 个任务待处理，堆使用 8.5 MB / 29.0 MB
  任务队列: 52000 个任务待处理，堆使用 13.5 MB / 29.0 MB
[GC (Allocation Failure) [PSYoungGen: 8599K->384K(9216K)] 15543K->7415K(29696K), 0.0004695 secs] [Times: user=0.00 sys=0.00, real=0.00 secs]
  任务队列: 52500 个任务待处理，堆使用 10.7 MB / 29.0 MB
[GC (Allocation Failure) [PSYoungGen: 8576K->320K(9216K)] 15607K->7447K(29696K), 0.0004218 secs] [Times: user=0.00 sys=0.00, real=0.00 secs]
  任务队列: 53000 个任务待处理，堆使用 7.6 MB / 29.0 MB
  任务队列: 53500 个任务待处理，堆使用 12.6 MB / 29.0 MB
[GC (Allocation Failure) [PSYoungGen: 8512K->416K(9216K)] 15639K->7639K(29696K), 0.0004347 secs] [Times: user=0.00 sys=0.00, real=0.00 secs]
  任务队列: 54000 个任务待处理，堆使用 9.6 MB / 29.0 MB
  任务队列: 54500 个任务待处理，堆使用 14.6 MB / 29.0 MB
[GC (Allocation Failure) [PSYoungGen: 8602K->448K(9216K)] 15826K->7759K(29696K), 0.0004247 secs] [Times: user=0.00 sys=0.00, real=0.00 secs]
  任务队列: 55000 个任务待处理，堆使用 11.6 MB / 29.0 MB
[GC (Allocation Failure) [PSYoungGen: 8640K->480K(9216K)] 15951K->7887K(29696K), 0.0004022 secs] [Times: user=0.00 sys=0.00, real=0.00 secs]
  任务队列: 55500 个任务待处理，堆使用 8.7 MB / 29.0 MB
  任务队列: 56000 个任务待处理，堆使用 13.7 MB / 29.0 MB
[GC (Allocation Failure) [PSYoungGen: 8672K->352K(9216K)] 16079K->7815K(29696K), 0.0004122 secs] [Times: user=0.00 sys=0.00, real=0.00 secs]
  任务队列: 56500 个任务待处理，堆使用 10.5 MB / 29.0 MB
  任务队列: 57000 个任务待处理，堆使用 15.6 MB / 29.0 MB
[GC (Allocation Failure) [PSYoungGen: 8538K->448K(9216K)] 16002K->8007K(29696K), 0.0004533 secs] [Times: user=0.00 sys=0.00, real=0.00 secs]
  任务队列: 57500 个任务待处理，堆使用 12.7 MB / 29.0 MB
[GC (Allocation Failure) [PSYoungGen: 8640K->256K(9216K)] 16199K->7855K(29696K), 0.0004498 secs] [Times: user=0.00 sys=0.01, real=0.00 secs]
  任务队列: 58000 个任务待处理，堆使用 9.5 MB / 29.0 MB
  任务队列: 58500 个任务待处理，堆使用 14.3 MB / 29.0 MB
[GC (Allocation Failure) [PSYoungGen: 8448K->32K(9216K)] 16047K->7695K(29696K), 0.0003415 secs] [Times: user=0.00 sys=0.00, real=0.00 secs]
  任务队列: 59000 个任务待处理，堆使用 11.2 MB / 29.0 MB
[GC (Allocation Failure) [PSYoungGen: 8224K->480K(9216K)] 15887K->8239K(29696K), 0.0004362 secs] [Times: user=0.00 sys=0.00, real=0.00 secs]
  任务队列: 59500 个任务待处理，堆使用 8.7 MB / 29.0 MB
  任务队列: 60000 个任务待处理，堆使用 13.6 MB / 29.0 MB
[GC (Allocation Failure) [PSYoungGen: 8672K->448K(9216K)] 16431K->8311K(29696K), 0.0005109 secs] [Times: user=0.00 sys=0.00, real=0.00 secs]
  任务队列: 60500 个任务待处理，堆使用 10.6 MB / 29.0 MB
  任务队列: 61000 个任务待处理，堆使用 15.5 MB / 29.0 MB
[GC (Allocation Failure) [PSYoungGen: 8630K->480K(9216K)] 16493K->8455K(29696K), 0.0004353 secs] [Times: user=0.00 sys=0.00, real=0.00 secs]
  任务队列: 61500 个任务待处理，堆使用 12.6 MB / 29.0 MB
[GC (Allocation Failure) [PSYoungGen: 8672K->480K(9216K)] 16647K->8559K(29696K), 0.0004593 secs] [Times: user=0.00 sys=0.00, real=0.00 secs]
  任务队列: 62000 个任务待处理，堆使用 9.7 MB / 29.0 MB
  任务队列: 62500 个任务待处理，堆使用 14.6 MB / 29.0 MB
[GC (Allocation Failure) [PSYoungGen: 8672K->416K(9216K)] 16751K->8607K(29696K), 0.0004230 secs] [Times: user=0.00 sys=0.00, real=0.00 secs]
  任务队列: 63000 个任务待处理，堆使用 11.8 MB / 29.0 MB
[GC (Allocation Failure) [PSYoungGen: 8608K->448K(9216K)] 16799K->8751K(29696K), 0.0004821 secs] [Times: user=0.00 sys=0.00, real=0.00 secs]
  任务队列: 63500 个任务待处理，堆使用 8.9 MB / 29.0 MB
  任务队列: 64000 个任务待处理，堆使用 13.9 MB / 29.0 MB
[GC (Allocation Failure) [PSYoungGen: 8640K->384K(9216K)] 16943K->8775K(29696K), 0.0005007 secs] [Times: user=0.00 sys=0.00, real=0.00 secs]
  任务队列: 64500 个任务待处理，堆使用 10.8 MB / 29.0 MB
  任务队列: 65000 个任务待处理，堆使用 15.7 MB / 29.0 MB
[GC (Allocation Failure) [PSYoungGen: 8576K->448K(9216K)] 16967K->8943K(29696K), 0.0004433 secs] [Times: user=0.00 sys=0.00, real=0.00 secs]
  任务队列: 65500 个任务待处理，堆使用 12.9 MB / 29.0 MB
[GC (Allocation Failure) [PSYoungGen: 8640K->416K(9216K)] 17135K->9015K(29696K), 0.0004419 secs] [Times: user=0.00 sys=0.00, real=0.00 secs]
  任务队列: 66000 个任务待处理，堆使用 9.8 MB / 29.0 MB
  任务队列: 66500 个任务待处理，堆使用 14.8 MB / 29.0 MB
[GC (Allocation Failure) [PSYoungGen: 8608K->416K(9216K)] 17207K->9111K(29696K), 0.0004320 secs] [Times: user=0.00 sys=0.00, real=0.00 secs]
  任务队列: 67000 个任务待处理，堆使用 11.8 MB / 29.0 MB
  任务队列: 67500 个任务待处理，堆使用 16.8 MB / 29.0 MB
[GC (Allocation Failure) [PSYoungGen: 8608K->480K(9216K)] 17303K->9287K(29696K), 0.0007294 secs] [Times: user=0.00 sys=0.00, real=0.00 secs]
  任务队列: 68000 个任务待处理，堆使用 14.0 MB / 29.0 MB
[GC (Allocation Failure) [PSYoungGen: 8672K->416K(9216K)] 17479K->9327K(29696K), 0.0005179 secs] [Times: user=0.00 sys=0.00, real=0.00 secs]
  任务队列: 68500 个任务待处理，堆使用 10.9 MB / 29.0 MB
  任务队列: 69000 个任务待处理，堆使用 15.9 MB / 29.0 MB
[GC (Allocation Failure) [PSYoungGen: 8602K->416K(9216K)] 17514K->9423K(29696K), 0.0005561 secs] [Times: user=0.00 sys=0.00, real=0.00 secs]
  任务队列: 69500 个任务待处理，堆使用 13.0 MB / 29.0 MB
[GC (Allocation Failure) [PSYoungGen: 8608K->480K(9216K)] 17615K->9583K(29696K), 0.0004338 secs] [Times: user=0.00 sys=0.00, real=0.00 secs]
  任务队列: 70000 个任务待处理，堆使用 10.0 MB / 29.0 MB
  任务队列: 70500 个任务待处理，堆使用 15.0 MB / 29.0 MB
[GC (Allocation Failure) [PSYoungGen: 8672K->384K(9216K)] 17775K->9575K(29696K), 0.0005793 secs] [Times: user=0.00 sys=0.00, real=0.00 secs]
  任务队列: 71000 个任务待处理，堆使用 12.0 MB / 29.0 MB
  任务队列: 71500 个任务待处理，堆使用 17.4 MB / 29.0 MB
[GC (Allocation Failure) [PSYoungGen: 8576K->800K(9216K)] 17767K->10040K(29696K), 0.0006224 secs] [Times: user=0.00 sys=0.00, real=0.00 secs]
  任务队列: 72000 个任务待处理，堆使用 14.8 MB / 29.0 MB
[GC (Allocation Failure) [PSYoungGen: 8992K->480K(9216K)] 18232K->10280K(29696K), 0.0008987 secs] [Times: user=0.00 sys=0.00, real=0.00 secs]
  任务队列: 72500 个任务待处理，堆使用 11.9 MB / 29.0 MB
  任务队列: 73000 个任务待处理，堆使用 17.0 MB / 29.0 MB
[GC (Allocation Failure) [PSYoungGen: 8669K->544K(9216K)] 18470K->10440K(29696K), 0.0004536 secs] [Times: user=0.00 sys=0.00, real=0.00 secs]
  任务队列: 73500 个任务待处理，堆使用 14.2 MB / 29.0 MB
[GC (Allocation Failure) [PSYoungGen: 8736K->480K(9216K)] 18632K->10496K(29696K), 0.0005706 secs] [Times: user=0.00 sys=0.00, real=0.00 secs]
  任务队列: 74000 个任务待处理，堆使用 11.1 MB / 29.0 MB
  任务队列: 74500 个任务待处理，堆使用 16.0 MB / 29.0 MB
[GC (Allocation Failure) [PSYoungGen: 8672K->384K(9216K)] 18688K->10488K(29696K), 0.0004555 secs] [Times: user=0.00 sys=0.00, real=0.00 secs]
  任务队列: 75000 个任务待处理，堆使用 13.0 MB / 29.0 MB
  任务队列: 75500 个任务待处理，堆使用 17.9 MB / 29.0 MB
[GC (Allocation Failure) [PSYoungGen: 8571K->544K(9216K)] 18675K->10768K(29696K), 0.0004577 secs] [Times: user=0.00 sys=0.00, real=0.00 secs]
  任务队列: 76000 个任务待处理，堆使用 15.1 MB / 29.0 MB
[GC (Allocation Failure) [PSYoungGen: 8736K->576K(9216K)] 18960K->10928K(29696K), 0.0004744 secs] [Times: user=0.00 sys=0.00, real=0.00 secs]
  任务队列: 76500 个任务待处理，堆使用 12.3 MB / 29.0 MB
  任务队列: 77000 个任务待处理，堆使用 17.3 MB / 29.0 MB
[GC (Allocation Failure) [PSYoungGen: 8768K->544K(9216K)] 19120K->11000K(29696K), 0.0004127 secs] [Times: user=0.00 sys=0.00, real=0.00 secs]
  任务队列: 77500 个任务待处理，堆使用 14.3 MB / 29.0 MB
[GC (Allocation Failure) [PSYoungGen: 8736K->512K(9216K)] 19192K->11088K(29696K), 0.0004413 secs] [Times: user=0.00 sys=0.00, real=0.00 secs]
  任务队列: 78000 个任务待处理，堆使用 11.2 MB / 29.0 MB
  任务队列: 78500 个任务待处理，堆使用 16.4 MB / 29.0 MB
[GC (Allocation Failure) [PSYoungGen: 8704K->480K(9216K)] 19280K->11192K(29696K), 0.0004739 secs] [Times: user=0.00 sys=0.00, real=0.00 secs]
  任务队列: 79000 个任务待处理，堆使用 13.4 MB / 29.0 MB
  任务队列: 79500 个任务待处理，堆使用 18.4 MB / 29.0 MB
[GC (Allocation Failure) [PSYoungGen: 8672K->480K(9216K)] 19384K->11240K(29696K), 0.0004515 secs] [Times: user=0.00 sys=0.00, real=0.00 secs]
  任务队列: 80000 个任务待处理，堆使用 15.4 MB / 29.0 MB
[GC (Allocation Failure) [PSYoungGen: 8672K->480K(9216K)] 19432K->11344K(29696K), 0.0004708 secs] [Times: user=0.00 sys=0.00, real=0.00 secs]
  任务队列: 80500 个任务待处理，堆使用 12.4 MB / 29.0 MB
  任务队列: 81000 个任务待处理，堆使用 17.5 MB / 29.0 MB
[GC (Allocation Failure) [PSYoungGen: 8672K->448K(9216K)] 19536K->11384K(29696K), 0.0004275 secs] [Times: user=0.00 sys=0.00, real=0.00 secs]
  任务队列: 81500 个任务待处理，堆使用 14.5 MB / 29.0 MB
[GC (Allocation Failure) [PSYoungGen: 8640K->512K(9216K)] 19576K->11568K(29696K), 0.0004988 secs] [Times: user=0.00 sys=0.00, real=0.00 secs]
  任务队列: 82000 个任务待处理，堆使用 11.6 MB / 29.0 MB
  任务队列: 82500 个任务待处理，堆使用 16.5 MB / 29.0 MB
[GC (Allocation Failure) [PSYoungGen: 8704K->544K(9216K)] 19760K->11728K(29696K), 0.0004944 secs] [Times: user=0.00 sys=0.00, real=0.00 secs]
  任务队列: 83000 个任务待处理，堆使用 13.8 MB / 29.0 MB
  任务队列: 83500 个任务待处理，堆使用 18.7 MB / 29.0 MB
[GC (Allocation Failure) [PSYoungGen: 8736K->416K(9216K)] 19920K->11712K(29696K), 0.0004231 secs] [Times: user=0.00 sys=0.00, real=0.00 secs]
  任务队列: 84000 个任务待处理，堆使用 15.7 MB / 29.0 MB
[GC (Allocation Failure) [PSYoungGen: 8603K->576K(9216K)] 19899K->12008K(29696K), 0.0004315 secs] [Times: user=0.00 sys=0.00, real=0.00 secs]
  任务队列: 84500 个任务待处理，堆使用 13.0 MB / 29.0 MB
  任务队列: 85000 个任务待处理，堆使用 17.9 MB / 29.0 MB
[GC (Allocation Failure) [PSYoungGen: 8768K->544K(9216K)] 20200K->12112K(29696K), 0.0004798 secs] [Times: user=0.00 sys=0.00, real=0.00 secs]
  任务队列: 85500 个任务待处理，堆使用 15.0 MB / 29.0 MB
[GC (Allocation Failure) [PSYoungGen: 8736K->416K(9216K)] 20304K->12096K(29696K), 0.0004418 secs] [Times: user=0.00 sys=0.00, real=0.00 secs]
  任务队列: 86000 个任务待处理，堆使用 12.0 MB / 29.0 MB
  任务队列: 86500 个任务待处理，堆使用 16.8 MB / 29.0 MB
[GC (Allocation Failure) [PSYoungGen: 8608K->512K(9216K)] 20288K->12328K(29696K), 0.0004364 secs] [Times: user=0.00 sys=0.00, real=0.00 secs]
  任务队列: 87000 个任务待处理，堆使用 14.2 MB / 29.0 MB
  任务队列: 87500 个任务待处理，堆使用 19.1 MB / 29.0 MB
[GC (Allocation Failure) [PSYoungGen: 8704K->512K(9216K)] 20520K->12456K(29696K), 0.0004865 secs] [Times: user=0.00 sys=0.00, real=0.00 secs]
  任务队列: 88000 个任务待处理，堆使用 16.2 MB / 29.0 MB
[GC (Allocation Failure) [PSYoungGen: 8704K->544K(9216K)] 20648K->12624K(29696K), 0.0004658 secs] [Times: user=0.00 sys=0.00, real=0.00 secs]
  任务队列: 88500 个任务待处理，堆使用 13.3 MB / 29.0 MB
  任务队列: 89000 个任务待处理，堆使用 18.4 MB / 29.0 MB
[GC (Allocation Failure) [PSYoungGen: 8736K->512K(9216K)] 20816K->12720K(29696K), 0.0004243 secs] [Times: user=0.00 sys=0.00, real=0.00 secs]
  任务队列: 89500 个任务待处理，堆使用 15.4 MB / 29.0 MB
  任务队列: 90000 个任务待处理，堆使用 20.3 MB / 29.0 MB
[GC (Allocation Failure) [PSYoungGen: 8697K->544K(9216K)] 20905K->12880K(29696K), 0.0005040 secs] [Times: user=0.00 sys=0.00, real=0.00 secs]
  任务队列: 90500 个任务待处理，堆使用 17.5 MB / 29.0 MB
[GC (Allocation Failure) [PSYoungGen: 8736K->544K(9216K)] 21072K->13024K(29696K), 0.0005088 secs] [Times: user=0.00 sys=0.00, real=0.00 secs]
  任务队列: 91000 个任务待处理，堆使用 14.6 MB / 29.0 MB
  任务队列: 91500 个任务待处理，堆使用 19.4 MB / 29.0 MB
[GC (Allocation Failure) [PSYoungGen: 8736K->512K(9216K)] 21216K->13104K(29696K), 0.0004570 secs] [Times: user=0.00 sys=0.00, real=0.00 secs]
  任务队列: 92000 个任务待处理，堆使用 16.6 MB / 29.0 MB
[GC (Allocation Failure) [PSYoungGen: 8704K->480K(9216K)] 21296K->13200K(29696K), 0.0004489 secs] [Times: user=0.00 sys=0.00, real=0.00 secs]
  任务队列: 92500 个任务待处理，堆使用 13.6 MB / 29.0 MB
  任务队列: 93000 个任务待处理，堆使用 18.5 MB / 29.0 MB
[GC (Allocation Failure) [PSYoungGen: 8672K->512K(9216K)] 21392K->13352K(29696K), 0.0005014 secs] [Times: user=0.00 sys=0.00, real=0.00 secs]
  任务队列: 93500 个任务待处理，堆使用 15.8 MB / 29.0 MB
  任务队列: 94000 个任务待处理，堆使用 20.7 MB / 29.0 MB
[GC (Allocation Failure) [PSYoungGen: 8700K->576K(9216K)] 21540K->13552K(29696K), 0.0004300 secs] [Times: user=0.00 sys=0.00, real=0.00 secs]
  任务队列: 94500 个任务待处理，堆使用 17.8 MB / 29.0 MB
[GC (Allocation Failure) [PSYoungGen: 8768K->352K(9216K)] 21744K->13384K(29696K), 0.0004826 secs] [Times: user=0.00 sys=0.00, real=0.00 secs]
  任务队列: 95000 个任务待处理，堆使用 14.7 MB / 29.0 MB
  任务队列: 95500 个任务待处理，堆使用 19.6 MB / 29.0 MB
[GC (Allocation Failure) [PSYoungGen: 8544K->320K(9216K)] 21576K->13448K(29696K), 0.0004267 secs] [Times: user=0.00 sys=0.00, real=0.00 secs]
  任务队列: 96000 个任务待处理，堆使用 16.7 MB / 29.0 MB
[GC (Allocation Failure) [PSYoungGen: 8512K->480K(9216K)] 21640K->13712K(29696K), 0.0004853 secs] [Times: user=0.00 sys=0.00, real=0.00 secs]
  任务队列: 96500 个任务待处理，堆使用 14.0 MB / 29.0 MB
  任务队列: 97000 个任务待处理，堆使用 18.9 MB / 29.0 MB
[GC (Allocation Failure) [PSYoungGen: 8672K->512K(9216K)] 21904K->13872K(29696K), 0.0005416 secs] [Times: user=0.00 sys=0.00, real=0.00 secs]
  任务队列: 97500 个任务待处理，堆使用 15.9 MB / 29.0 MB
  任务队列: 98000 个任务待处理，堆使用 21.0 MB / 29.0 MB
[GC (Allocation Failure) [PSYoungGen: 8704K->512K(9216K)] 22064K->14000K(29696K), 0.0004899 secs] [Times: user=0.00 sys=0.00, real=0.00 secs]
  任务队列: 98500 个任务待处理，堆使用 18.2 MB / 29.0 MB
[GC (Allocation Failure) [PSYoungGen: 8704K->480K(9216K)] 22192K->14096K(29696K), 0.0004674 secs] [Times: user=0.00 sys=0.00, real=0.00 secs]
  任务队列: 99000 个任务待处理，堆使用 15.1 MB / 29.0 MB
  任务队列: 99500 个任务待处理，堆使用 20.2 MB / 29.0 MB
[GC (Allocation Failure) [PSYoungGen: 8672K->544K(9216K)] 22288K->14288K(29696K), 0.0004599 secs] [Times: user=0.00 sys=0.00, real=0.00 secs]
  任务队列: 100000 个任务待处理，堆使用 17.3 MB / 29.0 MB
[GC (Allocation Failure) [PSYoungGen: 8736K->576K(9216K)] 22480K->14464K(29696K), 0.0004936 secs] [Times: user=0.00 sys=0.00, real=0.00 secs]
  任务队列: 100500 个任务待处理，堆使用 14.5 MB / 29.0 MB
  任务队列: 101000 个任务待处理，堆使用 19.4 MB / 29.0 MB
[GC (Allocation Failure) [PSYoungGen: 8768K->544K(9216K)] 22656K->14560K(29696K), 0.0005076 secs] [Times: user=0.25 sys=0.01, real=0.00 secs]
  任务队列: 101500 个任务待处理，堆使用 16.4 MB / 29.0 MB
  任务队列: 102000 个任务待处理，堆使用 21.5 MB / 29.0 MB
[GC (Allocation Failure) [PSYoungGen: 8733K->512K(9216K)] 22749K->14656K(29696K), 0.0004039 secs] [Times: user=0.00 sys=0.00, real=0.00 secs]
  任务队列: 102500 个任务待处理，堆使用 18.6 MB / 29.0 MB
[GC (Allocation Failure) [PSYoungGen: 8704K->576K(9216K)] 22848K->14864K(29696K), 0.0005039 secs] [Times: user=0.00 sys=0.00, real=0.00 secs]
  任务队列: 103000 个任务待处理，堆使用 15.6 MB / 29.0 MB
  任务队列: 103500 个任务待处理，堆使用 20.7 MB / 29.0 MB
[GC (Allocation Failure) [PSYoungGen: 8768K->544K(9216K)] 23056K->14960K(29696K), 0.0004745 secs] [Times: user=0.00 sys=0.00, real=0.00 secs]
  任务队列: 104000 个任务待处理，堆使用 17.7 MB / 29.0 MB
[GC (Allocation Failure) [PSYoungGen: 8727K->576K(9216K)] 23143K->15104K(29696K), 0.0005383 secs] [Times: user=0.00 sys=0.00, real=0.00 secs]
  任务队列: 104500 个任务待处理，堆使用 14.9 MB / 29.0 MB
  任务队列: 105000 个任务待处理，堆使用 19.7 MB / 29.0 MB
[GC (Allocation Failure) [PSYoungGen: 8768K->544K(9216K)] 23296K->15208K(29696K), 0.0005485 secs] [Times: user=0.00 sys=0.00, real=0.00 secs]
  任务队列: 105500 个任务待处理，堆使用 16.9 MB / 29.0 MB
  任务队列: 106000 个任务待处理，堆使用 21.9 MB / 29.0 MB
[GC (Allocation Failure) [PSYoungGen: 8736K->416K(9216K)] 23400K->15208K(29696K), 0.0004790 secs] [Times: user=0.00 sys=0.00, real=0.00 secs]
  任务队列: 106500 个任务待处理，堆使用 18.9 MB / 29.0 MB
[GC (Allocation Failure) [PSYoungGen: 8608K->1009K(9216K)] 23400K->15937K(29696K), 0.0008556 secs] [Times: user=0.00 sys=0.00, real=0.00 secs]
  任务队列: 107000 个任务待处理，堆使用 17.2 MB / 29.0 MB
  任务队列: 107500 个任务待处理，堆使用 22.1 MB / 29.0 MB
[GC (Allocation Failure) [PSYoungGen: 9198K->544K(9216K)] 24127K->16225K(29696K), 0.0009308 secs] [Times: user=0.00 sys=0.00, real=0.00 secs]
  任务队列: 108000 个任务待处理，堆使用 19.4 MB / 29.0 MB
[GC (Allocation Failure) [PSYoungGen: 8736K->576K(9216K)] 24417K->16393K(29696K), 0.0004976 secs] [Times: user=0.00 sys=0.00, real=0.00 secs]
  任务队列: 108500 个任务待处理，堆使用 16.5 MB / 29.0 MB
  任务队列: 109000 个任务待处理，堆使用 21.6 MB / 29.0 MB
[GC (Allocation Failure) [PSYoungGen: 8768K->480K(9216K)] 24585K->16409K(29696K), 0.0005109 secs] [Times: user=0.00 sys=0.00, real=0.00 secs]
  任务队列: 109500 个任务待处理，堆使用 18.5 MB / 29.0 MB
  任务队列: 110000 个任务待处理，堆使用 23.4 MB / 29.0 MB
[GC (Allocation Failure) [PSYoungGen: 8672K->512K(9216K)] 24601K->16569K(29696K), 0.0004595 secs] [Times: user=0.00 sys=0.00, real=0.00 secs]
  任务队列: 110500 个任务待处理，堆使用 20.6 MB / 29.0 MB
[GC (Allocation Failure) [PSYoungGen: 8704K->512K(9216K)] 24761K->16705K(29696K), 0.0004689 secs] [Times: user=0.00 sys=0.00, real=0.00 secs]
  任务队列: 111000 个任务待处理，堆使用 17.7 MB / 29.0 MB
  任务队列: 111500 个任务待处理，堆使用 22.7 MB / 29.0 MB
[GC (Allocation Failure) [PSYoungGen: 8704K->512K(9216K)] 24897K->16833K(29696K), 0.0005650 secs] [Times: user=0.00 sys=0.00, real=0.00 secs]
  任务队列: 112000 个任务待处理，堆使用 19.8 MB / 29.0 MB
[GC (Allocation Failure) [PSYoungGen: 8704K->608K(9216K)] 25025K->17073K(29696K), 0.0005291 secs] [Times: user=0.00 sys=0.00, real=0.00 secs]
  任务队列: 112500 个任务待处理，堆使用 17.0 MB / 29.0 MB
  任务队列: 113000 个任务待处理，堆使用 21.9 MB / 29.0 MB
[GC (Allocation Failure) [PSYoungGen: 8800K->512K(9216K)] 25265K->17105K(29696K), 0.0005070 secs] [Times: user=0.00 sys=0.00, real=0.00 secs]
  任务队列: 113500 个任务待处理，堆使用 19.0 MB / 29.0 MB
  任务队列: 114000 个任务待处理，堆使用 23.9 MB / 29.0 MB
[GC (Allocation Failure) [PSYoungGen: 8704K->576K(9216K)] 25297K->17305K(29696K), 0.0005784 secs] [Times: user=0.00 sys=0.00, real=0.00 secs]
  任务队列: 114500 个任务待处理，堆使用 21.2 MB / 29.0 MB
[GC (Allocation Failure) [PSYoungGen: 8768K->608K(9216K)] 25497K->17481K(29696K), 0.0004582 secs] [Times: user=0.00 sys=0.00, real=0.00 secs]
  任务队列: 115000 个任务待处理，堆使用 18.3 MB / 29.0 MB
  任务队列: 115500 个任务待处理，堆使用 23.4 MB / 29.0 MB
[GC (Allocation Failure) [PSYoungGen: 8800K->576K(9216K)] 25673K->17585K(29696K), 0.0005843 secs] [Times: user=0.00 sys=0.00, real=0.00 secs]
  任务队列: 116000 个任务待处理，堆使用 20.4 MB / 29.0 MB
[GC (Allocation Failure) [PSYoungGen: 8768K->512K(9216K)] 25777K->17641K(29696K), 0.0005234 secs] [Times: user=0.00 sys=0.00, real=0.00 secs]
  任务队列: 116500 个任务待处理，堆使用 17.4 MB / 29.0 MB
  任务队列: 117000 个任务待处理，堆使用 22.4 MB / 29.0 MB
[GC (Allocation Failure) [PSYoungGen: 8704K->544K(9216K)] 25833K->17801K(29696K), 0.0007786 secs] [Times: user=0.00 sys=0.00, real=0.00 secs]
  任务队列: 117500 个任务待处理，堆使用 19.5 MB / 29.0 MB
  任务队列: 118000 个任务待处理，堆使用 24.6 MB / 29.0 MB
[GC (Allocation Failure) [PSYoungGen: 8736K->480K(9216K)] 25993K->17849K(29696K), 0.0006033 secs] [Times: user=0.00 sys=0.00, real=0.00 secs]
  任务队列: 118500 个任务待处理，堆使用 21.5 MB / 29.0 MB
[GC (Allocation Failure) [PSYoungGen: 8672K->512K(9216K)] 26041K->18009K(29696K), 0.0004174 secs] [Times: user=0.00 sys=0.00, real=0.00 secs]
  任务队列: 119000 个任务待处理，堆使用 18.7 MB / 29.0 MB
  任务队列: 119500 个任务待处理，堆使用 23.6 MB / 29.0 MB
[GC (Allocation Failure) [PSYoungGen: 8704K->480K(9216K)] 26201K->18097K(29696K), 0.0005581 secs] [Times: user=0.00 sys=0.00, real=0.00 secs]
  任务队列: 120000 个任务待处理，堆使用 20.6 MB / 29.0 MB
  任务队列: 120500 个任务待处理，堆使用 25.7 MB / 29.0 MB
[GC (Allocation Failure) [PSYoungGen: 8672K->576K(9216K)] 26289K->18321K(29696K), 0.0005340 secs] [Times: user=0.00 sys=0.00, real=0.00 secs]
  任务队列: 121000 个任务待处理，堆使用 22.8 MB / 29.0 MB
[GC (Allocation Failure) [PSYoungGen: 8768K->512K(9216K)] 26513K->18369K(29696K), 0.0006086 secs] [Times: user=0.00 sys=0.00, real=0.00 secs]
  任务队列: 121500 个任务待处理，堆使用 19.9 MB / 29.0 MB
  任务队列: 122000 个任务待处理，堆使用 24.9 MB / 29.0 MB
[GC (Allocation Failure) [PSYoungGen: 8704K->512K(9216K)] 26561K->18481K(29696K), 0.0004610 secs] [Times: user=0.00 sys=0.00, real=0.00 secs]
  任务队列: 122500 个任务待处理，堆使用 21.9 MB / 29.0 MB
[GC (Allocation Failure) [PSYoungGen: 8700K->576K(9216K)] 26670K->18673K(29696K), 0.0006149 secs] [Times: user=0.00 sys=0.00, real=0.00 secs]
  任务队列: 123000 个任务待处理，堆使用 19.1 MB / 29.0 MB
  任务队列: 123500 个任务待处理，堆使用 24.2 MB / 29.0 MB
[GC (Allocation Failure) [PSYoungGen: 8768K->544K(9216K)] 26865K->18769K(29696K), 0.0004928 secs] [Times: user=0.00 sys=0.00, real=0.00 secs]
  任务队列: 124000 个任务待处理，堆使用 21.2 MB / 29.0 MB
  任务队列: 124500 个任务待处理，堆使用 26.1 MB / 29.0 MB
[GC (Allocation Failure) [PSYoungGen: 8733K->512K(9216K)] 26959K->18865K(29696K), 0.0005523 secs] [Times: user=0.00 sys=0.00, real=0.00 secs]
  任务队列: 125000 个任务待处理，堆使用 23.2 MB / 29.0 MB
[GC (Allocation Failure) [PSYoungGen: 8704K->448K(9216K)] 27057K->18913K(29696K), 0.0004736 secs] [Times: user=0.00 sys=0.00, real=0.00 secs]
  任务队列: 125500 个任务待处理，堆使用 20.2 MB / 29.0 MB
  任务队列: 126000 个任务待处理，堆使用 25.1 MB / 29.0 MB
[GC (Allocation Failure) [PSYoungGen: 8640K->480K(9216K)] 27105K->19057K(29696K), 0.0004648 secs] [Times: user=0.00 sys=0.00, real=0.00 secs]
  任务队列: 126500 个任务待处理，堆使用 22.3 MB / 29.0 MB
[GC (Allocation Failure) [PSYoungGen: 8663K->480K(9216K)] 27240K->19177K(29696K), 0.0006580 secs] [Times: user=0.02 sys=0.02, real=0.00 secs]
  任务队列: 127000 个任务待处理，堆使用 19.3 MB / 29.0 MB
  任务队列: 127500 个任务待处理，堆使用 24.4 MB / 29.0 MB
[GC (Allocation Failure) [PSYoungGen: 8672K->544K(9216K)] 27369K->19369K(29696K), 0.0006163 secs] [Times: user=0.00 sys=0.00, real=0.00 secs]
  任务队列: 128000 个任务待处理，堆使用 21.5 MB / 29.0 MB
  任务队列: 128500 个任务待处理，堆使用 26.6 MB / 29.0 MB
[GC (Allocation Failure) [PSYoungGen: 8728K->544K(9216K)] 27554K->19497K(29696K), 0.0006869 secs] [Times: user=0.00 sys=0.00, real=0.00 secs]
  任务队列: 129000 个任务待处理，堆使用 23.6 MB / 29.0 MB
[GC (Allocation Failure) [PSYoungGen: 8736K->576K(9216K)] 27689K->19665K(29696K), 0.0006780 secs] [Times: user=0.00 sys=0.00, real=0.00 secs]
  任务队列: 129500 个任务待处理，堆使用 20.8 MB / 29.0 MB
  任务队列: 130000 个任务待处理，堆使用 25.7 MB / 29.0 MB
[GC (Allocation Failure) [PSYoungGen: 8768K->608K(9216K)] 27857K->19825K(29696K), 0.0006173 secs] [Times: user=0.00 sys=0.00, real=0.00 secs]
  任务队列: 130500 个任务待处理，堆使用 22.9 MB / 29.0 MB
[GC (Allocation Failure) [PSYoungGen: 8800K->416K(9216K)] 28017K->19745K(29696K), 0.0006921 secs] [Times: user=0.00 sys=0.00, real=0.00 secs]
  任务队列: 131000 个任务待处理，堆使用 19.8 MB / 29.0 MB
  任务队列: 131500 个任务待处理，堆使用 24.6 MB / 29.0 MB
[GC (Allocation Failure) [PSYoungGen: 8605K->608K(9216K)] 27935K->20065K(29696K), 0.0007047 secs] [Times: user=0.00 sys=0.00, real=0.00 secs]
  任务队列: 132000 个任务待处理，堆使用 22.0 MB / 29.0 MB
  任务队列: 132500 个任务待处理，堆使用 26.9 MB / 29.0 MB
[GC (Allocation Failure) [PSYoungGen: 8800K->608K(9216K)] 28257K->20217K(29696K), 0.0004992 secs] [Times: user=0.00 sys=0.00, real=0.00 secs]
  任务队列: 133000 个任务待处理，堆使用 24.0 MB / 29.0 MB
[GC (Allocation Failure) [PSYoungGen: 8800K->640K(9216K)] 28409K->20385K(29696K), 0.0005155 secs] [Times: user=0.00 sys=0.00, real=0.00 secs]
  任务队列: 133500 个任务待处理，堆使用 21.2 MB / 29.0 MB
  任务队列: 134000 个任务待处理，堆使用 26.1 MB / 29.0 MB
[GC (Allocation Failure) [PSYoungGen: 8832K->640K(9216K)] 28577K->20537K(29696K), 0.0005642 secs] [Times: user=0.00 sys=0.00, real=0.00 secs]
  任务队列: 134500 个任务待处理，堆使用 23.2 MB / 29.0 MB
[GC (Allocation Failure) [PSYoungGen: 8832K->640K(9216K)] 28729K->20681K(29696K), 0.0007064 secs] [Times: user=0.00 sys=0.00, real=0.00 secs]
  任务队列: 135000 个任务待处理，堆使用 20.4 MB / 29.0 MB
  任务队列: 135500 个任务待处理，堆使用 25.3 MB / 29.0 MB
[GC (Allocation Failure) [PSYoungGen: 8832K->640K(9216K)] 28873K->20833K(29696K), 0.0005493 secs] [Times: user=0.00 sys=0.00, real=0.00 secs]
  任务队列: 136000 个任务待处理，堆使用 22.4 MB / 29.0 MB
  任务队列: 136500 个任务待处理，堆使用 27.3 MB / 29.0 MB
[GC (Allocation Failure) [PSYoungGen: 8824K->640K(9216K)] 29018K->20969K(29696K), 0.0005258 secs] [Times: user=0.00 sys=0.31, real=0.00 secs]
[Full GC (Ergonomics) [PSYoungGen: 640K->0K(9216K)] [ParOldGen: 20329K->3926K(20480K)] 20969K->3926K(29696K), [Metaspace: 5207K->5207K(1056768K)], 0.0566430 secs] [Times: user=0.50 sys=0.25, real=0.06 secs]
  任务队列: 137000 个任务待处理，堆使用 7.9 MB / 29.0 MB
[GC (Allocation Failure) [PSYoungGen: 8192K->320K(9216K)] 12118K->4246K(29696K), 0.0006715 secs] [Times: user=0.00 sys=0.00, real=0.00 secs]
  任务队列: 137500 个任务待处理，堆使用 5.1 MB / 29.0 MB
  任务队列: 138000 个任务待处理，堆使用 10.2 MB / 29.0 MB
[GC (Allocation Failure) [PSYoungGen: 8512K->256K(9216K)] 12438K->4238K(29696K), 0.0005450 secs] [Times: user=0.00 sys=0.00, real=0.00 secs]
  任务队列: 138500 个任务待处理，堆使用 7.0 MB / 29.0 MB
  任务队列: 139000 个任务待处理，堆使用 12.0 MB / 29.0 MB
[GC (Allocation Failure) [PSYoungGen: 8441K->608K(9216K)] 12424K->4734K(29696K), 0.0004449 secs] [Times: user=0.00 sys=0.00, real=0.00 secs]
  任务队列: 139500 个任务待处理，堆使用 9.3 MB / 29.0 MB
[GC (Allocation Failure) [PSYoungGen: 8800K->512K(9216K)] 12926K->4774K(29696K), 0.0004167 secs] [Times: user=0.00 sys=0.00, real=0.00 secs]
  任务队列: 140000 个任务待处理，堆使用 6.3 MB / 29.0 MB
  任务队列: 140500 个任务待处理，堆使用 11.2 MB / 29.0 MB
[GC (Allocation Failure) [PSYoungGen: 8704K->640K(9216K)] 12966K->5054K(29696K), 0.0004409 secs] [Times: user=0.00 sys=0.00, real=0.00 secs]
  任务队列: 141000 个任务待处理，堆使用 8.5 MB / 29.0 MB
[GC (Allocation Failure) [PSYoungGen: 8832K->544K(9216K)] 13246K->5102K(29696K), 0.0004567 secs] [Times: user=0.00 sys=0.00, real=0.00 secs]
  任务队列: 141500 个任务待处理，堆使用 5.5 MB / 29.0 MB
  任务队列: 142000 个任务待处理，堆使用 10.5 MB / 29.0 MB
[GC (Allocation Failure) [PSYoungGen: 8736K->544K(9216K)] 13294K->5254K(29696K), 0.0005120 secs] [Times: user=0.00 sys=0.00, real=0.00 secs]
  任务队列: 142500 个任务待处理，堆使用 7.5 MB / 29.0 MB
  任务队列: 143000 个任务待处理，堆使用 12.5 MB / 29.0 MB
[GC (Allocation Failure) [PSYoungGen: 8731K->640K(9216K)] 13441K->5502K(29696K), 0.0005317 secs] [Times: user=0.00 sys=0.00, real=0.00 secs]
  任务队列: 143500 个任务待处理，堆使用 9.6 MB / 29.0 MB
[GC (Allocation Failure) [PSYoungGen: 8832K->544K(9216K)] 13694K->5558K(29696K), 0.0005628 secs] [Times: user=0.00 sys=0.00, real=0.00 secs]
  任务队列: 144000 个任务待处理，堆使用 6.6 MB / 29.0 MB
  任务队列: 144500 个任务待处理，堆使用 11.5 MB / 29.0 MB
[GC (Allocation Failure) [PSYoungGen: 8730K->640K(9216K)] 13745K->5806K(29696K), 0.0004736 secs] [Times: user=0.00 sys=0.00, real=0.00 secs]
  任务队列: 145000 个任务待处理，堆使用 8.7 MB / 29.0 MB
  任务队列: 145500 个任务待处理，堆使用 13.7 MB / 29.0 MB
[GC (Allocation Failure) [PSYoungGen: 8832K->448K(9216K)] 13998K->5758K(29696K), 0.0004529 secs] [Times: user=0.00 sys=0.00, real=0.00 secs]
  任务队列: 146000 个任务待处理，堆使用 10.7 MB / 29.0 MB
[GC (Allocation Failure) [PSYoungGen: 8640K->640K(9216K)] 13950K->6102K(29696K), 0.0006055 secs] [Times: user=0.00 sys=0.00, real=0.00 secs]
  任务队列: 146500 个任务待处理，堆使用 8.0 MB / 29.0 MB
  任务队列: 147000 个任务待处理，堆使用 12.8 MB / 29.0 MB
[GC (Allocation Failure) [PSYoungGen: 8829K->416K(9216K)] 14292K->6030K(29696K), 0.0004749 secs] [Times: user=0.00 sys=0.00, real=0.00 secs]
  任务队列: 147500 个任务待处理，堆使用 9.7 MB / 29.0 MB
[GC (Allocation Failure) [PSYoungGen: 8606K->640K(9216K)] 14221K->6406K(29696K), 0.0005847 secs] [Times: user=0.00 sys=0.00, real=0.00 secs]
  任务队列: 148000 个任务待处理，堆使用 6.9 MB / 29.0 MB
  任务队列: 148500 个任务待处理，堆使用 11.9 MB / 29.0 MB
[GC (Allocation Failure) [PSYoungGen: 8832K->576K(9216K)] 14598K->6494K(29696K), 0.0004598 secs] [Times: user=0.00 sys=0.00, real=0.00 secs]
  任务队列: 149000 个任务待处理，堆使用 9.0 MB / 29.0 MB
  任务队列: 149500 个任务待处理，堆使用 13.9 MB / 29.0 MB
[GC (Allocation Failure) [PSYoungGen: 8758K->576K(9216K)] 14677K->6646K(29696K), 0.0004750 secs] [Times: user=0.00 sys=0.00, real=0.00 secs]
  任务队列: 150000 个任务待处理，堆使用 11.0 MB / 29.0 MB
[GC (Allocation Failure) [PSYoungGen: 8768K->576K(9216K)] 14838K->6798K(29696K), 0.0005861 secs] [Times: user=0.00 sys=0.00, real=0.00 secs]
  任务队列: 150500 个任务待处理，堆使用 8.2 MB / 29.0 MB
  任务队列: 151000 个任务待处理，堆使用 13.1 MB / 29.0 MB
[GC (Allocation Failure) [PSYoungGen: 8768K->640K(9216K)] 14990K->7014K(29696K), 0.0005015 secs] [Times: user=0.00 sys=0.00, real=0.00 secs]
  任务队列: 151500 个任务待处理，堆使用 10.2 MB / 29.0 MB
[GC (Allocation Failure) [PSYoungGen: 8832K->544K(9216K)] 15206K->7054K(29696K), 0.0005407 secs] [Times: user=0.00 sys=0.00, real=0.00 secs]
  任务队列: 152000 个任务待处理，堆使用 7.2 MB / 29.0 MB
  任务队列: 152500 个任务待处理，堆使用 12.1 MB / 29.0 MB
[GC (Allocation Failure) [PSYoungGen: 8736K->640K(9216K)] 15246K->7302K(29696K), 0.0008114 secs] [Times: user=0.00 sys=0.00, real=0.00 secs]
  任务队列: 153000 个任务待处理，堆使用 9.3 MB / 29.0 MB
  任务队列: 153500 个任务待处理，堆使用 14.2 MB / 29.0 MB
[GC (Allocation Failure) [PSYoungGen: 8827K->640K(9216K)] 15490K->7454K(29696K), 0.0005458 secs] [Times: user=0.00 sys=0.00, real=0.00 secs]
  任务队列: 154000 个任务待处理，堆使用 11.3 MB / 29.0 MB
[GC (Allocation Failure) [PSYoungGen: 8832K->640K(9216K)] 15646K->7606K(29696K), 0.0005488 secs] [Times: user=0.00 sys=0.00, real=0.00 secs]
  任务队列: 154500 个任务待处理，堆使用 8.4 MB / 29.0 MB
  任务队列: 155000 个任务待处理，堆使用 13.4 MB / 29.0 MB
[GC (Allocation Failure) [PSYoungGen: 8832K->640K(9216K)] 15798K->7758K(29696K), 0.0005658 secs] [Times: user=0.00 sys=0.00, real=0.00 secs]
  任务队列: 155500 个任务待处理，堆使用 10.4 MB / 29.0 MB
  任务队列: 156000 个任务待处理，堆使用 15.5 MB / 29.0 MB
[GC (Allocation Failure) [PSYoungGen: 8827K->640K(9216K)] 15946K->7910K(29696K), 0.0006759 secs] [Times: user=0.03 sys=0.00, real=0.00 secs]
  任务队列: 156500 个任务待处理，堆使用 12.4 MB / 29.0 MB
[GC (Allocation Failure) [PSYoungGen: 8832K->480K(9216K)] 16102K->7902K(29696K), 0.0005611 secs] [Times: user=0.00 sys=0.00, real=0.00 secs]
  任务队列: 157000 个任务待处理，堆使用 9.4 MB / 29.0 MB
  任务队列: 157500 个任务待处理，堆使用 14.4 MB / 29.0 MB
[GC (Allocation Failure) [PSYoungGen: 8672K->608K(9216K)] 16094K->8182K(29696K), 0.0006126 secs] [Times: user=0.00 sys=0.00, real=0.00 secs]
  任务队列: 158000 个任务待处理，堆使用 11.5 MB / 29.0 MB
[GC (Allocation Failure) [PSYoungGen: 8800K->640K(9216K)] 16374K->8366K(29696K), 0.0005446 secs] [Times: user=0.00 sys=0.00, real=0.00 secs]
  任务队列: 158500 个任务待处理，堆使用 8.7 MB / 29.0 MB
  任务队列: 159000 个任务待处理，堆使用 13.6 MB / 29.0 MB
[GC (Allocation Failure) [PSYoungGen: 8832K->640K(9216K)] 16558K->8518K(29696K), 0.0004784 secs] [Times: user=0.00 sys=0.00, real=0.00 secs]
  任务队列: 159500 个任务待处理，堆使用 10.7 MB / 29.0 MB
  任务队列: 160000 个任务待处理，堆使用 15.6 MB / 29.0 MB
[GC (Allocation Failure) [PSYoungGen: 8780K->608K(9216K)] 16659K->8638K(29696K), 0.0004354 secs] [Times: user=0.00 sys=0.00, real=0.00 secs]
  任务队列: 160500 个任务待处理，堆使用 13.7 MB / 29.0 MB
[GC (Allocation Failure) [PSYoungGen: 8800K->1001K(9216K)] 16830K->9192K(29696K), 0.0012821 secs] [Times: user=0.00 sys=0.00, real=0.00 secs]
  任务队列: 161000 个任务待处理，堆使用 11.2 MB / 29.0 MB
  任务队列: 161500 个任务待处理，堆使用 16.1 MB / 29.0 MB
[GC (Allocation Failure) [PSYoungGen: 9188K->640K(9216K)] 17379K->9824K(29696K), 0.0011791 secs] [Times: user=0.00 sys=0.00, real=0.00 secs]
  任务队列: 162000 个任务待处理，堆使用 13.6 MB / 29.0 MB
[GC (Allocation Failure) [PSYoungGen: 8832K->576K(9216K)] 18016K->9912K(29696K), 0.0004725 secs] [Times: user=0.00 sys=0.00, real=0.00 secs]
  任务队列: 162500 个任务待处理，堆使用 10.7 MB / 29.0 MB
  任务队列: 163000 个任务待处理，堆使用 15.7 MB / 29.0 MB
[GC (Allocation Failure) [PSYoungGen: 8768K->576K(9216K)] 18104K->10064K(29696K), 0.0004619 secs] [Times: user=0.00 sys=0.00, real=0.00 secs]
  任务队列: 163500 个任务待处理，堆使用 12.7 MB / 29.0 MB
  任务队列: 164000 个任务待处理，堆使用 17.8 MB / 29.0 MB
[GC (Allocation Failure) [PSYoungGen: 8761K->480K(9216K)] 18250K->10104K(29696K), 0.0004975 secs] [Times: user=0.00 sys=0.00, real=0.00 secs]
  任务队列: 164500 个任务待处理，堆使用 14.7 MB / 29.0 MB
[GC (Allocation Failure) [PSYoungGen: 8672K->512K(9216K)] 18296K->10288K(29696K), 0.0005240 secs] [Times: user=0.00 sys=0.00, real=0.00 secs]
  任务队列: 165000 个任务待处理，堆使用 11.9 MB / 29.0 MB
  任务队列: 165500 个任务待处理，堆使用 16.8 MB / 29.0 MB
[GC (Allocation Failure) [PSYoungGen: 8697K->640K(9216K)] 18474K->10568K(29696K), 0.0004388 secs] [Times: user=0.00 sys=0.00, real=0.00 secs]
  任务队列: 166000 个任务待处理，堆使用 14.0 MB / 29.0 MB
[GC (Allocation Failure) [PSYoungGen: 8832K->608K(9216K)] 18760K->10688K(29696K), 0.0005524 secs] [Times: user=0.00 sys=0.00, real=0.00 secs]
  任务队列: 166500 个任务待处理，堆使用 11.1 MB / 29.0 MB
  任务队列: 167000 个任务待处理，堆使用 16.1 MB / 29.0 MB
[GC (Allocation Failure) [PSYoungGen: 8800K->608K(9216K)] 18880K->10840K(29696K), 0.0005459 secs] [Times: user=0.00 sys=0.00, real=0.00 secs]
  任务队列: 167500 个任务待处理，堆使用 13.1 MB / 29.0 MB
  任务队列: 168000 个任务待处理，堆使用 18.1 MB / 29.0 MB
[GC (Allocation Failure) [PSYoungGen: 8794K->608K(9216K)] 19027K->10992K(29696K), 0.0005409 secs] [Times: user=0.00 sys=0.00, real=0.00 secs]
  任务队列: 168500 个任务待处理，堆使用 15.1 MB / 29.0 MB
[GC (Allocation Failure) [PSYoungGen: 8800K->512K(9216K)] 19184K->11048K(29696K), 0.0005031 secs] [Times: user=0.31 sys=0.00, real=0.00 secs]
  任务队列: 169000 个任务待处理，堆使用 12.1 MB / 29.0 MB
  任务队列: 169500 个任务待处理，堆使用 17.1 MB / 29.0 MB
[GC (Allocation Failure) [PSYoungGen: 8697K->608K(9216K)] 19234K->11296K(29696K), 0.0004679 secs] [Times: user=0.00 sys=0.00, real=0.00 secs]
  任务队列: 170000 个任务待处理，堆使用 14.2 MB / 29.0 MB
[GC (Allocation Failure) [PSYoungGen: 8800K->480K(9216K)] 19488K->11320K(29696K), 0.0004887 secs] [Times: user=0.00 sys=0.00, real=0.00 secs]
  任务队列: 170500 个任务待处理，堆使用 11.2 MB / 29.0 MB
  任务队列: 171000 个任务待处理，堆使用 16.2 MB / 29.0 MB
[GC (Allocation Failure) [PSYoungGen: 8672K->608K(9216K)] 19512K->11600K(29696K), 0.0004618 secs] [Times: user=0.00 sys=0.00, real=0.00 secs]
  任务队列: 171500 个任务待处理，堆使用 13.5 MB / 29.0 MB
  任务队列: 172000 个任务待处理，堆使用 18.5 MB / 29.0 MB
[GC (Allocation Failure) [PSYoungGen: 8790K->608K(9216K)] 19783K->11752K(29696K), 0.0005205 secs] [Times: user=0.00 sys=0.00, real=0.00 secs]
  任务队列: 172500 个任务待处理，堆使用 15.5 MB / 29.0 MB
[GC (Allocation Failure) [PSYoungGen: 8800K->544K(9216K)] 19944K->11840K(29696K), 0.0006332 secs] [Times: user=0.00 sys=0.00, real=0.00 secs]
  任务队列: 173000 个任务待处理，堆使用 12.4 MB / 29.0 MB
  任务队列: 173500 个任务待处理，堆使用 17.4 MB / 29.0 MB
[GC (Allocation Failure) [PSYoungGen: 8736K->608K(9216K)] 20032K->12056K(29696K), 0.0004993 secs] [Times: user=0.00 sys=0.00, real=0.00 secs]
  任务队列: 174000 个任务待处理，堆使用 14.6 MB / 29.0 MB
  任务队列: 174500 个任务待处理，堆使用 19.5 MB / 29.0 MB
[GC (Allocation Failure) [PSYoungGen: 8795K->608K(9216K)] 20244K->12208K(29696K), 0.0004874 secs] [Times: user=0.00 sys=0.00, real=0.00 secs]
  任务队列: 175000 个任务待处理，堆使用 16.6 MB / 29.0 MB
[GC (Allocation Failure) [PSYoungGen: 8800K->608K(9216K)] 20400K->12360K(29696K), 0.0004410 secs] [Times: user=0.00 sys=0.00, real=0.00 secs]
  任务队列: 175500 个任务待处理，堆使用 13.8 MB / 29.0 MB
  任务队列: 176000 个任务待处理，堆使用 18.7 MB / 29.0 MB
[GC (Allocation Failure) [PSYoungGen: 8800K->640K(9216K)] 20552K->12544K(29696K), 0.0005327 secs] [Times: user=0.00 sys=0.00, real=0.00 secs]
  任务队列: 176500 个任务待处理，堆使用 15.8 MB / 29.0 MB
[GC (Allocation Failure) [PSYoungGen: 8832K->640K(9216K)] 20736K->12696K(29696K), 0.0004856 secs] [Times: user=0.00 sys=0.00, real=0.00 secs]
  任务队列: 177000 个任务待处理，堆使用 12.9 MB / 29.0 MB
  任务队列: 177500 个任务待处理，堆使用 17.9 MB / 29.0 MB
[GC (Allocation Failure) [PSYoungGen: 8832K->544K(9216K)] 20888K->12752K(29696K), 0.0004693 secs] [Times: user=0.00 sys=0.00, real=0.00 secs]
  任务队列: 178000 个任务待处理，堆使用 14.8 MB / 29.0 MB
  任务队列: 178500 个任务待处理，堆使用 19.8 MB / 29.0 MB
[GC (Allocation Failure) [PSYoungGen: 8735K->640K(9216K)] 20943K->13000K(29696K), 0.0004641 secs] [Times: user=0.00 sys=0.00, real=0.00 secs]
  任务队列: 179000 个任务待处理，堆使用 16.9 MB / 29.0 MB
[GC (Allocation Failure) [PSYoungGen: 8832K->480K(9216K)] 21192K->12984K(29696K), 0.0004435 secs] [Times: user=0.00 sys=0.00, real=0.00 secs]
  任务队列: 179500 个任务待处理，堆使用 13.9 MB / 29.0 MB
  任务队列: 180000 个任务待处理，堆使用 18.9 MB / 29.0 MB
[GC (Allocation Failure) [PSYoungGen: 8672K->640K(9216K)] 21176K->13296K(29696K), 0.0004866 secs] [Times: user=0.00 sys=0.00, real=0.00 secs]
  任务队列: 180500 个任务待处理，堆使用 16.0 MB / 29.0 MB
  任务队列: 181000 个任务待处理，堆使用 20.9 MB / 29.0 MB
[GC (Allocation Failure) [PSYoungGen: 8832K->576K(9216K)] 21488K->13384K(29696K), 0.0004549 secs] [Times: user=0.00 sys=0.00, real=0.00 secs]
  任务队列: 181500 个任务待处理，堆使用 18.1 MB / 29.0 MB
[GC (Allocation Failure) [PSYoungGen: 8768K->608K(9216K)] 21576K->13568K(29696K), 0.0006819 secs] [Times: user=0.00 sys=0.00, real=0.00 secs]
  任务队列: 182000 个任务待处理，堆使用 15.3 MB / 29.0 MB
  任务队列: 182500 个任务待处理，堆使用 20.2 MB / 29.0 MB
[GC (Allocation Failure) [PSYoungGen: 8792K->544K(9216K)] 21752K->13656K(29696K), 0.0004552 secs] [Times: user=0.00 sys=0.00, real=0.00 secs]
  任务队列: 183000 个任务待处理，堆使用 17.2 MB / 29.0 MB
[GC (Allocation Failure) [PSYoungGen: 8736K->608K(9216K)] 21848K->13872K(29696K), 0.0006796 secs] [Times: user=0.00 sys=0.00, real=0.00 secs]
  任务队列: 183500 个任务待处理，堆使用 14.4 MB / 29.0 MB
  任务队列: 184000 个任务待处理，堆使用 19.3 MB / 29.0 MB
[GC (Allocation Failure) [PSYoungGen: 8800K->608K(9216K)] 22064K->14024K(29696K), 0.0007809 secs] [Times: user=0.00 sys=0.00, real=0.00 secs]
  任务队列: 184500 个任务待处理，堆使用 16.4 MB / 29.0 MB
  任务队列: 185000 个任务待处理，堆使用 21.2 MB / 29.0 MB
[GC (Allocation Failure) [PSYoungGen: 8792K->640K(9216K)] 22209K->14208K(29696K), 0.0004894 secs] [Times: user=0.00 sys=0.00, real=0.00 secs]
  任务队列: 185500 个任务待处理，堆使用 18.4 MB / 29.0 MB
[GC (Allocation Failure) [PSYoungGen: 8832K->544K(9216K)] 22400K->14264K(29696K), 0.0004820 secs] [Times: user=0.00 sys=0.00, real=0.00 secs]
  任务队列: 186000 个任务待处理，堆使用 15.4 MB / 29.0 MB
  任务队列: 186500 个任务待处理，堆使用 20.4 MB / 29.0 MB
[GC (Allocation Failure) [PSYoungGen: 8736K->640K(9216K)] 22456K->14512K(29696K), 0.0004935 secs] [Times: user=0.00 sys=0.00, real=0.00 secs]
  任务队列: 187000 个任务待处理，堆使用 17.6 MB / 29.0 MB
[GC (Allocation Failure) [PSYoungGen: 8832K->640K(9216K)] 22704K->14664K(29696K), 0.0004749 secs] [Times: user=0.00 sys=0.00, real=0.00 secs]
  任务队列: 187500 个任务待处理，堆使用 14.7 MB / 29.0 MB
  任务队列: 188000 个任务待处理，堆使用 19.7 MB / 29.0 MB
[GC (Allocation Failure) [PSYoungGen: 8832K->512K(9216K)] 22856K->14680K(29696K), 0.0004645 secs] [Times: user=0.00 sys=0.00, real=0.00 secs]
  任务队列: 188500 个任务待处理，堆使用 16.5 MB / 29.0 MB
  任务队列: 189000 个任务待处理，堆使用 21.5 MB / 29.0 MB
[GC (Allocation Failure) [PSYoungGen: 8702K->544K(9216K)] 22871K->14864K(29696K), 0.0005033 secs] [Times: user=0.00 sys=0.00, real=0.00 secs]
  任务队列: 189500 个任务待处理，堆使用 18.7 MB / 29.0 MB
[GC (Allocation Failure) [PSYoungGen: 8736K->608K(9216K)] 23056K->15080K(29696K), 0.0004678 secs] [Times: user=0.00 sys=0.00, real=0.00 secs]
  任务队列: 190000 个任务待处理，堆使用 15.7 MB / 29.0 MB
  任务队列: 190500 个任务待处理，堆使用 20.8 MB / 29.0 MB
[GC (Allocation Failure) [PSYoungGen: 8800K->576K(9216K)] 23272K->15200K(29696K), 0.0004832 secs] [Times: user=0.00 sys=0.00, real=0.00 secs]
  任务队列: 191000 个任务待处理，堆使用 17.9 MB / 29.0 MB
  任务队列: 191500 个任务待处理，堆使用 22.8 MB / 29.0 MB
[GC (Allocation Failure) [PSYoungGen: 8766K->576K(9216K)] 23391K->15352K(29696K), 0.0004689 secs] [Times: user=0.00 sys=0.00, real=0.00 secs]
  任务队列: 192000 个任务待处理，堆使用 19.9 MB / 29.0 MB
[GC (Allocation Failure) [PSYoungGen: 8768K->576K(9216K)] 23544K->15504K(29696K), 0.0004630 secs] [Times: user=0.00 sys=0.00, real=0.00 secs]
  任务队列: 192500 个任务待处理，堆使用 17.0 MB / 29.0 MB
  任务队列: 193000 个任务待处理，堆使用 21.8 MB / 29.0 MB
[GC (Allocation Failure) [PSYoungGen: 8768K->640K(9216K)] 23696K->15720K(29696K), 0.0004857 secs] [Times: user=0.00 sys=0.00, real=0.00 secs]
  任务队列: 193500 个任务待处理，堆使用 19.1 MB / 29.0 MB
[GC (Allocation Failure) [PSYoungGen: 8832K->544K(9216K)] 23912K->15776K(29696K), 0.0004359 secs] [Times: user=0.00 sys=0.00, real=0.00 secs]
  任务队列: 194000 个任务待处理，堆使用 16.1 MB / 29.0 MB
  任务队列: 194500 个任务待处理，堆使用 21.0 MB / 29.0 MB
[GC (Allocation Failure) [PSYoungGen: 8736K->576K(9216K)] 23968K->15960K(29696K), 0.0005137 secs] [Times: user=0.00 sys=0.00, real=0.00 secs]
  任务队列: 195000 个任务待处理，堆使用 18.1 MB / 29.0 MB
  任务队列: 195500 个任务待处理，堆使用 23.0 MB / 29.0 MB
[GC (Allocation Failure) [PSYoungGen: 8762K->512K(9216K)] 24147K->16048K(29696K), 0.0004650 secs] [Times: user=0.00 sys=0.00, real=0.00 secs]
  任务队列: 196000 个任务待处理，堆使用 20.0 MB / 29.0 MB
[GC (Allocation Failure) [PSYoungGen: 8704K->640K(9216K)] 24240K->16328K(29696K), 0.0005557 secs] [Times: user=0.00 sys=0.00, real=0.00 secs]
  任务队列: 196500 个任务待处理，堆使用 17.3 MB / 29.0 MB
  任务队列: 197000 个任务待处理，堆使用 22.2 MB / 29.0 MB
[GC (Allocation Failure) [PSYoungGen: 8832K->544K(9216K)] 24520K->16384K(29696K), 0.0005030 secs] [Times: user=0.00 sys=0.00, real=0.00 secs]
  任务队列: 197500 个任务待处理，堆使用 19.2 MB / 29.0 MB
[GC (Allocation Failure) [PSYoungGen: 8736K->640K(9216K)] 24576K->16632K(29696K), 0.0004707 secs] [Times: user=0.00 sys=0.00, real=0.00 secs]
  任务队列: 198000 个任务待处理，堆使用 16.4 MB / 29.0 MB
  任务队列: 198500 个任务待处理，堆使用 21.3 MB / 29.0 MB
[GC (Allocation Failure) [PSYoungGen: 8832K->544K(9216K)] 24824K->16680K(29696K), 0.0004343 secs] [Times: user=0.00 sys=0.00, real=0.00 secs]
  任务队列: 199000 个任务待处理，堆使用 18.3 MB / 29.0 MB
  任务队列: 199500 个任务待处理，堆使用 23.2 MB / 29.0 MB
[GC (Allocation Failure) [PSYoungGen: 8730K->608K(9216K)] 24867K->16896K(29696K), 0.0004951 secs] [Times: user=0.00 sys=0.00, real=0.00 secs]
  任务队列: 200000 个任务待处理，堆使用 20.4 MB / 29.0 MB
[GC (Allocation Failure) [PSYoungGen: 8800K->576K(9216K)] 25088K->17016K(29696K), 0.0004811 secs] [Times: user=0.00 sys=0.00, real=0.00 secs]
  任务队列: 200500 个任务待处理，堆使用 17.5 MB / 29.0 MB
  任务队列: 201000 个任务待处理，堆使用 22.5 MB / 29.0 MB
[GC (Allocation Failure) [PSYoungGen: 8768K->640K(9216K)] 25208K->17232K(29696K), 0.0005871 secs] [Times: user=0.00 sys=0.00, real=0.00 secs]
  任务队列: 201500 个任务待处理，堆使用 19.7 MB / 29.0 MB
  任务队列: 202000 个任务待处理，堆使用 24.6 MB / 29.0 MB
[GC (Allocation Failure) [PSYoungGen: 8824K->576K(9216K)] 25417K->17320K(29696K), 0.0005138 secs] [Times: user=0.22 sys=0.00, real=0.00 secs]
  任务队列: 202500 个任务待处理，堆使用 21.6 MB / 29.0 MB
[GC (Allocation Failure) [PSYoungGen: 8768K->640K(9216K)] 25512K->17536K(29696K), 0.0005173 secs] [Times: user=0.00 sys=0.00, real=0.00 secs]
  任务队列: 203000 个任务待处理，堆使用 18.8 MB / 29.0 MB
  任务队列: 203500 个任务待处理，堆使用 23.7 MB / 29.0 MB
[GC (Allocation Failure) [PSYoungGen: 8832K->576K(9216K)] 25728K->17624K(29696K), 0.0004898 secs] [Times: user=0.00 sys=0.00, real=0.00 secs]
  任务队列: 204000 个任务待处理，堆使用 20.7 MB / 29.0 MB
[GC (Allocation Failure) [PSYoungGen: 8761K->576K(9216K)] 25810K->17776K(29696K), 0.0004787 secs] [Times: user=0.00 sys=0.00, real=0.00 secs]
  任务队列: 204500 个任务待处理，堆使用 17.9 MB / 29.0 MB
  任务队列: 205000 个任务待处理，堆使用 22.8 MB / 29.0 MB
[GC (Allocation Failure) [PSYoungGen: 8768K->576K(9216K)] 25968K->17928K(29696K), 0.0004600 secs] [Times: user=0.00 sys=0.00, real=0.00 secs]
  任务队列: 205500 个任务待处理，堆使用 19.9 MB / 29.0 MB
  任务队列: 206000 个任务待处理，堆使用 24.9 MB / 29.0 MB
[GC (Allocation Failure) [PSYoungGen: 8767K->576K(9216K)] 26119K->18080K(29696K), 0.0004587 secs] [Times: user=0.00 sys=0.00, real=0.00 secs]
  任务队列: 206500 个任务待处理，堆使用 22.0 MB / 29.0 MB
[GC (Allocation Failure) [PSYoungGen: 8768K->640K(9216K)] 26272K->18296K(29696K), 0.0004903 secs] [Times: user=0.00 sys=0.00, real=0.00 secs]
  任务队列: 207000 个任务待处理，堆使用 19.0 MB / 29.0 MB
  任务队列: 207500 个任务待处理，堆使用 24.0 MB / 29.0 MB
[GC (Allocation Failure) [PSYoungGen: 8832K->576K(9216K)] 26488K->18384K(29696K), 0.0004835 secs] [Times: user=0.00 sys=0.00, real=0.00 secs]
  任务队列: 208000 个任务待处理，堆使用 21.0 MB / 29.0 MB
  任务队列: 208500 个任务待处理，堆使用 25.9 MB / 29.0 MB
[GC (Allocation Failure) [PSYoungGen: 8768K->576K(9216K)] 26576K->18536K(29696K), 0.0004953 secs] [Times: user=0.00 sys=0.00, real=0.00 secs]
  任务队列: 209000 个任务待处理，堆使用 23.2 MB / 29.0 MB
[GC (Allocation Failure) [PSYoungGen: 8768K->608K(9216K)] 26728K->18720K(29696K), 0.0004741 secs] [Times: user=0.00 sys=0.00, real=0.00 secs]
  任务队列: 209500 个任务待处理，堆使用 20.3 MB / 29.0 MB
  任务队列: 210000 个任务待处理，堆使用 25.2 MB / 29.0 MB
[GC (Allocation Failure) [PSYoungGen: 8791K->576K(9216K)] 26903K->18840K(29696K), 0.0005425 secs] [Times: user=0.00 sys=0.00, real=0.00 secs]
  任务队列: 210500 个任务待处理，堆使用 22.2 MB / 29.0 MB
[GC (Allocation Failure) [PSYoungGen: 8768K->512K(9216K)] 27032K->18920K(29696K), 0.0005075 secs] [Times: user=0.00 sys=0.00, real=0.00 secs]
  任务队列: 211000 个任务待处理，堆使用 19.3 MB / 29.0 MB
  任务队列: 211500 个任务待处理，堆使用 24.3 MB / 29.0 MB
[GC (Allocation Failure) [PSYoungGen: 8704K->640K(9216K)] 27112K->19200K(29696K), 0.0006283 secs] [Times: user=0.00 sys=0.00, real=0.00 secs]
  任务队列: 212000 个任务待处理，堆使用 21.4 MB / 29.0 MB
  任务队列: 212500 个任务待处理，堆使用 26.3 MB / 29.0 MB
[GC (Allocation Failure) [PSYoungGen: 8831K->640K(9216K)] 27392K->19352K(29696K), 0.0005221 secs] [Times: user=0.00 sys=0.00, real=0.00 secs]
  任务队列: 213000 个任务待处理，堆使用 23.4 MB / 29.0 MB
[GC (Allocation Failure) [PSYoungGen: 8832K->544K(9216K)] 27544K->19408K(29696K), 0.0004839 secs] [Times: user=0.00 sys=0.00, real=0.00 secs]
  任务队列: 213500 个任务待处理，堆使用 20.5 MB / 29.0 MB
  任务队列: 214000 个任务待处理，堆使用 25.3 MB / 29.0 MB
[GC (Allocation Failure) [PSYoungGen: 8736K->608K(9216K)] 27600K->19624K(29696K), 0.0004875 secs] [Times: user=0.00 sys=0.00, real=0.00 secs]
  任务队列: 214500 个任务待处理，堆使用 22.5 MB / 29.0 MB
[GC (Allocation Failure) [PSYoungGen: 8800K->640K(9216K)] 27816K->19808K(29696K), 0.0005662 secs] [Times: user=0.00 sys=0.00, real=0.00 secs]
  任务队列: 215000 个任务待处理，堆使用 19.7 MB / 29.0 MB
  任务队列: 215500 个任务待处理，堆使用 24.6 MB / 29.0 MB
[GC (Allocation Failure) [PSYoungGen: 8832K->640K(9216K)] 28000K->19960K(29696K), 0.0005076 secs] [Times: user=0.00 sys=0.00, real=0.00 secs]
  任务队列: 216000 个任务待处理，堆使用 21.7 MB / 29.0 MB
  任务队列: 216500 个任务待处理，堆使用 26.6 MB / 29.0 MB
[GC (Allocation Failure) [PSYoungGen: 8823K->576K(9216K)] 28144K->20048K(29696K), 0.0004995 secs] [Times: user=0.00 sys=0.00, real=0.00 secs]
  任务队列: 217000 个任务待处理，堆使用 23.8 MB / 29.0 MB
[GC (Allocation Failure) [PSYoungGen: 8768K->576K(9216K)] 28240K->20200K(29696K), 0.0004688 secs] [Times: user=0.00 sys=0.00, real=0.00 secs]
  任务队列: 217500 个任务待处理，堆使用 20.7 MB / 29.0 MB
  任务队列: 218000 个任务待处理，堆使用 25.7 MB / 29.0 MB
[GC (Allocation Failure) [PSYoungGen: 8768K->608K(9216K)] 28392K->20384K(29696K), 0.0005034 secs] [Times: user=0.00 sys=0.00, real=0.00 secs]
  任务队列: 218500 个任务待处理，堆使用 22.8 MB / 29.0 MB
  任务队列: 219000 个任务待处理，堆使用 27.7 MB / 29.0 MB
[GC (Allocation Failure) [PSYoungGen: 8796K->640K(9216K)] 28573K->20568K(29696K), 0.0005506 secs] [Times: user=0.00 sys=0.00, real=0.00 secs]
  任务队列: 219500 个任务待处理，堆使用 24.9 MB / 29.0 MB
[GC (Allocation Failure) [PSYoungGen: 8832K->640K(9216K)] 28760K->20720K(29696K), 0.0005716 secs] [Times: user=0.00 sys=0.00, real=0.00 secs]
  任务队列: 220000 个任务待处理，堆使用 21.9 MB / 29.0 MB
  任务队列: 220500 个任务待处理，堆使用 26.9 MB / 29.0 MB
[GC (Allocation Failure) [PSYoungGen: 8832K->640K(9216K)] 28912K->20872K(29696K), 0.0005546 secs] [Times: user=0.00 sys=0.00, real=0.00 secs]
  任务队列: 221000 个任务待处理，堆使用 24.1 MB / 29.0 MB
[GC (Allocation Failure) [PSYoungGen: 8832K->640K(9216K)] 29064K->21024K(29696K), 0.0005324 secs] [Times: user=0.00 sys=0.00, real=0.00 secs]
[Full GC (Ergonomics) [PSYoungGen: 640K->0K(9216K)] [ParOldGen: 20384K->5565K(20480K)] 21024K->5565K(29696K), [Metaspace: 5207K->5207K(1056768K)], 0.0827660 secs] [Times: user=1.16 sys=0.11, real=0.08 secs]
  任务队列: 221500 个任务待处理，堆使用 5.9 MB / 29.0 MB
  任务队列: 222000 个任务待处理，堆使用 11.0 MB / 29.0 MB
[GC (Allocation Failure) [PSYoungGen: 8192K->256K(9216K)] 13757K->5821K(29696K), 0.0006033 secs] [Times: user=0.00 sys=0.00, real=0.00 secs]
  任务队列: 222500 个任务待处理，堆使用 8.2 MB / 29.0 MB
  任务队列: 223000 个任务待处理，堆使用 13.1 MB / 29.0 MB
[GC (Allocation Failure) [PSYoungGen: 8439K->640K(9216K)] 14004K->6357K(29696K), 0.0009113 secs] [Times: user=0.00 sys=0.00, real=0.00 secs]
  任务队列: 223500 个任务待处理，堆使用 10.6 MB / 29.0 MB
[GC (Allocation Failure) [PSYoungGen: 8832K->640K(9216K)] 14549K->6509K(29696K), 0.0009036 secs] [Times: user=0.00 sys=0.00, real=0.00 secs]
  任务队列: 224000 个任务待处理，堆使用 7.7 MB / 29.0 MB
  任务队列: 224500 个任务待处理，堆使用 12.6 MB / 29.0 MB
[GC (Allocation Failure) [PSYoungGen: 8832K->640K(9216K)] 14701K->6661K(29696K), 0.0007853 secs] [Times: user=0.00 sys=0.00, real=0.00 secs]
  任务队列: 225000 个任务待处理，堆使用 9.7 MB / 29.0 MB
[GC (Allocation Failure) [PSYoungGen: 8832K->640K(9216K)] 14853K->6813K(29696K), 0.0006077 secs] [Times: user=0.00 sys=0.00, real=0.00 secs]
  任务队列: 225500 个任务待处理，堆使用 6.8 MB / 29.0 MB
  任务队列: 226000 个任务待处理，堆使用 11.7 MB / 29.0 MB
[GC (Allocation Failure) [PSYoungGen: 8832K->544K(9216K)] 15005K->6869K(29696K), 0.0007678 secs] [Times: user=0.00 sys=0.00, real=0.00 secs]
  任务队列: 226500 个任务待处理，堆使用 8.7 MB / 29.0 MB
  任务队列: 227000 个任务待处理，堆使用 13.7 MB / 29.0 MB
[GC (Allocation Failure) [PSYoungGen: 8729K->640K(9216K)] 15054K->7117K(29696K), 0.0005603 secs] [Times: user=0.00 sys=0.00, real=0.00 secs]
  任务队列: 227500 个任务待处理，堆使用 10.8 MB / 29.0 MB
[GC (Allocation Failure) [PSYoungGen: 8832K->608K(9216K)] 15309K->7237K(29696K), 0.0007357 secs] [Times: user=0.00 sys=0.00, real=0.00 secs]
  任务队列: 228000 个任务待处理，堆使用 7.9 MB / 29.0 MB
  任务队列: 228500 个任务待处理，堆使用 12.8 MB / 29.0 MB
[GC (Allocation Failure) [PSYoungGen: 8793K->608K(9216K)] 15422K->7389K(29696K), 0.0005306 secs] [Times: user=0.00 sys=0.00, real=0.00 secs]
  任务队列: 229000 个任务待处理，堆使用 9.9 MB / 29.0 MB
  任务队列: 229500 个任务待处理，堆使用 15.0 MB / 29.0 MB
[GC (Allocation Failure) [PSYoungGen: 8795K->640K(9216K)] 15576K->7573K(29696K), 0.0004930 secs] [Times: user=0.00 sys=0.00, real=0.00 secs]
  任务队列: 230000 个任务待处理，堆使用 12.1 MB / 29.0 MB
[GC (Allocation Failure) [PSYoungGen: 8832K->544K(9216K)] 15765K->7629K(29696K), 0.0005283 secs] [Times: user=0.00 sys=0.00, real=0.00 secs]
  任务队列: 230500 个任务待处理，堆使用 9.0 MB / 29.0 MB
  任务队列: 231000 个任务待处理，堆使用 13.9 MB / 29.0 MB
[GC (Allocation Failure) [PSYoungGen: 8736K->512K(9216K)] 15821K->7749K(29696K), 0.0005374 secs] [Times: user=0.00 sys=0.00, real=0.00 secs]
  任务队列: 231500 个任务待处理，堆使用 11.1 MB / 29.0 MB
[GC (Allocation Failure) [PSYoungGen: 8704K->640K(9216K)] 15941K->8029K(29696K), 0.0005716 secs] [Times: user=0.00 sys=0.00, real=0.00 secs]
  任务队列: 232000 个任务待处理，堆使用 8.2 MB / 29.0 MB
  任务队列: 232500 个任务待处理，堆使用 13.1 MB / 29.0 MB
[GC (Allocation Failure) [PSYoungGen: 8832K->608K(9216K)] 16221K->8149K(29696K), 0.0004511 secs] [Times: user=0.00 sys=0.00, real=0.00 secs]
  任务队列: 233000 个任务待处理，堆使用 10.3 MB / 29.0 MB
  任务队列: 233500 个任务待处理，堆使用 15.1 MB / 29.0 MB
[GC (Allocation Failure) [PSYoungGen: 8796K->608K(9216K)] 16338K->8301K(29696K), 0.0005212 secs] [Times: user=0.00 sys=0.00, real=0.00 secs]
  任务队列: 234000 个任务待处理，堆使用 12.3 MB / 29.0 MB
[GC (Allocation Failure) [PSYoungGen: 8800K->640K(9216K)] 16493K->8485K(29696K), 0.0005784 secs] [Times: user=0.00 sys=0.00, real=0.00 secs]
  任务队列: 234500 个任务待处理，堆使用 9.5 MB / 29.0 MB
  任务队列: 235000 个任务待处理，堆使用 14.3 MB / 29.0 MB
[GC (Allocation Failure) [PSYoungGen: 8832K->480K(9216K)] 16677K->8477K(29696K), 0.0005178 secs] [Times: user=0.00 sys=0.00, real=0.00 secs]
  任务队列: 235500 个任务待处理，堆使用 11.3 MB / 29.0 MB
  任务队列: 236000 个任务待处理，堆使用 16.2 MB / 29.0 MB
[GC (Allocation Failure) [PSYoungGen: 8668K->608K(9216K)] 16665K->8757K(29696K), 0.0005642 secs] [Times: user=0.00 sys=0.00, real=0.00 secs]
  任务队列: 236500 个任务待处理，堆使用 13.4 MB / 29.0 MB
[GC (Allocation Failure) [PSYoungGen: 8800K->608K(9216K)] 16949K->8909K(29696K), 0.0006955 secs] [Times: user=0.00 sys=0.00, real=0.00 secs]
  任务队列: 237000 个任务待处理，堆使用 10.6 MB / 29.0 MB
  任务队列: 237500 个任务待处理，堆使用 15.6 MB / 29.0 MB
[GC (Allocation Failure) [PSYoungGen: 8798K->608K(9216K)] 17099K->9061K(29696K), 0.0007660 secs] [Times: user=0.00 sys=0.00, real=0.00 secs]
  任务队列: 238000 个任务待处理，堆使用 12.5 MB / 29.0 MB
[GC (Allocation Failure) [PSYoungGen: 8800K->640K(9216K)] 17253K->9245K(29696K), 0.0006030 secs] [Times: user=0.00 sys=0.00, real=0.00 secs]
  任务队列: 238500 个任务待处理，堆使用 9.7 MB / 29.0 MB
  任务队列: 239000 个任务待处理，堆使用 14.6 MB / 29.0 MB
[GC (Allocation Failure) [PSYoungGen: 8832K->544K(9216K)] 17437K->9301K(29696K), 0.0005855 secs] [Times: user=0.17 sys=0.00, real=0.00 secs]
  任务队列: 239500 个任务待处理，堆使用 11.6 MB / 29.0 MB
  任务队列: 240000 个任务待处理，堆使用 16.6 MB / 29.0 MB
[GC (Allocation Failure) [PSYoungGen: 8735K->640K(9216K)] 17492K->9549K(29696K), 0.0005268 secs] [Times: user=0.00 sys=0.00, real=0.00 secs]
  任务队列: 240500 个任务待处理，堆使用 15.1 MB / 29.0 MB
[GC (Allocation Failure) [PSYoungGen: 8832K->640K(9216K)] 17741K->11028K(29696K), 0.0019772 secs] [Times: user=0.00 sys=0.00, real=0.00 secs]
  任务队列: 241000 个任务待处理，堆使用 13.5 MB / 29.0 MB
  任务队列: 241500 个任务待处理，堆使用 18.5 MB / 29.0 MB
[GC (Allocation Failure) [PSYoungGen: 8823K->640K(9216K)] 19211K->11180K(29696K), 0.0005758 secs] [Times: user=0.00 sys=0.00, real=0.00 secs]
  任务队列: 242000 个任务待处理，堆使用 15.6 MB / 29.0 MB
[GC (Allocation Failure) [PSYoungGen: 8832K->608K(9216K)] 19372K->11300K(29696K), 0.0005741 secs] [Times: user=0.00 sys=0.00, real=0.00 secs]
  任务队列: 242500 个任务待处理，堆使用 12.6 MB / 29.0 MB
  任务队列: 243000 个任务待处理，堆使用 17.6 MB / 29.0 MB
[GC (Allocation Failure) [PSYoungGen: 8796K->608K(9216K)] 19488K->11452K(29696K), 0.0005342 secs] [Times: user=0.00 sys=0.00, real=0.00 secs]
  任务队列: 243500 个任务待处理，堆使用 14.7 MB / 29.0 MB
[GC (Allocation Failure) [PSYoungGen: 8800K->576K(9216K)] 19644K->11556K(29696K), 0.0004882 secs] [Times: user=0.00 sys=0.00, real=0.00 secs]
  任务队列: 244000 个任务待处理，堆使用 11.8 MB / 29.0 MB
  任务队列: 244500 个任务待处理，堆使用 16.7 MB / 29.0 MB
[GC (Allocation Failure) [PSYoungGen: 8768K->576K(9216K)] 19748K->11660K(29696K), 0.0005122 secs] [Times: user=0.00 sys=0.00, real=0.00 secs]
  任务队列: 245000 个任务待处理，堆使用 13.7 MB / 29.0 MB
  任务队列: 245500 个任务待处理，堆使用 18.7 MB / 29.0 MB
[GC (Allocation Failure) [PSYoungGen: 8758K->544K(9216K)] 19842K->11772K(29696K), 0.0006106 secs] [Times: user=0.00 sys=0.00, real=0.00 secs]
  任务队列: 246000 个任务待处理，堆使用 15.7 MB / 29.0 MB
[GC (Allocation Failure) [PSYoungGen: 8736K->640K(9216K)] 19964K->12020K(29696K), 0.0006035 secs] [Times: user=0.00 sys=0.00, real=0.00 secs]
  任务队列: 246500 个任务待处理，堆使用 12.9 MB / 29.0 MB
  任务队列: 247000 个任务待处理，堆使用 17.9 MB / 29.0 MB
[GC (Allocation Failure) [PSYoungGen: 8832K->608K(9216K)] 20212K->12140K(29696K), 0.0004982 secs] [Times: user=0.00 sys=0.00, real=0.00 secs]
  任务队列: 247500 个任务待处理，堆使用 14.9 MB / 29.0 MB
  任务队列: 248000 个任务待处理，堆使用 19.7 MB / 29.0 MB
[GC (Allocation Failure) [PSYoungGen: 8797K->640K(9216K)] 20329K->12324K(29696K), 0.0005391 secs] [Times: user=0.00 sys=0.00, real=0.00 secs]
  任务队列: 248500 个任务待处理，堆使用 16.9 MB / 29.0 MB
[GC (Allocation Failure) [PSYoungGen: 8832K->640K(9216K)] 20516K->12476K(29696K), 0.0006655 secs] [Times: user=0.00 sys=0.00, real=0.00 secs]
  任务队列: 249000 个任务待处理，堆使用 14.0 MB / 29.0 MB
  任务队列: 249500 个任务待处理，堆使用 18.9 MB / 29.0 MB
[GC (Allocation Failure) [PSYoungGen: 8832K->640K(9216K)] 20668K->12628K(29696K), 0.0005632 secs] [Times: user=0.00 sys=0.00, real=0.00 secs]
  任务队列: 250000 个任务待处理，堆使用 16.0 MB / 29.0 MB
[GC (Allocation Failure) [PSYoungGen: 8832K->640K(9216K)] 20820K->12780K(29696K), 0.0006303 secs] [Times: user=0.31 sys=0.00, real=0.00 secs]
  任务队列: 250500 个任务待处理，堆使用 13.2 MB / 29.0 MB
  任务队列: 251000 个任务待处理，堆使用 18.0 MB / 29.0 MB
[GC (Allocation Failure) [PSYoungGen: 8832K->640K(9216K)] 20972K->12932K(29696K), 0.0006230 secs] [Times: user=0.00 sys=0.00, real=0.00 secs]
  任务队列: 251500 个任务待处理，堆使用 15.2 MB / 29.0 MB
  任务队列: 252000 个任务待处理，堆使用 20.2 MB / 29.0 MB
[GC (Allocation Failure) [PSYoungGen: 8831K->608K(9216K)] 21123K->13052K(29696K), 0.0005375 secs] [Times: user=0.00 sys=0.00, real=0.00 secs]
  任务队列: 252500 个任务待处理，堆使用 17.3 MB / 29.0 MB
[GC (Allocation Failure) [PSYoungGen: 8800K->640K(9216K)] 21244K->13236K(29696K), 0.0005461 secs] [Times: user=0.00 sys=0.00, real=0.00 secs]
  任务队列: 253000 个任务待处理，堆使用 14.3 MB / 29.0 MB
  任务队列: 253500 个任务待处理，堆使用 19.2 MB / 29.0 MB
[GC (Allocation Failure) [PSYoungGen: 8826K->640K(9216K)] 21422K->13388K(29696K), 0.0005737 secs] [Times: user=0.00 sys=0.00, real=0.00 secs]
  任务队列: 254000 个任务待处理，堆使用 16.4 MB / 29.0 MB
[GC (Allocation Failure) [PSYoungGen: 8832K->608K(9216K)] 21580K->13508K(29696K), 0.0006148 secs] [Times: user=0.00 sys=0.00, real=0.00 secs]
  任务队列: 254500 个任务待处理，堆使用 13.4 MB / 29.0 MB
  任务队列: 255000 个任务待处理，堆使用 18.4 MB / 29.0 MB
[GC (Allocation Failure) [PSYoungGen: 8800K->640K(9216K)] 21700K->13692K(29696K), 0.0005488 secs] [Times: user=0.00 sys=0.00, real=0.00 secs]
  任务队列: 255500 个任务待处理，堆使用 15.6 MB / 29.0 MB
  任务队列: 256000 个任务待处理，堆使用 20.5 MB / 29.0 MB
[GC (Allocation Failure) [PSYoungGen: 8827K->640K(9216K)] 21879K->13844K(29696K), 0.0006155 secs] [Times: user=0.00 sys=0.00, real=0.00 secs]
  任务队列: 256500 个任务待处理，堆使用 17.5 MB / 29.0 MB
[GC (Allocation Failure) [PSYoungGen: 8832K->640K(9216K)] 22036K->13996K(29696K), 0.0006007 secs] [Times: user=0.00 sys=0.00, real=0.00 secs]
  任务队列: 257000 个任务待处理，堆使用 14.7 MB / 29.0 MB
  任务队列: 257500 个任务待处理，堆使用 19.6 MB / 29.0 MB
[GC (Allocation Failure) [PSYoungGen: 8832K->640K(9216K)] 22188K->14148K(29696K), 0.0005602 secs] [Times: user=0.00 sys=0.00, real=0.00 secs]
  任务队列: 258000 个任务待处理，堆使用 16.7 MB / 29.0 MB
  任务队列: 258500 个任务待处理，堆使用 21.6 MB / 29.0 MB
[GC (Allocation Failure) [PSYoungGen: 8826K->640K(9216K)] 22334K->14300K(29696K), 0.0005199 secs] [Times: user=0.00 sys=0.00, real=0.00 secs]
  任务队列: 259000 个任务待处理，堆使用 18.7 MB / 29.0 MB
[GC (Allocation Failure) [PSYoungGen: 8832K->608K(9216K)] 22492K->14420K(29696K), 0.0005574 secs] [Times: user=0.00 sys=0.00, real=0.00 secs]
  任务队列: 259500 个任务待处理，堆使用 15.8 MB / 29.0 MB
  任务队列: 260000 个任务待处理，堆使用 20.7 MB / 29.0 MB
[GC (Allocation Failure) [PSYoungGen: 8800K->608K(9216K)] 22612K->14572K(29696K), 0.0007754 secs] [Times: user=0.00 sys=0.00, real=0.00 secs]
  任务队列: 260500 个任务待处理，堆使用 17.7 MB / 29.0 MB
[GC (Allocation Failure) [PSYoungGen: 8800K->640K(9216K)] 22764K->14756K(29696K), 0.0006978 secs] [Times: user=0.00 sys=0.00, real=0.00 secs]
  任务队列: 261000 个任务待处理，堆使用 14.9 MB / 29.0 MB
  任务队列: 261500 个任务待处理，堆使用 19.9 MB / 29.0 MB
[GC (Allocation Failure) [PSYoungGen: 8832K->608K(9216K)] 22948K->14876K(29696K), 0.0005486 secs] [Times: user=0.00 sys=0.00, real=0.00 secs]
  任务队列: 262000 个任务待处理，堆使用 16.9 MB / 29.0 MB
  任务队列: 262500 个任务待处理，堆使用 21.9 MB / 29.0 MB
[GC (Allocation Failure) [PSYoungGen: 8795K->640K(9216K)] 23063K->15060K(29696K), 0.0007940 secs] [Times: user=0.00 sys=0.00, real=0.00 secs]
  任务队列: 263000 个任务待处理，堆使用 19.1 MB / 29.0 MB
[GC (Allocation Failure) [PSYoungGen: 8832K->608K(9216K)] 23252K->15172K(29696K), 0.0005421 secs] [Times: user=0.02 sys=0.00, real=0.00 secs]
  任务队列: 263500 个任务待处理，堆使用 16.0 MB / 29.0 MB
  任务队列: 264000 个任务待处理，堆使用 20.9 MB / 29.0 MB
[GC (Allocation Failure) [PSYoungGen: 8794K->640K(9216K)] 23358K->15356K(29696K), 0.0005299 secs] [Times: user=0.00 sys=0.00, real=0.00 secs]
  任务队列: 264500 个任务待处理，堆使用 18.0 MB / 29.0 MB
  任务队列: 265000 个任务待处理，堆使用 23.0 MB / 29.0 MB
[GC (Allocation Failure) [PSYoungGen: 8832K->640K(9216K)] 23548K->15508K(29696K), 0.0005061 secs] [Times: user=0.00 sys=0.00, real=0.00 secs]
  任务队列: 265500 个任务待处理，堆使用 20.2 MB / 29.0 MB
[GC (Allocation Failure) [PSYoungGen: 8832K->640K(9216K)] 23700K->15660K(29696K), 0.0005364 secs] [Times: user=0.00 sys=0.00, real=0.00 secs]
  任务队列: 266000 个任务待处理，堆使用 17.3 MB / 29.0 MB
  任务队列: 266500 个任务待处理，堆使用 22.2 MB / 29.0 MB
[GC (Allocation Failure) [PSYoungGen: 8829K->640K(9216K)] 23849K->15804K(29696K), 0.0004967 secs] [Times: user=0.00 sys=0.00, real=0.00 secs]
  任务队列: 267000 个任务待处理，堆使用 19.3 MB / 29.0 MB
[GC (Allocation Failure) [PSYoungGen: 8830K->544K(9216K)] 23994K->15860K(29696K), 0.0004910 secs] [Times: user=0.00 sys=0.00, real=0.00 secs]
  任务队列: 267500 个任务待处理，堆使用 16.3 MB / 29.0 MB
  任务队列: 268000 个任务待处理，堆使用 21.1 MB / 29.0 MB
[GC (Allocation Failure) [PSYoungGen: 8736K->608K(9216K)] 24052K->16076K(29696K), 0.0008139 secs] [Times: user=0.00 sys=0.00, real=0.00 secs]
  任务队列: 268500 个任务待处理，堆使用 18.4 MB / 29.0 MB
  任务队列: 269000 个任务待处理，堆使用 23.3 MB / 29.0 MB
[GC (Allocation Failure) [PSYoungGen: 8790K->576K(9216K)] 24258K->16196K(29696K), 0.0005346 secs] [Times: user=0.00 sys=0.00, real=0.00 secs]
  任务队列: 269500 个任务待处理，堆使用 20.3 MB / 29.0 MB
[GC (Allocation Failure) [PSYoungGen: 8768K->640K(9216K)] 24388K->16412K(29696K), 0.0004896 secs] [Times: user=0.00 sys=0.00, real=0.00 secs]
  任务队列: 270000 个任务待处理，堆使用 17.5 MB / 29.0 MB
  任务队列: 270500 个任务待处理，堆使用 22.5 MB / 29.0 MB
[GC (Allocation Failure) [PSYoungGen: 8832K->640K(9216K)] 24604K->16564K(29696K), 0.0005878 secs] [Times: user=0.00 sys=0.00, real=0.00 secs]
  任务队列: 271000 个任务待处理，堆使用 19.5 MB / 29.0 MB
[GC (Allocation Failure) [PSYoungGen: 8832K->576K(9216K)] 24756K->16644K(29696K), 0.0005474 secs] [Times: user=0.00 sys=0.00, real=0.00 secs]
  任务队列: 271500 个任务待处理，堆使用 16.6 MB / 29.0 MB
  任务队列: 272000 个任务待处理，堆使用 21.5 MB / 29.0 MB
[GC (Allocation Failure) [PSYoungGen: 8768K->640K(9216K)] 24836K->16860K(29696K), 0.0007272 secs] [Times: user=0.00 sys=0.00, real=0.00 secs]
  任务队列: 272500 个任务待处理，堆使用 18.7 MB / 29.0 MB
  任务队列: 273000 个任务待处理，堆使用 23.5 MB / 29.0 MB
[GC (Allocation Failure) [PSYoungGen: 8827K->640K(9216K)] 25047K->17012K(29696K), 0.0005933 secs] [Times: user=0.00 sys=0.00, real=0.00 secs]
  任务队列: 273500 个任务待处理，堆使用 20.6 MB / 29.0 MB
[GC (Allocation Failure) [PSYoungGen: 8832K->576K(9216K)] 25204K->17100K(29696K), 0.0005254 secs] [Times: user=0.00 sys=0.00, real=0.00 secs]
  任务队列: 274000 个任务待处理，堆使用 17.7 MB / 29.0 MB
  任务队列: 274500 个任务待处理，堆使用 22.7 MB / 29.0 MB
[GC (Allocation Failure) [PSYoungGen: 8768K->576K(9216K)] 25292K->17252K(29696K), 0.0004745 secs] [Times: user=0.00 sys=0.00, real=0.00 secs]
  任务队列: 275000 个任务待处理，堆使用 19.7 MB / 29.0 MB
  任务队列: 275500 个任务待处理，堆使用 24.7 MB / 29.0 MB
[GC (Allocation Failure) [PSYoungGen: 8763K->640K(9216K)] 25439K->17468K(29696K), 0.0005203 secs] [Times: user=0.00 sys=0.00, real=0.00 secs]
  任务队列: 276000 个任务待处理，堆使用 21.9 MB / 29.0 MB
[GC (Allocation Failure) [PSYoungGen: 8832K->512K(9216K)] 25660K->17492K(29696K), 0.0005044 secs] [Times: user=0.00 sys=0.00, real=0.00 secs]
  任务队列: 276500 个任务待处理，堆使用 18.8 MB / 29.0 MB
  任务队列: 277000 个任务待处理，堆使用 23.8 MB / 29.0 MB
[GC (Allocation Failure) [PSYoungGen: 8704K->640K(9216K)] 25684K->17772K(29696K), 0.0005044 secs] [Times: user=0.00 sys=0.00, real=0.00 secs]
  任务队列: 277500 个任务待处理，堆使用 21.1 MB / 29.0 MB
[GC (Allocation Failure) [PSYoungGen: 8832K->640K(9216K)] 25964K->17924K(29696K), 0.0005550 secs] [Times: user=0.00 sys=0.00, real=0.00 secs]
  任务队列: 278000 个任务待处理，堆使用 18.0 MB / 29.0 MB
  任务队列: 278500 个任务待处理，堆使用 23.1 MB / 29.0 MB
[GC (Allocation Failure) [PSYoungGen: 8832K->544K(9216K)] 26116K->17980K(29696K), 0.0006334 secs] [Times: user=0.00 sys=0.00, real=0.00 secs]
  任务队列: 279000 个任务待处理，堆使用 20.1 MB / 29.0 MB
  任务队列: 279500 个任务待处理，堆使用 24.9 MB / 29.0 MB
[GC (Allocation Failure) [PSYoungGen: 8736K->512K(9216K)] 26172K->18084K(29696K), 0.0005149 secs] [Times: user=0.00 sys=0.00, real=0.00 secs]
  任务队列: 280000 个任务待处理，堆使用 22.0 MB / 29.0 MB
[GC (Allocation Failure) [PSYoungGen: 8704K->608K(9216K)] 26276K->18332K(29696K), 0.0004899 secs] [Times: user=0.00 sys=0.00, real=0.00 secs]
  任务队列: 280500 个任务待处理，堆使用 19.2 MB / 29.0 MB
  任务队列: 281000 个任务待处理，堆使用 24.2 MB / 29.0 MB
[GC (Allocation Failure) [PSYoungGen: 8800K->640K(9216K)] 26524K->18516K(29696K), 0.0005111 secs] [Times: user=0.00 sys=0.00, real=0.00 secs]
  任务队列: 281500 个任务待处理，堆使用 21.3 MB / 29.0 MB
[GC (Allocation Failure) [PSYoungGen: 8832K->576K(9216K)] 26708K->18604K(29696K), 0.0005402 secs] [Times: user=0.00 sys=0.00, real=0.00 secs]
  任务队列: 282000 个任务待处理，堆使用 18.3 MB / 29.0 MB
  任务队列: 282500 个任务待处理，堆使用 23.2 MB / 29.0 MB
[GC (Allocation Failure) [PSYoungGen: 8768K->640K(9216K)] 26796K->18820K(29696K), 0.0005757 secs] [Times: user=0.00 sys=0.00, real=0.00 secs]
  任务队列: 283000 个任务待处理，堆使用 20.4 MB / 29.0 MB
  任务队列: 283500 个任务待处理，堆使用 25.4 MB / 29.0 MB
[GC (Allocation Failure) [PSYoungGen: 8823K->640K(9216K)] 27003K->18972K(29696K), 0.0005630 secs] [Times: user=0.00 sys=0.00, real=0.00 secs]
  任务队列: 284000 个任务待处理，堆使用 22.4 MB / 29.0 MB
[GC (Allocation Failure) [PSYoungGen: 8832K->512K(9216K)] 27164K->18980K(29696K), 0.0005808 secs] [Times: user=0.00 sys=0.00, real=0.00 secs]
  任务队列: 284500 个任务待处理，堆使用 19.4 MB / 29.0 MB
  任务队列: 285000 个任务待处理，堆使用 24.3 MB / 29.0 MB
[GC (Allocation Failure) [PSYoungGen: 8704K->608K(9216K)] 27172K->19228K(29696K), 0.0005552 secs] [Times: user=0.00 sys=0.00, real=0.00 secs]
  任务队列: 285500 个任务待处理，堆使用 21.5 MB / 29.0 MB
  任务队列: 286000 个任务待处理，堆使用 26.5 MB / 29.0 MB
[GC (Allocation Failure) [PSYoungGen: 8793K->608K(9216K)] 27413K->19380K(29696K), 0.0007500 secs] [Times: user=0.00 sys=0.00, real=0.00 secs]
  任务队列: 286500 个任务待处理，堆使用 23.6 MB / 29.0 MB
[GC (Allocation Failure) [PSYoungGen: 8800K->640K(9216K)] 27572K->19564K(29696K), 0.0006226 secs] [Times: user=0.00 sys=0.00, real=0.00 secs]
  任务队列: 287000 个任务待处理，堆使用 20.6 MB / 29.0 MB
  任务队列: 287500 个任务待处理，堆使用 25.7 MB / 29.0 MB
[GC (Allocation Failure) [PSYoungGen: 8832K->640K(9216K)] 27756K->19716K(29696K), 0.0005814 secs] [Times: user=0.00 sys=0.00, real=0.00 secs]
  任务队列: 288000 个任务待处理，堆使用 22.8 MB / 29.0 MB
[GC (Allocation Failure) [PSYoungGen: 8832K->544K(9216K)] 27908K->19772K(29696K), 0.0005646 secs] [Times: user=0.00 sys=0.00, real=0.00 secs]
  任务队列: 288500 个任务待处理，堆使用 19.8 MB / 29.0 MB
  任务队列: 289000 个任务待处理，堆使用 24.7 MB / 29.0 MB
[GC (Allocation Failure) [PSYoungGen: 8736K->576K(9216K)] 27964K->19956K(29696K), 0.0005267 secs] [Times: user=0.00 sys=0.00, real=0.00 secs]
  任务队列: 289500 个任务待处理，堆使用 21.8 MB / 29.0 MB
  任务队列: 290000 个任务待处理，堆使用 26.7 MB / 29.0 MB
[GC (Allocation Failure) [PSYoungGen: 8763K->640K(9216K)] 28143K->20172K(29696K), 0.0005664 secs] [Times: user=0.00 sys=0.00, real=0.00 secs]
  任务队列: 290500 个任务待处理，堆使用 23.9 MB / 29.0 MB
[GC (Allocation Failure) [PSYoungGen: 8832K->608K(9216K)] 28364K->20292K(29696K), 0.0005045 secs] [Times: user=0.00 sys=0.00, real=0.00 secs]
  任务队列: 291000 个任务待处理，堆使用 21.0 MB / 29.0 MB
  任务队列: 291500 个任务待处理，堆使用 25.9 MB / 29.0 MB
[GC (Allocation Failure) [PSYoungGen: 8800K->640K(9216K)] 28484K->20476K(29696K), 0.0005721 secs] [Times: user=0.00 sys=0.00, real=0.00 secs]
  任务队列: 292000 个任务待处理，堆使用 23.0 MB / 29.0 MB
  任务队列: 292500 个任务待处理，堆使用 27.9 MB / 29.0 MB
[GC (Allocation Failure) [PSYoungGen: 8827K->640K(9216K)] 28663K->20628K(29696K), 0.0005258 secs] [Times: user=0.00 sys=0.00, real=0.00 secs]
  任务队列: 293000 个任务待处理，堆使用 25.0 MB / 29.0 MB
[GC (Allocation Failure) [PSYoungGen: 8832K->608K(9216K)] 28820K->20748K(29696K), 0.0004985 secs] [Times: user=0.01 sys=0.00, real=0.00 secs]
  任务队列: 293500 个任务待处理，堆使用 22.1 MB / 29.0 MB
  任务队列: 294000 个任务待处理，堆使用 27.1 MB / 29.0 MB
[GC (Allocation Failure) [PSYoungGen: 8799K->640K(9216K)] 28939K->20932K(29696K), 0.0006172 secs] [Times: user=0.00 sys=0.00, real=0.00 secs]
  任务队列: 294500 个任务待处理，堆使用 24.1 MB / 29.0 MB
[GC (Allocation Failure) [PSYoungGen: 8832K->608K(9216K)] 29124K->21052K(29696K), 0.0006610 secs] [Times: user=0.00 sys=0.00, real=0.00 secs]
[Full GC (Ergonomics) [PSYoungGen: 608K->0K(9216K)] [ParOldGen: 20444K->7075K(20480K)] 21052K->7075K(29696K), [Metaspace: 5207K->5207K(1056768K)], 0.1104704 secs] [Times: user=1.78 sys=0.09, real=0.11 secs]
  任务队列: 295000 个任务待处理，堆使用 7.6 MB / 29.0 MB
  任务队列: 295500 个任务待处理，堆使用 12.6 MB / 29.0 MB
[GC (Allocation Failure) [PSYoungGen: 8185K->544K(9216K)] 15260K->7619K(29696K), 0.0003913 secs] [Times: user=0.00 sys=0.00, real=0.00 secs]
  任务队列: 296000 个任务待处理，堆使用 10.0 MB / 29.0 MB
  任务队列: 296500 个任务待处理，堆使用 15.0 MB / 29.0 MB
[GC (Allocation Failure) [PSYoungGen: 8728K->544K(9216K)] 15804K->7771K(29696K), 0.0005544 secs] [Times: user=0.00 sys=0.00, real=0.00 secs]
  任务队列: 297000 个任务待处理，堆使用 12.1 MB / 29.0 MB
[GC (Allocation Failure) [PSYoungGen: 8736K->544K(9216K)] 15963K->7915K(29696K), 0.0004430 secs] [Times: user=0.00 sys=0.00, real=0.00 secs]
  任务队列: 297500 个任务待处理，堆使用 9.1 MB / 29.0 MB
  任务队列: 298000 个任务待处理，堆使用 14.2 MB / 29.0 MB
[GC (Allocation Failure) [PSYoungGen: 8736K->480K(9216K)] 16107K->7987K(29696K), 0.0005032 secs] [Times: user=0.00 sys=0.00, real=0.00 secs]
  任务队列: 298500 个任务待处理，堆使用 11.2 MB / 29.0 MB
[GC (Allocation Failure) [PSYoungGen: 8672K->608K(9216K)] 16179K->8267K(29696K), 0.0004752 secs] [Times: user=0.00 sys=0.00, real=0.00 secs]
  任务队列: 299000 个任务待处理，堆使用 8.4 MB / 29.0 MB
  任务队列: 299500 个任务待处理，堆使用 13.3 MB / 29.0 MB
[GC (Allocation Failure) [PSYoungGen: 8800K->576K(9216K)] 16459K->8387K(29696K), 0.0004701 secs] [Times: user=0.00 sys=0.00, real=0.00 secs]
  任务队列: 300000 个任务待处理，堆使用 10.4 MB / 29.0 MB
  任务队列: 300500 个任务待处理，堆使用 15.3 MB / 29.0 MB
[GC (Allocation Failure) [PSYoungGen: 8761K->544K(9216K)] 16572K->8507K(29696K), 0.0005224 secs] [Times: user=0.00 sys=0.00, real=0.00 secs]
  任务队列: 301000 个任务待处理，堆使用 12.3 MB / 29.0 MB
[GC (Allocation Failure) [PSYoungGen: 8736K->608K(9216K)] 16699K->8723K(29696K), 0.0004765 secs] [Times: user=0.00 sys=0.00, real=0.00 secs]
  任务队列: 301500 个任务待处理，堆使用 9.5 MB / 29.0 MB
  任务队列: 302000 个任务待处理，堆使用 14.5 MB / 29.0 MB
[GC (Allocation Failure) [PSYoungGen: 8800K->480K(9216K)] 16915K->8739K(29696K), 0.0004806 secs] [Times: user=0.00 sys=0.00, real=0.00 secs]
  任务队列: 302500 个任务待处理，堆使用 11.4 MB / 29.0 MB
  任务队列: 303000 个任务待处理，堆使用 16.4 MB / 29.0 MB
[GC (Allocation Failure) [PSYoungGen: 8664K->640K(9216K)] 16923K->9051K(29696K), 0.0004793 secs] [Times: user=0.00 sys=0.00, real=0.00 secs]
  任务队列: 303500 个任务待处理，堆使用 13.5 MB / 29.0 MB
[GC (Allocation Failure) [PSYoungGen: 8832K->608K(9216K)] 17243K->9171K(29696K), 0.0005271 secs] [Times: user=0.00 sys=0.00, real=0.00 secs]
  任务队列: 304000 个任务待处理，堆使用 10.6 MB / 29.0 MB
  任务队列: 304500 个任务待处理，堆使用 15.5 MB / 29.0 MB
[GC (Allocation Failure) [PSYoungGen: 8800K->416K(9216K)] 17363K->9115K(29696K), 0.0005038 secs] [Times: user=0.00 sys=0.00, real=0.00 secs]
  任务队列: 305000 个任务待处理，堆使用 12.4 MB / 29.0 MB
[GC (Allocation Failure) [PSYoungGen: 8608K->640K(9216K)] 17307K->9491K(29696K), 0.0005559 secs] [Times: user=0.00 sys=0.00, real=0.00 secs]
  任务队列: 305500 个任务待处理，堆使用 9.8 MB / 29.0 MB
  任务队列: 306000 个任务待处理，堆使用 14.8 MB / 29.0 MB
[GC (Allocation Failure) [PSYoungGen: 8832K->640K(9216K)] 17683K->9643K(29696K), 0.0004913 secs] [Times: user=0.00 sys=0.00, real=0.00 secs]
  任务队列: 306500 个任务待处理，堆使用 11.8 MB / 29.0 MB
  任务队列: 307000 个任务待处理，堆使用 16.8 MB / 29.0 MB
[GC (Allocation Failure) [PSYoungGen: 8824K->512K(9216K)] 17828K->9667K(29696K), 0.0004738 secs] [Times: user=0.00 sys=0.00, real=0.00 secs]
  任务队列: 307500 个任务待处理，堆使用 13.8 MB / 29.0 MB
[GC (Allocation Failure) [PSYoungGen: 8704K->512K(9216K)] 17859K->9803K(29696K), 0.0005028 secs] [Times: user=0.00 sys=0.00, real=0.00 secs]
  任务队列: 308000 个任务待处理，堆使用 10.8 MB / 29.0 MB
  任务队列: 308500 个任务待处理，堆使用 15.7 MB / 29.0 MB
[GC (Allocation Failure) [PSYoungGen: 8704K->512K(9216K)] 17995K->9931K(29696K), 0.0004819 secs] [Times: user=0.06 sys=0.00, real=0.00 secs]
  任务队列: 309000 个任务待处理，堆使用 12.7 MB / 29.0 MB
  任务队列: 309500 个任务待处理，堆使用 17.6 MB / 29.0 MB
[GC (Allocation Failure) [PSYoungGen: 8704K->608K(9216K)] 18123K->10179K(29696K), 0.0004917 secs] [Times: user=0.00 sys=0.00, real=0.00 secs]
  任务队列: 310000 个任务待处理，堆使用 15.0 MB / 29.0 MB
[GC (Allocation Failure) [PSYoungGen: 8800K->640K(9216K)] 18371K->10363K(29696K), 0.0004917 secs] [Times: user=0.00 sys=0.00, real=0.00 secs]
  任务队列: 310500 个任务待处理，堆使用 12.0 MB / 29.0 MB
  任务队列: 311000 个任务待处理，堆使用 17.0 MB / 29.0 MB
[GC (Allocation Failure) [PSYoungGen: 8827K->544K(9216K)] 18551K->10419K(29696K), 0.0005634 secs] [Times: user=0.00 sys=0.00, real=0.00 secs]
  任务队列: 311500 个任务待处理，堆使用 14.0 MB / 29.0 MB
[GC (Allocation Failure) [PSYoungGen: 8736K->544K(9216K)] 18611K->10571K(29696K), 0.0005066 secs] [Times: user=0.00 sys=0.00, real=0.00 secs]
  任务队列: 312000 个任务待处理，堆使用 11.0 MB / 29.0 MB
  任务队列: 312500 个任务待处理，堆使用 15.9 MB / 29.0 MB
[GC (Allocation Failure) [PSYoungGen: 8736K->640K(9216K)] 18763K->10811K(29696K), 0.0005179 secs] [Times: user=0.00 sys=0.00, real=0.00 secs]
  任务队列: 313000 个任务待处理，堆使用 13.2 MB / 29.0 MB
  任务队列: 313500 个任务待处理，堆使用 18.2 MB / 29.0 MB
[GC (Allocation Failure) [PSYoungGen: 8828K->576K(9216K)] 18999K->10899K(29696K), 0.0004772 secs] [Times: user=0.00 sys=0.00, real=0.00 secs]
  任务队列: 314000 个任务待处理，堆使用 15.2 MB / 29.0 MB
[GC (Allocation Failure) [PSYoungGen: 8768K->544K(9216K)] 19091K->11019K(29696K), 0.0004666 secs] [Times: user=0.00 sys=0.00, real=0.00 secs]
  任务队列: 314500 个任务待处理，堆使用 12.1 MB / 29.0 MB
  任务队列: 315000 个任务待处理，堆使用 17.1 MB / 29.0 MB
[GC (Allocation Failure) [PSYoungGen: 8736K->608K(9216K)] 19211K->11235K(29696K), 0.0005444 secs] [Times: user=0.00 sys=0.00, real=0.00 secs]
  任务队列: 315500 个任务待处理，堆使用 14.3 MB / 29.0 MB
[GC (Allocation Failure) [PSYoungGen: 8800K->640K(9216K)] 19427K->11419K(29696K), 0.0005316 secs] [Times: user=0.00 sys=0.00, real=0.00 secs]
  任务队列: 316000 个任务待处理，堆使用 11.5 MB / 29.0 MB
  任务队列: 316500 个任务待处理，堆使用 16.4 MB / 29.0 MB
[GC (Allocation Failure) [PSYoungGen: 8832K->608K(9216K)] 19611K->11539K(29696K), 0.0009610 secs] [Times: user=0.00 sys=0.00, real=0.00 secs]
  任务队列: 317000 个任务待处理，堆使用 13.5 MB / 29.0 MB
  任务队列: 317500 个任务待处理，堆使用 18.4 MB / 29.0 MB
[GC (Allocation Failure) [PSYoungGen: 8793K->544K(9216K)] 19724K->11627K(29696K), 0.0005997 secs] [Times: user=0.00 sys=0.00, real=0.00 secs]
  任务队列: 318000 个任务待处理，堆使用 15.4 MB / 29.0 MB
[GC (Allocation Failure) [PSYoungGen: 8736K->640K(9216K)] 19819K->11875K(29696K), 0.0005786 secs] [Times: user=0.00 sys=0.00, real=0.00 secs]
  任务队列: 318500 个任务待处理，堆使用 12.6 MB / 29.0 MB
  任务队列: 319000 个任务待处理，堆使用 17.6 MB / 29.0 MB
[GC (Allocation Failure) [PSYoungGen: 8832K->544K(9216K)] 20067K->11931K(29696K), 0.0005236 secs] [Times: user=0.00 sys=0.00, real=0.00 secs]
  任务队列: 319500 个任务待处理，堆使用 14.5 MB / 29.0 MB
  任务队列: 320000 个任务待处理，堆使用 19.4 MB / 29.0 MB
[GC (Allocation Failure) [PSYoungGen: 8731K->640K(9216K)] 20119K->12179K(29696K), 0.0004999 secs] [Times: user=0.00 sys=0.00, real=0.00 secs]
  任务队列: 320500 个任务待处理，堆使用 16.6 MB / 29.0 MB
[GC (Allocation Failure) [PSYoungGen: 8832K->640K(9216K)] 20371K->12331K(29696K), 0.0006037 secs] [Times: user=0.00 sys=0.00, real=0.00 secs]
  任务队列: 321000 个任务待处理，堆使用 13.7 MB / 29.0 MB
  任务队列: 321500 个任务待处理，堆使用 18.6 MB / 29.0 MB
[GC (Allocation Failure) [PSYoungGen: 8832K->576K(9216K)] 20523K->12419K(29696K), 0.0005281 secs] [Times: user=0.00 sys=0.00, real=0.00 secs]
  任务队列: 322000 个任务待处理，堆使用 15.7 MB / 29.0 MB
[GC (Allocation Failure) [PSYoungGen: 8768K->640K(9216K)] 20611K->12635K(29696K), 0.0005584 secs] [Times: user=0.00 sys=0.00, real=0.00 secs]
  任务队列: 322500 个任务待处理，堆使用 12.8 MB / 29.0 MB
  任务队列: 323000 个任务待处理，堆使用 17.7 MB / 29.0 MB
[GC (Allocation Failure) [PSYoungGen: 8832K->608K(9216K)] 20827K->12755K(29696K), 0.0005062 secs] [Times: user=0.28 sys=0.03, real=0.00 secs]
  任务队列: 323500 个任务待处理，堆使用 14.8 MB / 29.0 MB
  任务队列: 324000 个任务待处理，堆使用 19.7 MB / 29.0 MB
[GC (Allocation Failure) [PSYoungGen: 8800K->608K(9216K)] 20947K->12907K(29696K), 0.0004983 secs] [Times: user=0.00 sys=0.00, real=0.00 secs]
  任务队列: 324500 个任务待处理，堆使用 17.0 MB / 29.0 MB
[GC (Allocation Failure) [PSYoungGen: 8800K->608K(9216K)] 21099K->13059K(29696K), 0.0004835 secs] [Times: user=0.00 sys=0.00, real=0.00 secs]
  任务队列: 325000 个任务待处理，堆使用 14.1 MB / 29.0 MB
  任务队列: 325500 个任务待处理，堆使用 18.9 MB / 29.0 MB
[GC (Allocation Failure) [PSYoungGen: 8800K->640K(9216K)] 21251K->13243K(29696K), 0.0006369 secs] [Times: user=0.00 sys=0.00, real=0.00 secs]
  任务队列: 326000 个任务待处理，堆使用 16.1 MB / 29.0 MB
[GC (Allocation Failure) [PSYoungGen: 8832K->640K(9216K)] 21435K->13395K(29696K), 0.0005283 secs] [Times: user=0.00 sys=0.00, real=0.00 secs]
  任务队列: 326500 个任务待处理，堆使用 13.2 MB / 29.0 MB
  任务队列: 327000 个任务待处理，堆使用 18.2 MB / 29.0 MB
[GC (Allocation Failure) [PSYoungGen: 8832K->608K(9216K)] 21587K->13515K(29696K), 0.0005643 secs] [Times: user=0.00 sys=0.00, real=0.00 secs]
  任务队列: 327500 个任务待处理，堆使用 15.2 MB / 29.0 MB
  任务队列: 328000 个任务待处理，堆使用 20.1 MB / 29.0 MB
[GC (Allocation Failure) [PSYoungGen: 8792K->576K(9216K)] 21700K->13635K(29696K), 0.0005253 secs] [Times: user=0.00 sys=0.00, real=0.00 secs]
  任务队列: 328500 个任务待处理，堆使用 17.2 MB / 29.0 MB
[GC (Allocation Failure) [PSYoungGen: 8768K->640K(9216K)] 21827K->13851K(29696K), 0.0005156 secs] [Times: user=0.00 sys=0.00, real=0.00 secs]
  任务队列: 329000 个任务待处理，堆使用 14.4 MB / 29.0 MB
  任务队列: 329500 个任务待处理，堆使用 19.3 MB / 29.0 MB
[GC (Allocation Failure) [PSYoungGen: 8832K->576K(9216K)] 22043K->13939K(29696K), 0.0005501 secs] [Times: user=0.00 sys=0.00, real=0.00 secs]
  任务队列: 330000 个任务待处理，堆使用 16.3 MB / 29.0 MB
  任务队列: 330500 个任务待处理，堆使用 21.3 MB / 29.0 MB
[GC (Allocation Failure) [PSYoungGen: 8764K->512K(9216K)] 22127K->14019K(29696K), 0.0005660 secs] [Times: user=0.00 sys=0.00, real=0.00 secs]
  任务队列: 331000 个任务待处理，堆使用 18.2 MB / 29.0 MB
[GC (Allocation Failure) [PSYoungGen: 8704K->640K(9216K)] 22211K->14299K(29696K), 0.0006461 secs] [Times: user=0.00 sys=0.00, real=0.00 secs]
  任务队列: 331500 个任务待处理，堆使用 15.5 MB / 29.0 MB
  任务队列: 332000 个任务待处理，堆使用 20.5 MB / 29.0 MB
[GC (Allocation Failure) [PSYoungGen: 8832K->512K(9216K)] 22491K->14323K(29696K), 0.0005976 secs] [Times: user=0.00 sys=0.00, real=0.00 secs]
  任务队列: 332500 个任务待处理，堆使用 17.5 MB / 29.0 MB
[GC (Allocation Failure) [PSYoungGen: 8704K->640K(9216K)] 22515K->14603K(29696K), 0.0006283 secs] [Times: user=0.00 sys=0.00, real=0.00 secs]
  任务队列: 333000 个任务待处理，堆使用 14.6 MB / 29.0 MB
  任务队列: 333500 个任务待处理，堆使用 19.7 MB / 29.0 MB
[GC (Allocation Failure) [PSYoungGen: 8832K->640K(9216K)] 22795K->14755K(29696K), 0.0005189 secs] [Times: user=0.00 sys=0.00, real=0.00 secs]
  任务队列: 334000 个任务待处理，堆使用 16.8 MB / 29.0 MB
  任务队列: 334500 个任务待处理，堆使用 21.6 MB / 29.0 MB
[GC (Allocation Failure) [PSYoungGen: 8824K->576K(9216K)] 22939K->14843K(29696K), 0.0005362 secs] [Times: user=0.00 sys=0.00, real=0.00 secs]
  任务队列: 335000 个任务待处理，堆使用 18.7 MB / 29.0 MB
[GC (Allocation Failure) [PSYoungGen: 8768K->512K(9216K)] 23035K->14907K(29696K), 0.0005810 secs] [Times: user=0.00 sys=0.00, real=0.00 secs]
  任务队列: 335500 个任务待处理，堆使用 15.7 MB / 29.0 MB
  任务队列: 336000 个任务待处理，堆使用 20.7 MB / 29.0 MB
[GC (Allocation Failure) [PSYoungGen: 8698K->576K(9216K)] 23093K->15115K(29696K), 0.0005297 secs] [Times: user=0.00 sys=0.00, real=0.00 secs]
  任务队列: 336500 个任务待处理，堆使用 17.8 MB / 29.0 MB
  任务队列: 337000 个任务待处理，堆使用 22.7 MB / 29.0 MB
[GC (Allocation Failure) [PSYoungGen: 8766K->512K(9216K)] 23305K->15203K(29696K), 0.0005380 secs] [Times: user=0.00 sys=0.00, real=0.00 secs]
  任务队列: 337500 个任务待处理，堆使用 19.7 MB / 29.0 MB
[GC (Allocation Failure) [PSYoungGen: 8704K->512K(9216K)] 23395K->15347K(29696K), 0.0004795 secs] [Times: user=0.00 sys=0.00, real=0.00 secs]
  任务队列: 338000 个任务待处理，堆使用 16.8 MB / 29.0 MB
  任务队列: 338500 个任务待处理，堆使用 21.8 MB / 29.0 MB
[GC (Allocation Failure) [PSYoungGen: 8698K->640K(9216K)] 23534K->15627K(29696K), 0.0005388 secs] [Times: user=0.31 sys=0.00, real=0.00 secs]
  任务队列: 339000 个任务待处理，堆使用 19.0 MB / 29.0 MB
[GC (Allocation Failure) [PSYoungGen: 8832K->608K(9216K)] 23819K->15747K(29696K), 0.0005178 secs] [Times: user=0.00 sys=0.00, real=0.00 secs]
  任务队列: 339500 个任务待处理，堆使用 16.1 MB / 29.0 MB
  任务队列: 340000 个任务待处理，堆使用 21.0 MB / 29.0 MB
[GC (Allocation Failure) [PSYoungGen: 8800K->640K(9216K)] 23939K->15923K(29696K), 0.0005098 secs] [Times: user=0.00 sys=0.00, real=0.00 secs]
  任务队列: 340500 个任务待处理，堆使用 18.1 MB / 29.0 MB
  任务队列: 341000 个任务待处理，堆使用 23.1 MB / 29.0 MB
[GC (Allocation Failure) [PSYoungGen: 8831K->544K(9216K)] 24114K->15979K(29696K), 0.0005046 secs] [Times: user=0.00 sys=0.00, real=0.00 secs]
  任务队列: 341500 个任务待处理，堆使用 20.0 MB / 29.0 MB
[GC (Allocation Failure) [PSYoungGen: 8736K->640K(9216K)] 24171K->16227K(29696K), 0.0006199 secs] [Times: user=0.00 sys=0.00, real=0.00 secs]
  任务队列: 342000 个任务待处理，堆使用 17.2 MB / 29.0 MB
  任务队列: 342500 个任务待处理，堆使用 22.2 MB / 29.0 MB
[GC (Allocation Failure) [PSYoungGen: 8832K->512K(9216K)] 24419K->16251K(29696K), 0.0005428 secs] [Times: user=0.00 sys=0.00, real=0.00 secs]
  任务队列: 343000 个任务待处理，堆使用 19.2 MB / 29.0 MB
[GC (Allocation Failure) [PSYoungGen: 8704K->640K(9216K)] 24443K->16531K(29696K), 0.0005368 secs] [Times: user=0.00 sys=0.00, real=0.00 secs]
  任务队列: 343500 个任务待处理，堆使用 16.3 MB / 29.0 MB
  任务队列: 344000 个任务待处理，堆使用 21.3 MB / 29.0 MB
[GC (Allocation Failure) [PSYoungGen: 8832K->640K(9216K)] 24723K->16683K(29696K), 0.0005153 secs] [Times: user=0.00 sys=0.00, real=0.00 secs]
  任务队列: 344500 个任务待处理，堆使用 18.5 MB / 29.0 MB
  任务队列: 345000 个任务待处理，堆使用 23.4 MB / 29.0 MB
[GC (Allocation Failure) [PSYoungGen: 8828K->512K(9216K)] 24871K->16707K(29696K), 0.0005043 secs] [Times: user=0.00 sys=0.00, real=0.00 secs]
  任务队列: 345500 个任务待处理，堆使用 20.3 MB / 29.0 MB
[GC (Allocation Failure) [PSYoungGen: 8704K->576K(9216K)] 24899K->16923K(29696K), 0.0005289 secs] [Times: user=0.00 sys=0.00, real=0.00 secs]
  任务队列: 346000 个任务待处理，堆使用 17.5 MB / 29.0 MB
  任务队列: 346500 个任务待处理，堆使用 22.4 MB / 29.0 MB
[GC (Allocation Failure) [PSYoungGen: 8768K->640K(9216K)] 25115K->17139K(29696K), 0.0005688 secs] [Times: user=0.00 sys=0.00, real=0.00 secs]
  任务队列: 347000 个任务待处理，堆使用 19.6 MB / 29.0 MB
  任务队列: 347500 个任务待处理，堆使用 24.5 MB / 29.0 MB
[GC (Allocation Failure) [PSYoungGen: 8830K->544K(9216K)] 25330K->17195K(29696K), 0.0006435 secs] [Times: user=0.00 sys=0.00, real=0.00 secs]
  任务队列: 348000 个任务待处理，堆使用 21.5 MB / 29.0 MB
[GC (Allocation Failure) [PSYoungGen: 8736K->608K(9216K)] 25387K->17411K(29696K), 0.0005691 secs] [Times: user=0.00 sys=0.00, real=0.00 secs]
  任务队列: 348500 个任务待处理，堆使用 18.7 MB / 29.0 MB
  任务队列: 349000 个任务待处理，堆使用 23.7 MB / 29.0 MB
[GC (Allocation Failure) [PSYoungGen: 8800K->640K(9216K)] 25603K->17595K(29696K), 0.0005473 secs] [Times: user=0.00 sys=0.00, real=0.00 secs]
  任务队列: 349500 个任务待处理，堆使用 20.7 MB / 29.0 MB
[GC (Allocation Failure) [PSYoungGen: 8832K->608K(9216K)] 25787K->17715K(29696K), 0.0004683 secs] [Times: user=0.00 sys=0.00, real=0.00 secs]
  任务队列: 350000 个任务待处理，堆使用 17.8 MB / 29.0 MB
  任务队列: 350500 个任务待处理，堆使用 22.8 MB / 29.0 MB
[GC (Allocation Failure) [PSYoungGen: 8800K->544K(9216K)] 25907K->17779K(29696K), 0.0006925 secs] [Times: user=0.00 sys=0.00, real=0.00 secs]
  任务队列: 351000 个任务待处理，堆使用 19.9 MB / 29.0 MB
  任务队列: 351500 个任务待处理，堆使用 24.7 MB / 29.0 MB
[GC (Allocation Failure) [PSYoungGen: 8727K->608K(9216K)] 25962K->17995K(29696K), 0.0007852 secs] [Times: user=0.00 sys=0.00, real=0.00 secs]
  任务队列: 352000 个任务待处理，堆使用 21.9 MB / 29.0 MB
[GC (Allocation Failure) [PSYoungGen: 8800K->576K(9216K)] 26187K->18115K(29696K), 0.0005169 secs] [Times: user=0.00 sys=0.00, real=0.00 secs]
  任务队列: 352500 个任务待处理，堆使用 18.9 MB / 29.0 MB
  任务队列: 353000 个任务待处理，堆使用 23.9 MB / 29.0 MB
[GC (Allocation Failure) [PSYoungGen: 8768K->512K(9216K)] 26307K->18203K(29696K), 0.0005615 secs] [Times: user=0.00 sys=0.00, real=0.00 secs]
  任务队列: 353500 个任务待处理，堆使用 21.0 MB / 29.0 MB
[GC (Allocation Failure) [PSYoungGen: 8704K->640K(9216K)] 26395K->18483K(29696K), 0.0006231 secs] [Times: user=0.25 sys=0.06, real=0.00 secs]
  任务队列: 354000 个任务待处理，堆使用 18.2 MB / 29.0 MB
  任务队列: 354500 个任务待处理，堆使用 23.0 MB / 29.0 MB
[GC (Allocation Failure) [PSYoungGen: 8832K->640K(9216K)] 26675K->18635K(29696K), 0.0006259 secs] [Times: user=0.00 sys=0.00, real=0.00 secs]
  任务队列: 355000 个任务待处理，堆使用 20.2 MB / 29.0 MB
  任务队列: 355500 个任务待处理，堆使用 25.1 MB / 29.0 MB
[GC (Allocation Failure) [PSYoungGen: 8830K->512K(9216K)] 26825K->18659K(29696K), 0.0005498 secs] [Times: user=0.00 sys=0.00, real=0.00 secs]
  任务队列: 356000 个任务待处理，堆使用 22.1 MB / 29.0 MB
[GC (Allocation Failure) [PSYoungGen: 8704K->544K(9216K)] 26851K->18843K(29696K), 0.0005184 secs] [Times: user=0.00 sys=0.00, real=0.00 secs]
  任务队列: 356500 个任务待处理，堆使用 19.2 MB / 29.0 MB
  任务队列: 357000 个任务待处理，堆使用 24.2 MB / 29.0 MB
[GC (Allocation Failure) [PSYoungGen: 8736K->512K(9216K)] 27035K->18955K(29696K), 0.0004757 secs] [Times: user=0.00 sys=0.00, real=0.00 secs]
  任务队列: 357500 个任务待处理，堆使用 21.2 MB / 29.0 MB
  任务队列: 358000 个任务待处理，堆使用 26.1 MB / 29.0 MB
[GC (Allocation Failure) [PSYoungGen: 8695K->576K(9216K)] 27139K->19171K(29696K), 0.0005308 secs] [Times: user=0.00 sys=0.00, real=0.00 secs]
  任务队列: 358500 个任务待处理，堆使用 23.3 MB / 29.0 MB
[GC (Allocation Failure) [PSYoungGen: 8768K->640K(9216K)] 27363K->19387K(29696K), 0.0006086 secs] [Times: user=0.00 sys=0.00, real=0.00 secs]
  任务队列: 359000 个任务待处理，堆使用 20.5 MB / 29.0 MB
  任务队列: 359500 个任务待处理，堆使用 25.5 MB / 29.0 MB
[GC (Allocation Failure) [PSYoungGen: 8832K->576K(9216K)] 27579K->19475K(29696K), 0.0004843 secs] [Times: user=0.00 sys=0.00, real=0.00 secs]
  任务队列: 360000 个任务待处理，堆使用 22.4 MB / 29.0 MB
[GC (Allocation Failure) --[PSYoungGen: 8759K->8759K(9216K)] 27658K->27810K(29696K), 0.0004434 secs] [Times: user=0.00 sys=0.00, real=0.00 secs]
[Full GC (Ergonomics) [PSYoungGen: 8759K->0K(9216K)] [ParOldGen: 19051K->8799K(20480K)] 27810K->8799K(29696K), [Metaspace: 5207K->5207K(1056768K)], 0.1283273 secs] [Times: user=2.42 sys=0.08, real=0.13 secs]
  任务队列: 360500 个任务待处理，堆使用 11.0 MB / 29.0 MB
  任务队列: 361000 个任务待处理，堆使用 16.0 MB / 29.0 MB
[GC (Allocation Failure) [PSYoungGen: 8182K->640K(9216K)] 16981K->9439K(29696K), 0.0004276 secs] [Times: user=0.00 sys=0.00, real=0.00 secs]
  任务队列: 361500 个任务待处理，堆使用 13.6 MB / 29.0 MB
[GC (Allocation Failure) [PSYoungGen: 8832K->640K(9216K)] 17631K->9591K(29696K), 0.0004909 secs] [Times: user=0.00 sys=0.00, real=0.00 secs]
  任务队列: 362000 个任务待处理，堆使用 10.5 MB / 29.0 MB
  任务队列: 362500 个任务待处理，堆使用 15.6 MB / 29.0 MB
[GC (Allocation Failure) [PSYoungGen: 8832K->544K(9216K)] 17783K->9647K(29696K), 0.0004970 secs] [Times: user=0.00 sys=0.00, real=0.00 secs]
  任务队列: 363000 个任务待处理，堆使用 12.6 MB / 29.0 MB
[GC (Allocation Failure) [PSYoungGen: 8736K->640K(9216K)] 17839K->9895K(29696K), 0.0005936 secs] [Times: user=0.00 sys=0.00, real=0.00 secs]
  任务队列: 363500 个任务待处理，堆使用 9.8 MB / 29.0 MB
  任务队列: 364000 个任务待处理，堆使用 14.7 MB / 29.0 MB
[GC (Allocation Failure) [PSYoungGen: 8832K->608K(9216K)] 18087K->10015K(29696K), 0.0004798 secs] [Times: user=0.00 sys=0.00, real=0.00 secs]
  任务队列: 364500 个任务待处理，堆使用 11.8 MB / 29.0 MB
  任务队列: 365000 个任务待处理，堆使用 16.7 MB / 29.0 MB
[GC (Allocation Failure) [PSYoungGen: 8799K->512K(9216K)] 18206K->10063K(29696K), 0.0004949 secs] [Times: user=0.00 sys=0.00, real=0.00 secs]
  任务队列: 365500 个任务待处理，堆使用 13.7 MB / 29.0 MB
[GC (Allocation Failure) [PSYoungGen: 8704K->640K(9216K)] 18255K->10343K(29696K), 0.0006257 secs] [Times: user=0.28 sys=0.03, real=0.00 secs]
  任务队列: 366000 个任务待处理，堆使用 10.9 MB / 29.0 MB
  任务队列: 366500 个任务待处理，堆使用 15.9 MB / 29.0 MB
[GC (Allocation Failure) [PSYoungGen: 8832K->608K(9216K)] 18535K->10463K(29696K), 0.0004773 secs] [Times: user=0.00 sys=0.00, real=0.00 secs]
  任务队列: 367000 个任务待处理，堆使用 12.9 MB / 29.0 MB
  任务队列: 367500 个任务待处理，堆使用 17.9 MB / 29.0 MB
[GC (Allocation Failure) [PSYoungGen: 8793K->608K(9216K)] 18648K->10615K(29696K), 0.0005151 secs] [Times: user=0.00 sys=0.00, real=0.00 secs]
  任务队列: 368000 个任务待处理，堆使用 14.9 MB / 29.0 MB
[GC (Allocation Failure) [PSYoungGen: 8800K->608K(9216K)] 18807K->10767K(29696K), 0.0004837 secs] [Times: user=0.00 sys=0.00, real=0.00 secs]
  任务队列: 368500 个任务待处理，堆使用 12.0 MB / 29.0 MB
  任务队列: 369000 个任务待处理，堆使用 17.1 MB / 29.0 MB
[GC (Allocation Failure) [PSYoungGen: 8800K->512K(9216K)] 18959K->10823K(29696K), 0.0004788 secs] [Times: user=0.00 sys=0.00, real=0.00 secs]
  任务队列: 369500 个任务待处理，堆使用 13.9 MB / 29.0 MB
[GC (Allocation Failure) [PSYoungGen: 8704K->448K(9216K)] 19015K->10895K(29696K), 0.0004860 secs] [Times: user=0.00 sys=0.00, real=0.00 secs]
  任务队列: 370000 个任务待处理，堆使用 11.0 MB / 29.0 MB
  任务队列: 370500 个任务待处理，堆使用 16.0 MB / 29.0 MB
[GC (Allocation Failure) [PSYoungGen: 8640K->608K(9216K)] 19087K->11207K(29696K), 0.0005003 secs] [Times: user=0.00 sys=0.00, real=0.00 secs]
  任务队列: 371000 个任务待处理，堆使用 13.3 MB / 29.0 MB
  任务队列: 371500 个任务待处理，堆使用 18.2 MB / 29.0 MB
[GC (Allocation Failure) [PSYoungGen: 8793K->544K(9216K)] 19393K->11295K(29696K), 0.0004720 secs] [Times: user=0.00 sys=0.00, real=0.00 secs]
  任务队列: 372000 个任务待处理，堆使用 15.2 MB / 29.0 MB
[GC (Allocation Failure) [PSYoungGen: 8736K->640K(9216K)] 19487K->11543K(29696K), 0.0005916 secs] [Times: user=0.00 sys=0.00, real=0.00 secs]
  任务队列: 372500 个任务待处理，堆使用 12.5 MB / 29.0 MB
  任务队列: 373000 个任务待处理，堆使用 17.4 MB / 29.0 MB
[GC (Allocation Failure) [PSYoungGen: 8832K->608K(9216K)] 19735K->11655K(29696K), 0.0004871 secs] [Times: user=0.00 sys=0.00, real=0.00 secs]
  任务队列: 373500 个任务待处理，堆使用 14.4 MB / 29.0 MB
  任务队列: 374000 个任务待处理，堆使用 19.3 MB / 29.0 MB
[GC (Allocation Failure) [PSYoungGen: 8798K->640K(9216K)] 19845K->11839K(29696K), 0.0005301 secs] [Times: user=0.00 sys=0.00, real=0.00 secs]
  任务队列: 374500 个任务待处理，堆使用 16.4 MB / 29.0 MB
[GC (Allocation Failure) [PSYoungGen: 8831K->608K(9216K)] 20031K->11959K(29696K), 0.0004857 secs] [Times: user=0.00 sys=0.00, real=0.00 secs]
  任务队列: 375000 个任务待处理，堆使用 13.5 MB / 29.0 MB
  任务队列: 375500 个任务待处理，堆使用 18.3 MB / 29.0 MB
[GC (Allocation Failure) [PSYoungGen: 8800K->640K(9216K)] 20151K->12143K(29696K), 0.0004806 secs] [Times: user=0.00 sys=0.00, real=0.00 secs]
  任务队列: 376000 个任务待处理，堆使用 15.6 MB / 29.0 MB
[GC (Allocation Failure) [PSYoungGen: 8832K->576K(9216K)] 20335K->12231K(29696K), 0.0004774 secs] [Times: user=0.00 sys=0.00, real=0.00 secs]
  任务队列: 376500 个任务待处理，堆使用 12.6 MB / 29.0 MB
  任务队列: 377000 个任务待处理，堆使用 17.5 MB / 29.0 MB
[GC (Allocation Failure) [PSYoungGen: 8768K->608K(9216K)] 20423K->12415K(29696K), 0.0004507 secs] [Times: user=0.00 sys=0.00, real=0.00 secs]
  任务队列: 377500 个任务待处理，堆使用 14.7 MB / 29.0 MB
  任务队列: 378000 个任务待处理，堆使用 19.5 MB / 29.0 MB
[GC (Allocation Failure) [PSYoungGen: 8800K->640K(9216K)] 20607K->12599K(29696K), 0.0005283 secs] [Times: user=0.00 sys=0.00, real=0.00 secs]
  任务队列: 378500 个任务待处理，堆使用 16.7 MB / 29.0 MB
[GC (Allocation Failure) [PSYoungGen: 8832K->608K(9216K)] 20791K->12719K(29696K), 0.0005251 secs] [Times: user=0.00 sys=0.00, real=0.00 secs]
  任务队列: 379000 个任务待处理，堆使用 13.8 MB / 29.0 MB
  任务队列: 379500 个任务待处理，堆使用 18.7 MB / 29.0 MB
[GC (Allocation Failure) [PSYoungGen: 8800K->576K(9216K)] 20911K->12839K(29696K), 0.0005011 secs] [Times: user=0.00 sys=0.00, real=0.00 secs]
  任务队列: 380000 个任务待处理，堆使用 15.7 MB / 29.0 MB
[GC (Allocation Failure) [PSYoungGen: 8768K->576K(9216K)] 21031K->12991K(29696K), 0.0005055 secs] [Times: user=0.00 sys=0.00, real=0.00 secs]
  任务队列: 380500 个任务待处理，堆使用 12.9 MB / 29.0 MB
  任务队列: 381000 个任务待处理，堆使用 17.9 MB / 29.0 MB
[GC (Allocation Failure) [PSYoungGen: 8768K->640K(9216K)] 21183K->13207K(29696K), 0.0004918 secs] [Times: user=0.00 sys=0.00, real=0.00 secs]
  任务队列: 381500 个任务待处理，堆使用 14.9 MB / 29.0 MB
  任务队列: 382000 个任务待处理，堆使用 19.8 MB / 29.0 MB
[GC (Allocation Failure) [PSYoungGen: 8822K->544K(9216K)] 21390K->13247K(29696K), 0.0005053 secs] [Times: user=0.00 sys=0.00, real=0.00 secs]
  任务队列: 382500 个任务待处理，堆使用 16.8 MB / 29.0 MB
[GC (Allocation Failure) [PSYoungGen: 8736K->576K(9216K)] 21439K->13431K(29696K), 0.0005252 secs] [Times: user=0.01 sys=0.00, real=0.00 secs]
  任务队列: 383000 个任务待处理，堆使用 14.0 MB / 29.0 MB
  任务队列: 383500 个任务待处理，堆使用 18.9 MB / 29.0 MB
[GC (Allocation Failure) [PSYoungGen: 8768K->608K(9216K)] 21623K->13615K(29696K), 0.0005600 secs] [Times: user=0.00 sys=0.00, real=0.00 secs]
  任务队列: 384000 个任务待处理，堆使用 16.0 MB / 29.0 MB
  任务队列: 384500 个任务待处理，堆使用 21.0 MB / 29.0 MB
[GC (Allocation Failure) [PSYoungGen: 8792K->640K(9216K)] 21799K->13799K(29696K), 0.0005421 secs] [Times: user=0.00 sys=0.00, real=0.00 secs]
  任务队列: 385000 个任务待处理，堆使用 18.2 MB / 29.0 MB
[GC (Allocation Failure) [PSYoungGen: 8832K->640K(9216K)] 21991K->13951K(29696K), 0.0004688 secs] [Times: user=0.00 sys=0.00, real=0.00 secs]
  任务队列: 385500 个任务待处理，堆使用 15.1 MB / 29.0 MB
  任务队列: 386000 个任务待处理，堆使用 20.2 MB / 29.0 MB
[GC (Allocation Failure) [PSYoungGen: 8832K->640K(9216K)] 22143K->14103K(29696K), 0.0005744 secs] [Times: user=0.00 sys=0.00, real=0.00 secs]
  任务队列: 386500 个任务待处理，堆使用 17.3 MB / 29.0 MB
[GC (Allocation Failure) [PSYoungGen: 8832K->512K(9216K)] 22295K->14119K(29696K), 0.0005282 secs] [Times: user=0.00 sys=0.00, real=0.00 secs]
  任务队列: 387000 个任务待处理，堆使用 14.3 MB / 29.0 MB
  任务队列: 387500 个任务待处理，堆使用 19.1 MB / 29.0 MB
[GC (Allocation Failure) [PSYoungGen: 8704K->448K(9216K)] 22311K->14191K(29696K), 0.0004877 secs] [Times: user=0.00 sys=0.00, real=0.00 secs]
  任务队列: 388000 个任务待处理，堆使用 16.2 MB / 29.0 MB
  任务队列: 388500 个任务待处理，堆使用 21.2 MB / 29.0 MB
[GC (Allocation Failure) [PSYoungGen: 8633K->640K(9216K)] 22376K->14535K(29696K), 0.0005127 secs] [Times: user=0.00 sys=0.00, real=0.00 secs]
  任务队列: 389000 个任务待处理，堆使用 18.4 MB / 29.0 MB
[GC (Allocation Failure) [PSYoungGen: 8832K->640K(9216K)] 22727K->14687K(29696K), 0.0005885 secs] [Times: user=0.00 sys=0.00, real=0.00 secs]
  任务队列: 389500 个任务待处理，堆使用 15.5 MB / 29.0 MB
  任务队列: 390000 个任务待处理，堆使用 20.4 MB / 29.0 MB
[GC (Allocation Failure) [PSYoungGen: 8826K->640K(9216K)] 22873K->14839K(29696K), 0.0008551 secs] [Times: user=0.00 sys=0.00, real=0.00 secs]
  任务队列: 390500 个任务待处理，堆使用 17.5 MB / 29.0 MB
  任务队列: 391000 个任务待处理，堆使用 22.4 MB / 29.0 MB
[GC (Allocation Failure) [PSYoungGen: 8832K->608K(9216K)] 23031K->14959K(29696K), 0.0005975 secs] [Times: user=0.00 sys=0.00, real=0.00 secs]
  任务队列: 391500 个任务待处理，堆使用 19.5 MB / 29.0 MB
[GC (Allocation Failure) [PSYoungGen: 8800K->640K(9216K)] 23151K->15143K(29696K), 0.0005606 secs] [Times: user=0.00 sys=0.00, real=0.00 secs]
  任务队列: 392000 个任务待处理，堆使用 16.8 MB / 29.0 MB
  任务队列: 392500 个任务待处理，堆使用 21.6 MB / 29.0 MB
[GC (Allocation Failure) [PSYoungGen: 8825K->640K(9216K)] 23329K->15295K(29696K), 0.0006573 secs] [Times: user=0.00 sys=0.00, real=0.00 secs]
  任务队列: 393000 个任务待处理，堆使用 18.8 MB / 29.0 MB
[GC (Allocation Failure) [PSYoungGen: 8832K->576K(9216K)] 23487K->15383K(29696K), 0.0006545 secs] [Times: user=0.00 sys=0.00, real=0.00 secs]
  任务队列: 393500 个任务待处理，堆使用 15.7 MB / 29.0 MB
  任务队列: 394000 个任务待处理，堆使用 20.7 MB / 29.0 MB
[GC (Allocation Failure) [PSYoungGen: 8768K->576K(9216K)] 23575K->15535K(29696K), 0.0005786 secs] [Times: user=0.00 sys=0.00, real=0.00 secs]
  任务队列: 394500 个任务待处理，堆使用 17.9 MB / 29.0 MB
  任务队列: 395000 个任务待处理，堆使用 22.8 MB / 29.0 MB
[GC (Allocation Failure) [PSYoungGen: 8762K->608K(9216K)] 23721K->15719K(29696K), 0.0005872 secs] [Times: user=0.00 sys=0.00, real=0.00 secs]
  任务队列: 395500 个任务待处理，堆使用 19.9 MB / 29.0 MB
[GC (Allocation Failure) [PSYoungGen: 8800K->640K(9216K)] 23911K->15903K(29696K), 0.0005913 secs] [Times: user=0.00 sys=0.00, real=0.00 secs]
  任务队列: 396000 个任务待处理，堆使用 17.0 MB / 29.0 MB
  任务队列: 396500 个任务待处理，堆使用 22.0 MB / 29.0 MB
[GC (Allocation Failure) [PSYoungGen: 8832K->640K(9216K)] 24095K->16047K(29696K), 0.0005628 secs] [Times: user=0.00 sys=0.00, real=0.00 secs]
  任务队列: 397000 个任务待处理，堆使用 19.0 MB / 29.0 MB
[GC (Allocation Failure) [PSYoungGen: 8832K->608K(9216K)] 24239K->16167K(29696K), 0.0005610 secs] [Times: user=0.00 sys=0.00, real=0.00 secs]
  任务队列: 397500 个任务待处理，堆使用 16.1 MB / 29.0 MB
  任务队列: 398000 个任务待处理，堆使用 21.0 MB / 29.0 MB
[GC (Allocation Failure) [PSYoungGen: 8793K->608K(9216K)] 24352K->16319K(29696K), 0.0005180 secs] [Times: user=0.00 sys=0.00, real=0.00 secs]
  任务队列: 398500 个任务待处理，堆使用 18.1 MB / 29.0 MB
  任务队列: 399000 个任务待处理，堆使用 23.0 MB / 29.0 MB
[GC (Allocation Failure) [PSYoungGen: 8795K->576K(9216K)] 24506K->16439K(29696K), 0.0005375 secs] [Times: user=0.00 sys=0.00, real=0.00 secs]
  任务队列: 399500 个任务待处理，堆使用 20.1 MB / 29.0 MB
[GC (Allocation Failure) [PSYoungGen: 8768K->480K(9216K)] 24631K->16495K(29696K), 0.0005263 secs] [Times: user=0.00 sys=0.00, real=0.00 secs]
  任务队列: 400000 个任务待处理，堆使用 17.1 MB / 29.0 MB
  任务队列: 400500 个任务待处理，堆使用 22.0 MB / 29.0 MB
[GC (Allocation Failure) [PSYoungGen: 8667K->576K(9216K)] 24683K->16743K(29696K), 0.0005157 secs] [Times: user=0.00 sys=0.00, real=0.00 secs]
  任务队列: 401000 个任务待处理，堆使用 19.2 MB / 29.0 MB
  任务队列: 401500 个任务待处理，堆使用 24.3 MB / 29.0 MB
[GC (Allocation Failure) [PSYoungGen: 8767K->608K(9216K)] 24935K->16927K(29696K), 0.0005861 secs] [Times: user=0.00 sys=0.00, real=0.00 secs]
  任务队列: 402000 个任务待处理，堆使用 21.4 MB / 29.0 MB
[GC (Allocation Failure) [PSYoungGen: 8800K->576K(9216K)] 25119K->17047K(29696K), 0.0005272 secs] [Times: user=0.00 sys=0.00, real=0.00 secs]
  任务队列: 402500 个任务待处理，堆使用 18.3 MB / 29.0 MB
  任务队列: 403000 个任务待处理，堆使用 23.3 MB / 29.0 MB
[GC (Allocation Failure) [PSYoungGen: 8768K->608K(9216K)] 25239K->17231K(29696K), 0.0005330 secs] [Times: user=0.00 sys=0.00, real=0.00 secs]
  任务队列: 403500 个任务待处理，堆使用 20.5 MB / 29.0 MB
[GC (Allocation Failure) [PSYoungGen: 8800K->640K(9216K)] 25423K->17415K(29696K), 0.0007104 secs] [Times: user=0.00 sys=0.00, real=0.00 secs]
  任务队列: 404000 个任务待处理，堆使用 17.5 MB / 29.0 MB
  任务队列: 404500 个任务待处理，堆使用 22.5 MB / 29.0 MB
[GC (Allocation Failure) [PSYoungGen: 8832K->640K(9216K)] 25607K->17559K(29696K), 0.0006495 secs] [Times: user=0.00 sys=0.00, real=0.00 secs]
  任务队列: 405000 个任务待处理，堆使用 19.7 MB / 29.0 MB
  任务队列: 405500 个任务待处理，堆使用 24.5 MB / 29.0 MB
[GC (Allocation Failure) [PSYoungGen: 8831K->640K(9216K)] 25750K->17711K(29696K), 0.0006178 secs] [Times: user=0.00 sys=0.00, real=0.00 secs]
  任务队列: 406000 个任务待处理，堆使用 21.7 MB / 29.0 MB
[GC (Allocation Failure) [PSYoungGen: 8832K->512K(9216K)] 25903K->17727K(29696K), 0.0005118 secs] [Times: user=0.00 sys=0.00, real=0.00 secs]
  任务队列: 406500 个任务待处理，堆使用 18.7 MB / 29.0 MB
  任务队列: 407000 个任务待处理，堆使用 23.5 MB / 29.0 MB
[GC (Allocation Failure) [PSYoungGen: 8704K->576K(9216K)] 25919K->17943K(29696K), 0.0005916 secs] [Times: user=0.00 sys=0.00, real=0.00 secs]
  任务队列: 407500 个任务待处理，堆使用 20.7 MB / 29.0 MB
[GC (Allocation Failure) [PSYoungGen: 8768K->448K(9216K)] 26135K->17967K(29696K), 0.0005429 secs] [Times: user=0.00 sys=0.00, real=0.00 secs]
  任务队列: 408000 个任务待处理，堆使用 17.7 MB / 29.0 MB
  任务队列: 408500 个任务待处理，堆使用 22.6 MB / 29.0 MB
[GC (Allocation Failure) [PSYoungGen: 8640K->608K(9216K)] 26159K->18279K(29696K), 0.0005411 secs] [Times: user=0.00 sys=0.00, real=0.00 secs]
  任务队列: 409000 个任务待处理，堆使用 19.9 MB / 29.0 MB
  任务队列: 409500 个任务待处理，堆使用 24.9 MB / 29.0 MB
[GC (Allocation Failure) [PSYoungGen: 8790K->640K(9216K)] 26461K->18463K(29696K), 0.0005691 secs] [Times: user=0.00 sys=0.00, real=0.00 secs]
  任务队列: 410000 个任务待处理，堆使用 21.9 MB / 29.0 MB
[GC (Allocation Failure) [PSYoungGen: 8832K->576K(9216K)] 26655K->18551K(29696K), 0.0005284 secs] [Times: user=0.00 sys=0.00, real=0.00 secs]
  任务队列: 410500 个任务待处理，堆使用 19.0 MB / 29.0 MB
  任务队列: 411000 个任务待处理，堆使用 23.9 MB / 29.0 MB
[GC (Allocation Failure) [PSYoungGen: 8768K->608K(9216K)] 26743K->18735K(29696K), 0.0005328 secs] [Times: user=0.00 sys=0.00, real=0.00 secs]
  任务队列: 411500 个任务待处理，堆使用 21.0 MB / 29.0 MB
  任务队列: 412000 个任务待处理，堆使用 26.0 MB / 29.0 MB
[GC (Allocation Failure) [PSYoungGen: 8793K->576K(9216K)] 26920K->18855K(29696K), 0.0005164 secs] [Times: user=0.02 sys=0.00, real=0.00 secs]
  任务队列: 412500 个任务待处理，堆使用 23.1 MB / 29.0 MB
[GC (Allocation Failure) [PSYoungGen: 8768K->544K(9216K)] 27047K->18975K(29696K), 0.0005346 secs] [Times: user=0.00 sys=0.00, real=0.00 secs]
  任务队列: 413000 个任务待处理，堆使用 20.0 MB / 29.0 MB
  任务队列: 413500 个任务待处理，堆使用 25.1 MB / 29.0 MB
[GC (Allocation Failure) [PSYoungGen: 8736K->512K(9216K)] 27167K->19087K(29696K), 0.0005117 secs] [Times: user=0.00 sys=0.00, real=0.00 secs]
  任务队列: 414000 个任务待处理，堆使用 22.2 MB / 29.0 MB
[GC (Allocation Failure) [PSYoungGen: 8704K->512K(9216K)] 27279K->19231K(29696K), 0.0005305 secs] [Times: user=0.00 sys=0.00, real=0.00 secs]
  任务队列: 414500 个任务待处理，堆使用 19.1 MB / 29.0 MB
  任务队列: 415000 个任务待处理，堆使用 24.2 MB / 29.0 MB
[GC (Allocation Failure) [PSYoungGen: 8704K->640K(9216K)] 27423K->19511K(29696K), 0.0005148 secs] [Times: user=0.00 sys=0.00, real=0.00 secs]
  任务队列: 415500 个任务待处理，堆使用 21.4 MB / 29.0 MB
  任务队列: 416000 个任务待处理，堆使用 26.3 MB / 29.0 MB
[GC (Allocation Failure) [PSYoungGen: 8823K->640K(9216K)] 27694K->19663K(29696K), 0.0005487 secs] [Times: user=0.00 sys=0.00, real=0.00 secs]
  任务队列: 416500 个任务待处理，堆使用 23.4 MB / 29.0 MB
[GC (Allocation Failure) [PSYoungGen: 8832K->640K(9216K)] 27855K->19815K(29696K), 0.0005346 secs] [Times: user=0.00 sys=0.00, real=0.00 secs]
  任务队列: 417000 个任务待处理，堆使用 20.5 MB / 29.0 MB
  任务队列: 417500 个任务待处理，堆使用 25.5 MB / 29.0 MB
[GC (Allocation Failure) [PSYoungGen: 8832K->640K(9216K)] 28007K->19967K(29696K), 0.0004733 secs] [Times: user=0.00 sys=0.00, real=0.00 secs]
  任务队列: 418000 个任务待处理，堆使用 22.5 MB / 29.0 MB
  任务队列: 418500 个任务待处理，堆使用 27.4 MB / 29.0 MB
[GC (Allocation Failure) [PSYoungGen: 8829K->608K(9216K)] 28157K->20087K(29696K), 0.0005452 secs] [Times: user=0.00 sys=0.00, real=0.00 secs]
  任务队列: 419000 个任务待处理，堆使用 24.5 MB / 29.0 MB
[GC (Allocation Failure) [PSYoungGen: 8799K->608K(9216K)] 28278K->20239K(29696K), 0.0005231 secs] [Times: user=0.00 sys=0.00, real=0.00 secs]
  任务队列: 419500 个任务待处理，堆使用 21.6 MB / 29.0 MB
  任务队列: 420000 个任务待处理，堆使用 26.6 MB / 29.0 MB
[GC (Allocation Failure) [PSYoungGen: 8792K->640K(9216K)] 28424K->20423K(29696K), 0.0005604 secs] [Times: user=0.00 sys=0.00, real=0.00 secs]
  任务队列: 420500 个任务待处理，堆使用 23.6 MB / 29.0 MB
[GC (Allocation Failure) [PSYoungGen: 8832K->640K(9216K)] 28615K->20575K(29696K), 0.0007009 secs] [Times: user=0.00 sys=0.00, real=0.00 secs]
  任务队列: 421000 个任务待处理，堆使用 20.8 MB / 29.0 MB
  任务队列: 421500 个任务待处理，堆使用 25.7 MB / 29.0 MB
[GC (Allocation Failure) [PSYoungGen: 8825K->608K(9216K)] 28761K->20695K(29696K), 0.0006588 secs] [Times: user=0.00 sys=0.00, real=0.00 secs]
  任务队列: 422000 个任务待处理，堆使用 22.7 MB / 29.0 MB
  任务队列: 422500 个任务待处理，堆使用 27.8 MB / 29.0 MB
[GC (Allocation Failure) [PSYoungGen: 8792K->640K(9216K)] 28880K->20879K(29696K), 0.0007441 secs] [Times: user=0.00 sys=0.00, real=0.00 secs]
  任务队列: 423000 个任务待处理，堆使用 24.9 MB / 29.0 MB
[GC (Allocation Failure) [PSYoungGen: 8832K->576K(9216K)] 29071K->20967K(29696K), 0.0006306 secs] [Times: user=0.00 sys=0.00, real=0.00 secs]
[Full GC (Ergonomics) [PSYoungGen: 576K->0K(9216K)] [ParOldGen: 20391K->9785K(20480K)] 20967K->9785K(29696K), [Metaspace: 5207K->5207K(1056768K)], 0.1502475 secs] [Times: user=2.83 sys=0.08, real=0.15 secs]
  任务队列: 423500 个任务待处理，堆使用 10.9 MB / 29.0 MB
  任务队列: 424000 个任务待处理，堆使用 15.8 MB / 29.0 MB
[GC (Allocation Failure) [PSYoungGen: 8192K->640K(9216K)] 17977K->10425K(29696K), 0.0004644 secs] [Times: user=0.00 sys=0.00, real=0.00 secs]
  任务队列: 424500 个任务待处理，堆使用 13.4 MB / 29.0 MB
[GC (Allocation Failure) [PSYoungGen: 8832K->576K(9216K)] 18617K->10513K(29696K), 0.0005355 secs] [Times: user=0.00 sys=0.00, real=0.00 secs]
  任务队列: 425000 个任务待处理，堆使用 10.4 MB / 29.0 MB
  任务队列: 425500 个任务待处理，堆使用 15.3 MB / 29.0 MB
[GC (Allocation Failure) [PSYoungGen: 8768K->576K(9216K)] 18705K->10665K(29696K), 0.0005352 secs] [Times: user=0.00 sys=0.00, real=0.00 secs]
  任务队列: 426000 个任务待处理，堆使用 12.4 MB / 29.0 MB
  任务队列: 426500 个任务待处理，堆使用 17.5 MB / 29.0 MB
[GC (Allocation Failure) [PSYoungGen: 8762K->608K(9216K)] 18852K->10849K(29696K), 0.0005138 secs] [Times: user=0.00 sys=0.00, real=0.00 secs]
  任务队列: 427000 个任务待处理，堆使用 14.6 MB / 29.0 MB
[GC (Allocation Failure) [PSYoungGen: 8800K->544K(9216K)] 19041K->10937K(29696K), 0.0005227 secs] [Times: user=0.00 sys=0.00, real=0.00 secs]
  任务队列: 427500 个任务待处理，堆使用 11.5 MB / 29.0 MB
  任务队列: 428000 个任务待处理，堆使用 16.5 MB / 29.0 MB
[GC (Allocation Failure) [PSYoungGen: 8736K->576K(9216K)] 19129K->11121K(29696K), 0.0005095 secs] [Times: user=0.00 sys=0.00, real=0.00 secs]
  任务队列: 428500 个任务待处理，堆使用 13.7 MB / 29.0 MB
  任务队列: 429000 个任务待处理，堆使用 18.6 MB / 29.0 MB
[GC (Allocation Failure) [PSYoungGen: 8761K->576K(9216K)] 19307K->11265K(29696K), 0.0005035 secs] [Times: user=0.00 sys=0.00, real=0.00 secs]
  任务队列: 429500 个任务待处理，堆使用 15.7 MB / 29.0 MB
[GC (Allocation Failure) [PSYoungGen: 8768K->544K(9216K)] 19457K->11385K(29696K), 0.0005456 secs] [Times: user=0.00 sys=0.00, real=0.00 secs]
  任务队列: 430000 个任务待处理，堆使用 12.8 MB / 29.0 MB
  任务队列: 430500 个任务待处理，堆使用 17.7 MB / 29.0 MB
[GC (Allocation Failure) [PSYoungGen: 8736K->640K(9216K)] 19577K->11633K(29696K), 0.0004637 secs] [Times: user=0.00 sys=0.00, real=0.00 secs]
  任务队列: 431000 个任务待处理，堆使用 14.9 MB / 29.0 MB
[GC (Allocation Failure) [PSYoungGen: 8832K->576K(9216K)] 19825K->11721K(29696K), 0.0005159 secs] [Times: user=0.00 sys=0.00, real=0.00 secs]
  任务队列: 431500 个任务待处理，堆使用 12.0 MB / 29.0 MB
  任务队列: 432000 个任务待处理，堆使用 16.8 MB / 29.0 MB
[GC (Allocation Failure) [PSYoungGen: 8768K->576K(9216K)] 19913K->11865K(29696K), 0.0005150 secs] [Times: user=0.00 sys=0.00, real=0.00 secs]
  任务队列: 432500 个任务待处理，堆使用 13.9 MB / 29.0 MB
  任务队列: 433000 个任务待处理，堆使用 18.8 MB / 29.0 MB
[GC (Allocation Failure) [PSYoungGen: 8763K->480K(9216K)] 20052K->11913K(29696K), 0.0005116 secs] [Times: user=0.00 sys=0.00, real=0.00 secs]
  任务队列: 433500 个任务待处理，堆使用 15.8 MB / 29.0 MB
[GC (Allocation Failure) [PSYoungGen: 8672K->608K(9216K)] 20105K->12193K(29696K), 0.0005235 secs] [Times: user=0.00 sys=0.00, real=0.00 secs]
  任务队列: 434000 个任务待处理，堆使用 13.1 MB / 29.0 MB
  任务队列: 434500 个任务待处理，堆使用 18.0 MB / 29.0 MB
[GC (Allocation Failure) [PSYoungGen: 8800K->608K(9216K)] 20385K->12345K(29696K), 0.0004760 secs] [Times: user=0.00 sys=0.00, real=0.00 secs]
  任务队列: 435000 个任务待处理，堆使用 15.1 MB / 29.0 MB
  任务队列: 435500 个任务待处理，堆使用 20.1 MB / 29.0 MB
[GC (Allocation Failure) [PSYoungGen: 8800K->608K(9216K)] 20537K->12497K(29696K), 0.0006232 secs] [Times: user=0.00 sys=0.00, real=0.00 secs]
  任务队列: 436000 个任务待处理，堆使用 17.1 MB / 29.0 MB
[GC (Allocation Failure) [PSYoungGen: 8800K->608K(9216K)] 20689K->12649K(29696K), 0.0005525 secs] [Times: user=0.00 sys=0.00, real=0.00 secs]
  任务队列: 436500 个任务待处理，堆使用 14.2 MB / 29.0 MB
  任务队列: 437000 个任务待处理，堆使用 19.1 MB / 29.0 MB
[GC (Allocation Failure) [PSYoungGen: 8800K->640K(9216K)] 20841K->12833K(29696K), 0.0005896 secs] [Times: user=0.00 sys=0.00, real=0.00 secs]
  任务队列: 437500 个任务待处理，堆使用 16.2 MB / 29.0 MB
[GC (Allocation Failure) [PSYoungGen: 8832K->512K(9216K)] 21025K->12857K(29696K), 0.0005360 secs] [Times: user=0.00 sys=0.00, real=0.00 secs]
  任务队列: 438000 个任务待处理，堆使用 13.2 MB / 29.0 MB
  任务队列: 438500 个任务待处理，堆使用 18.2 MB / 29.0 MB
[GC (Allocation Failure) [PSYoungGen: 8704K->640K(9216K)] 21049K->13137K(29696K), 0.0005957 secs] [Times: user=0.00 sys=0.00, real=0.00 secs]
  任务队列: 439000 个任务待处理，堆使用 15.4 MB / 29.0 MB
  任务队列: 439500 个任务待处理，堆使用 20.4 MB / 29.0 MB
[GC (Allocation Failure) [PSYoungGen: 8827K->640K(9216K)] 21325K->13289K(29696K), 0.0006313 secs] [Times: user=0.00 sys=0.00, real=0.00 secs]
  任务队列: 440000 个任务待处理，堆使用 17.5 MB / 29.0 MB
[GC (Allocation Failure) [PSYoungGen: 8832K->576K(9216K)] 21481K->13377K(29696K), 0.0005114 secs] [Times: user=0.00 sys=0.00, real=0.00 secs]
  任务队列: 440500 个任务待处理，堆使用 14.4 MB / 29.0 MB
  任务队列: 441000 个任务待处理，堆使用 19.4 MB / 29.0 MB
[GC (Allocation Failure) [PSYoungGen: 8768K->544K(9216K)] 21569K->13497K(29696K), 0.0005085 secs] [Times: user=0.00 sys=0.00, real=0.00 secs]
  任务队列: 441500 个任务待处理，堆使用 16.6 MB / 29.0 MB
[GC (Allocation Failure) [PSYoungGen: 8736K->640K(9216K)] 21689K->13745K(29696K), 0.0005291 secs] [Times: user=0.00 sys=0.00, real=0.00 secs]
  任务队列: 442000 个任务待处理，堆使用 13.8 MB / 29.0 MB
  任务队列: 442500 个任务待处理，堆使用 18.6 MB / 29.0 MB
[GC (Allocation Failure) [PSYoungGen: 8832K->640K(9216K)] 21937K->13897K(29696K), 0.0004785 secs] [Times: user=0.00 sys=0.00, real=0.00 secs]
  任务队列: 443000 个任务待处理，堆使用 15.8 MB / 29.0 MB
  任务队列: 443500 个任务待处理，堆使用 20.7 MB / 29.0 MB
[GC (Allocation Failure) [PSYoungGen: 8823K->512K(9216K)] 22080K->13921K(29696K), 0.0005420 secs] [Times: user=0.00 sys=0.00, real=0.00 secs]
  任务队列: 444000 个任务待处理，堆使用 17.6 MB / 29.0 MB
[GC (Allocation Failure) [PSYoungGen: 8704K->576K(9216K)] 22113K->14129K(29696K), 0.0004790 secs] [Times: user=0.00 sys=0.00, real=0.00 secs]
  任务队列: 444500 个任务待处理，堆使用 14.8 MB / 29.0 MB
  任务队列: 445000 个任务待处理，堆使用 19.7 MB / 29.0 MB
[GC (Allocation Failure) [PSYoungGen: 8768K->512K(9216K)] 22321K->14209K(29696K), 0.0005653 secs] [Times: user=0.00 sys=0.00, real=0.00 secs]
  任务队列: 445500 个任务待处理，堆使用 16.7 MB / 29.0 MB
  任务队列: 446000 个任务待处理，堆使用 21.8 MB / 29.0 MB
[GC (Allocation Failure) [PSYoungGen: 8698K->576K(9216K)] 22396K->14425K(29696K), 0.0005513 secs] [Times: user=0.00 sys=0.00, real=0.00 secs]
  任务队列: 446500 个任务待处理，堆使用 18.8 MB / 29.0 MB
[GC (Allocation Failure) [PSYoungGen: 8768K->608K(9216K)] 22617K->14585K(29696K), 0.0005344 secs] [Times: user=0.00 sys=0.00, real=0.00 secs]
  任务队列: 447000 个任务待处理，堆使用 15.9 MB / 29.0 MB
  任务队列: 447500 个任务待处理，堆使用 21.0 MB / 29.0 MB
[GC (Allocation Failure) [PSYoungGen: 8797K->544K(9216K)] 22774K->14649K(29696K), 0.0004861 secs] [Times: user=0.00 sys=0.00, real=0.00 secs]
  任务队列: 448000 个任务待处理，堆使用 17.8 MB / 29.0 MB
[GC (Allocation Failure) [PSYoungGen: 8731K->640K(9216K)] 22837K->14897K(29696K), 0.0005631 secs] [Times: user=0.00 sys=0.00, real=0.00 secs]
  任务队列: 448500 个任务待处理，堆使用 15.1 MB / 29.0 MB
  任务队列: 449000 个任务待处理，堆使用 20.1 MB / 29.0 MB
[GC (Allocation Failure) [PSYoungGen: 8832K->544K(9216K)] 23089K->14953K(29696K), 0.0004770 secs] [Times: user=0.31 sys=0.00, real=0.00 secs]
  任务队列: 449500 个任务待处理，堆使用 17.1 MB / 29.0 MB
  任务队列: 450000 个任务待处理，堆使用 22.0 MB / 29.0 MB
[GC (Allocation Failure) [PSYoungGen: 8730K->608K(9216K)] 23140K->15169K(29696K), 0.0005767 secs] [Times: user=0.00 sys=0.00, real=0.00 secs]
  任务队列: 450500 个任务待处理，堆使用 19.2 MB / 29.0 MB
[GC (Allocation Failure) [PSYoungGen: 8800K->640K(9216K)] 23361K->15353K(29696K), 0.0005304 secs] [Times: user=0.00 sys=0.00, real=0.00 secs]
  任务队列: 451000 个任务待处理，堆使用 16.2 MB / 29.0 MB
  任务队列: 451500 个任务待处理，堆使用 21.1 MB / 29.0 MB
[GC (Allocation Failure) [PSYoungGen: 8832K->480K(9216K)] 23545K->15337K(29696K), 0.0005473 secs] [Times: user=0.00 sys=0.00, real=0.00 secs]
  任务队列: 452000 个任务待处理，堆使用 18.2 MB / 29.0 MB
[GC (Allocation Failure) [PSYoungGen: 8672K->640K(9216K)] 23529K->15649K(29696K), 0.0005606 secs] [Times: user=0.00 sys=0.00, real=0.00 secs]
  任务队列: 452500 个任务待处理，堆使用 15.5 MB / 29.0 MB
  任务队列: 453000 个任务待处理，堆使用 20.4 MB / 29.0 MB
[GC (Allocation Failure) [PSYoungGen: 8832K->608K(9216K)] 23841K->15769K(29696K), 0.0006367 secs] [Times: user=0.00 sys=0.00, real=0.00 secs]
  任务队列: 453500 个任务待处理，堆使用 17.4 MB / 29.0 MB
  任务队列: 454000 个任务待处理，堆使用 22.3 MB / 29.0 MB
[GC (Allocation Failure) [PSYoungGen: 8794K->608K(9216K)] 23956K->15921K(29696K), 0.0005289 secs] [Times: user=0.00 sys=0.00, real=0.00 secs]
  任务队列: 454500 个任务待处理，堆使用 19.4 MB / 29.0 MB
[GC (Allocation Failure) [PSYoungGen: 8800K->576K(9216K)] 24113K->16033K(29696K), 0.0005133 secs] [Times: user=0.00 sys=0.00, real=0.00 secs]
  任务队列: 455000 个任务待处理，堆使用 16.5 MB / 29.0 MB
  任务队列: 455500 个任务待处理，堆使用 21.3 MB / 29.0 MB
[GC (Allocation Failure) [PSYoungGen: 8761K->512K(9216K)] 24219K->16105K(29696K), 0.0005436 secs] [Times: user=0.00 sys=0.00, real=0.00 secs]
  任务队列: 456000 个任务待处理，堆使用 18.4 MB / 29.0 MB
  任务队列: 456500 个任务待处理，堆使用 23.4 MB / 29.0 MB
[GC (Allocation Failure) [PSYoungGen: 8695K->608K(9216K)] 24289K->16345K(29696K), 0.0005071 secs] [Times: user=0.00 sys=0.00, real=0.00 secs]
  任务队列: 457000 个任务待处理，堆使用 20.7 MB / 29.0 MB
[GC (Allocation Failure) [PSYoungGen: 8800K->512K(9216K)] 24537K->16401K(29696K), 0.0005254 secs] [Times: user=0.00 sys=0.00, real=0.00 secs]
  任务队列: 457500 个任务待处理，堆使用 17.5 MB / 29.0 MB
  任务队列: 458000 个任务待处理，堆使用 22.5 MB / 29.0 MB
[GC (Allocation Failure) [PSYoungGen: 8704K->608K(9216K)] 24593K->16641K(29696K), 0.0005279 secs] [Times: user=0.00 sys=0.00, real=0.00 secs]
  任务队列: 458500 个任务待处理，堆使用 19.6 MB / 29.0 MB
[GC (Allocation Failure) [PSYoungGen: 8800K->512K(9216K)] 24833K->16697K(29696K), 0.0005185 secs] [Times: user=0.00 sys=0.00, real=0.00 secs]
  任务队列: 459000 个任务待处理，堆使用 16.6 MB / 29.0 MB
  任务队列: 459500 个任务待处理，堆使用 21.6 MB / 29.0 MB
[GC (Allocation Failure) [PSYoungGen: 8704K->512K(9216K)] 24889K->16849K(29696K), 0.0005292 secs] [Times: user=0.00 sys=0.00, real=0.00 secs]
  任务队列: 460000 个任务待处理，堆使用 18.6 MB / 29.0 MB
  任务队列: 460500 个任务待处理，堆使用 23.5 MB / 29.0 MB
[GC (Allocation Failure) [PSYoungGen: 8696K->512K(9216K)] 25033K->17001K(29696K), 0.0005178 secs] [Times: user=0.00 sys=0.00, real=0.00 secs]
  任务队列: 461000 个任务待处理，堆使用 20.6 MB / 29.0 MB
[GC (Allocation Failure) [PSYoungGen: 8704K->576K(9216K)] 25193K->17209K(29696K), 0.0004971 secs] [Times: user=0.00 sys=0.00, real=0.00 secs]
  任务队列: 461500 个任务待处理，堆使用 17.8 MB / 29.0 MB
  任务队列: 462000 个任务待处理，堆使用 22.8 MB / 29.0 MB
[GC (Allocation Failure) [PSYoungGen: 8768K->576K(9216K)] 25401K->17361K(29696K), 0.0005018 secs] [Times: user=0.00 sys=0.00, real=0.00 secs]
  任务队列: 462500 个任务待处理，堆使用 19.8 MB / 29.0 MB
  任务队列: 463000 个任务待处理，堆使用 24.9 MB / 29.0 MB
[GC (Allocation Failure) [PSYoungGen: 8762K->512K(9216K)] 25548K->17441K(29696K), 0.0005354 secs] [Times: user=0.00 sys=0.00, real=0.00 secs]
  任务队列: 463500 个任务待处理，堆使用 21.9 MB / 29.0 MB
[GC (Allocation Failure) [PSYoungGen: 8704K->640K(9216K)] 25633K->17721K(29696K), 0.0005453 secs] [Times: user=0.00 sys=0.00, real=0.00 secs]
  任务队列: 464000 个任务待处理，堆使用 19.0 MB / 29.0 MB
  任务队列: 464500 个任务待处理，堆使用 23.9 MB / 29.0 MB
[GC (Allocation Failure) [PSYoungGen: 8832K->544K(9216K)] 25913K->17777K(29696K), 0.0005071 secs] [Times: user=0.00 sys=0.00, real=0.00 secs]
  任务队列: 465000 个任务待处理，堆使用 21.1 MB / 29.0 MB
[GC (Allocation Failure) [PSYoungGen: 8736K->576K(9216K)] 25969K->17953K(29696K), 0.0005036 secs] [Times: user=0.00 sys=0.00, real=0.00 secs]
  任务队列: 465500 个任务待处理，堆使用 18.0 MB / 29.0 MB
  任务队列: 466000 个任务待处理，堆使用 23.0 MB / 29.0 MB
[GC (Allocation Failure) [PSYoungGen: 8768K->576K(9216K)] 26145K->18105K(29696K), 0.0004995 secs] [Times: user=0.00 sys=0.00, real=0.00 secs]
  任务队列: 466500 个任务待处理，堆使用 20.2 MB / 29.0 MB
  任务队列: 467000 个任务待处理，堆使用 25.0 MB / 29.0 MB
[GC (Allocation Failure) [PSYoungGen: 8767K->608K(9216K)] 26296K->18289K(29696K), 0.0004885 secs] [Times: user=0.00 sys=0.00, real=0.00 secs]
  任务队列: 467500 个任务待处理，堆使用 22.2 MB / 29.0 MB
[GC (Allocation Failure) [PSYoungGen: 8800K->512K(9216K)] 26481K->18345K(29696K), 0.0005188 secs] [Times: user=0.00 sys=0.00, real=0.00 secs]
  任务队列: 468000 个任务待处理，堆使用 19.3 MB / 29.0 MB
  任务队列: 468500 个任务待处理，堆使用 24.1 MB / 29.0 MB
[GC (Allocation Failure) [PSYoungGen: 8704K->640K(9216K)] 26537K->18617K(29696K), 0.0004999 secs] [Times: user=0.00 sys=0.00, real=0.00 secs]
  任务队列: 469000 个任务待处理，堆使用 21.4 MB / 29.0 MB
[GC (Allocation Failure) [PSYoungGen: 8832K->640K(9216K)] 26809K->18769K(29696K), 0.0005039 secs] [Times: user=0.00 sys=0.00, real=0.00 secs]
  任务队列: 469500 个任务待处理，堆使用 18.5 MB / 29.0 MB
  任务队列: 470000 个任务待处理，堆使用 23.4 MB / 29.0 MB
[GC (Allocation Failure) [PSYoungGen: 8832K->640K(9216K)] 26961K->18921K(29696K), 0.0005371 secs] [Times: user=0.00 sys=0.00, real=0.00 secs]
  任务队列: 470500 个任务待处理，堆使用 20.5 MB / 29.0 MB
  任务队列: 471000 个任务待处理，堆使用 25.5 MB / 29.0 MB
[GC (Allocation Failure) [PSYoungGen: 8822K->576K(9216K)] 27103K->19001K(29696K), 0.0006534 secs] [Times: user=0.00 sys=0.00, real=0.00 secs]
  任务队列: 471500 个任务待处理，堆使用 22.4 MB / 29.0 MB
[GC (Allocation Failure) [PSYoungGen: 8768K->640K(9216K)] 27193K->19217K(29696K), 0.0005628 secs] [Times: user=0.00 sys=0.00, real=0.00 secs]
  任务队列: 472000 个任务待处理，堆使用 19.6 MB / 29.0 MB
  任务队列: 472500 个任务待处理，堆使用 24.5 MB / 29.0 MB
[GC (Allocation Failure) [PSYoungGen: 8832K->512K(9216K)] 27409K->19217K(29696K), 0.0006034 secs] [Times: user=0.00 sys=0.00, real=0.00 secs]
  任务队列: 473000 个任务待处理，堆使用 21.5 MB / 29.0 MB
  任务队列: 473500 个任务待处理，堆使用 26.5 MB / 29.0 MB
[GC (Allocation Failure) [PSYoungGen: 8699K->480K(9216K)] 27405K->19337K(29696K), 0.0005198 secs] [Times: user=0.00 sys=0.00, real=0.00 secs]
  任务队列: 474000 个任务待处理，堆使用 23.6 MB / 29.0 MB
[GC (Allocation Failure) [PSYoungGen: 8672K->640K(9216K)] 27529K->19649K(29696K), 0.0006508 secs] [Times: user=0.00 sys=0.00, real=0.00 secs]
  任务队列: 474500 个任务待处理，堆使用 20.7 MB / 29.0 MB
  任务队列: 475000 个任务待处理，堆使用 25.7 MB / 29.0 MB
[GC (Allocation Failure) [PSYoungGen: 8832K->576K(9216K)] 27841K->19737K(29696K), 0.0005193 secs] [Times: user=0.00 sys=0.00, real=0.00 secs]
  任务队列: 475500 个任务待处理，堆使用 22.8 MB / 29.0 MB
[GC (Allocation Failure) [PSYoungGen: 8768K->640K(9216K)] 27929K->19953K(29696K), 0.0005260 secs] [Times: user=0.00 sys=0.00, real=0.00 secs]
  任务队列: 476000 个任务待处理，堆使用 20.0 MB / 29.0 MB
  任务队列: 476500 个任务待处理，堆使用 24.9 MB / 29.0 MB
[GC (Allocation Failure) [PSYoungGen: 8832K->512K(9216K)] 28145K->19977K(29696K), 0.0005344 secs] [Times: user=0.00 sys=0.00, real=0.00 secs]
  任务队列: 477000 个任务待处理，堆使用 21.9 MB / 29.0 MB
  任务队列: 477500 个任务待处理，堆使用 26.8 MB / 29.0 MB
[GC (Allocation Failure) [PSYoungGen: 8700K->544K(9216K)] 28165K->20145K(29696K), 0.0005151 secs] [Times: user=0.00 sys=0.00, real=0.00 secs]
  任务队列: 478000 个任务待处理，堆使用 23.9 MB / 29.0 MB
[GC (Allocation Failure) [PSYoungGen: 8736K->640K(9216K)] 28337K->20393K(29696K), 0.0005493 secs] [Times: user=0.00 sys=0.00, real=0.00 secs]
  任务队列: 478500 个任务待处理，堆使用 21.1 MB / 29.0 MB
  任务队列: 479000 个任务待处理，堆使用 26.0 MB / 29.0 MB
[GC (Allocation Failure) [PSYoungGen: 8832K->544K(9216K)] 28585K->20449K(29696K), 0.0005103 secs] [Times: user=0.00 sys=0.00, real=0.00 secs]
  任务队列: 479500 个任务待处理，堆使用 23.0 MB / 29.0 MB
  任务队列: 480000 个任务待处理，堆使用 28.0 MB / 29.0 MB
[GC (Allocation Failure) [PSYoungGen: 8736K->544K(9216K)] 28641K->20601K(29696K), 0.0005236 secs] [Times: user=0.00 sys=0.00, real=0.00 secs]
  任务队列: 480500 个任务待处理，堆使用 25.0 MB / 29.0 MB
[GC (Allocation Failure) [PSYoungGen: 8736K->608K(9216K)] 28793K->20809K(29696K), 0.0004914 secs] [Times: user=0.00 sys=0.00, real=0.00 secs]
  任务队列: 481000 个任务待处理，堆使用 22.2 MB / 29.0 MB
  任务队列: 481500 个任务待处理，堆使用 27.2 MB / 29.0 MB
[GC (Allocation Failure) [PSYoungGen: 8798K->480K(9216K)] 28999K->20817K(29696K), 0.0004989 secs] [Times: user=0.09 sys=0.09, real=0.00 secs]
[Full GC (Ergonomics) [PSYoungGen: 480K->0K(9216K)] [ParOldGen: 20337K->10696K(20480K)] 20817K->10696K(29696K), [Metaspace: 5207K->5207K(1056768K)], 0.1773369 secs] [Times: user=3.03 sys=0.09, real=0.18 secs]
  任务队列: 482000 个任务待处理，堆使用 14.3 MB / 29.0 MB
[GC (Allocation Failure) [PSYoungGen: 8191K->576K(9216K)] 18887K->11272K(29696K), 0.0006241 secs] [Times: user=0.00 sys=0.00, real=0.00 secs]
  任务队列: 482500 个任务待处理，堆使用 11.7 MB / 29.0 MB
  任务队列: 483000 个任务待处理，堆使用 16.6 MB / 29.0 MB
[GC (Allocation Failure) [PSYoungGen: 8768K->576K(9216K)] 19464K->11272K(29696K), 0.0007044 secs] [Times: user=0.00 sys=0.00, real=0.00 secs]
  任务队列: 483500 个任务待处理，堆使用 13.5 MB / 29.0 MB
  任务队列: 484000 个任务待处理，堆使用 18.5 MB / 29.0 MB
[GC (Allocation Failure) [PSYoungGen: 8766K->608K(9216K)] 19462K->11304K(29696K), 0.0008297 secs] [Times: user=0.00 sys=0.00, real=0.00 secs]
  任务队列: 484500 个任务待处理，堆使用 15.6 MB / 29.0 MB
[GC (Allocation Failure) [PSYoungGen: 8800K->576K(9216K)] 19496K->11408K(29696K), 0.0008441 secs] [Times: user=0.00 sys=0.00, real=0.00 secs]
  任务队列: 485000 个任务待处理，堆使用 12.5 MB / 29.0 MB
  任务队列: 485500 个任务待处理，堆使用 17.4 MB / 29.0 MB
[GC (Allocation Failure) [PSYoungGen: 8768K->544K(9216K)] 19600K->11512K(29696K), 0.0010226 secs] [Times: user=0.00 sys=0.00, real=0.00 secs]
  任务队列: 486000 个任务待处理，堆使用 14.4 MB / 29.0 MB
[GC (Allocation Failure) [PSYoungGen: 8736K->608K(9216K)] 19704K->11720K(29696K), 0.0010889 secs] [Times: user=0.00 sys=0.00, real=0.00 secs]
  任务队列: 486500 个任务待处理，堆使用 11.6 MB / 29.0 MB
  任务队列: 487000 个任务待处理，堆使用 16.6 MB / 29.0 MB
[GC (Allocation Failure) [PSYoungGen: 8800K->608K(9216K)] 19912K->11856K(29696K), 0.0009458 secs] [Times: user=0.00 sys=0.00, real=0.00 secs]
  任务队列: 487500 个任务待处理，堆使用 13.6 MB / 29.0 MB
  任务队列: 488000 个任务待处理，堆使用 18.6 MB / 29.0 MB
[GC (Allocation Failure) [PSYoungGen: 8793K->576K(9216K)] 20041K->11960K(29696K), 0.0008713 secs] [Times: user=0.00 sys=0.00, real=0.00 secs]
  任务队列: 488500 个任务待处理，堆使用 15.7 MB / 29.0 MB
[GC (Allocation Failure) [PSYoungGen: 8768K->576K(9216K)] 20152K->12104K(29696K), 0.0015044 secs] [Times: user=0.00 sys=0.00, real=0.00 secs]
  任务队列: 489000 个任务待处理，堆使用 12.7 MB / 29.0 MB
  任务队列: 489500 个任务待处理，堆使用 17.6 MB / 29.0 MB
[GC (Allocation Failure) [PSYoungGen: 8768K->640K(9216K)] 20296K->12312K(29696K), 0.0010572 secs] [Times: user=0.00 sys=0.00, real=0.00 secs]
  任务队列: 490000 个任务待处理，堆使用 14.9 MB / 29.0 MB
  任务队列: 490500 个任务待处理，堆使用 19.8 MB / 29.0 MB
[GC (Allocation Failure) [PSYoungGen: 8824K->640K(9216K)] 20496K->12456K(29696K), 0.0009075 secs] [Times: user=0.00 sys=0.00, real=0.00 secs]
  任务队列: 491000 个任务待处理，堆使用 16.9 MB / 29.0 MB
[GC (Allocation Failure) [PSYoungGen: 8832K->576K(9216K)] 20648K->12528K(29696K), 0.0010406 secs] [Times: user=0.00 sys=0.00, real=0.00 secs]
  任务队列: 491500 个任务待处理，堆使用 13.9 MB / 29.0 MB
  任务队列: 492000 个任务待处理，堆使用 18.9 MB / 29.0 MB
[GC (Allocation Failure) [PSYoungGen: 8768K->608K(9216K)] 20720K->12696K(29696K), 0.0009016 secs] [Times: user=0.00 sys=0.00, real=0.00 secs]
  任务队列: 492500 个任务待处理，堆使用 15.9 MB / 29.0 MB
[GC (Allocation Failure) [PSYoungGen: 8800K->608K(9216K)] 20888K->12832K(29696K), 0.0009260 secs] [Times: user=0.00 sys=0.00, real=0.00 secs]
  任务队列: 493000 个任务待处理，堆使用 13.0 MB / 29.0 MB
  任务队列: 493500 个任务待处理，堆使用 17.9 MB / 29.0 MB
[GC (Allocation Failure) [PSYoungGen: 8800K->576K(9216K)] 21024K->12944K(29696K), 0.0008190 secs] [Times: user=0.00 sys=0.00, real=0.00 secs]
  任务队列: 494000 个任务待处理，堆使用 15.0 MB / 29.0 MB
  任务队列: 494500 个任务待处理，堆使用 19.9 MB / 29.0 MB
[GC (Allocation Failure) [PSYoungGen: 8761K->544K(9216K)] 21129K->13024K(29696K), 0.0008047 secs] [Times: user=0.00 sys=0.00, real=0.00 secs]
  任务队列: 495000 个任务待处理，堆使用 16.9 MB / 29.0 MB
[GC (Allocation Failure) [PSYoungGen: 8736K->608K(9216K)] 21216K->13232K(29696K), 0.0009509 secs] [Times: user=0.00 sys=0.00, real=0.00 secs]
  任务队列: 495500 个任务待处理，堆使用 14.1 MB / 29.0 MB
  任务队列: 496000 个任务待处理，堆使用 19.1 MB / 29.0 MB
[GC (Allocation Failure) [PSYoungGen: 8800K->576K(9216K)] 21424K->13344K(29696K), 0.0008421 secs] [Times: user=0.28 sys=0.02, real=0.00 secs]
  任务队列: 496500 个任务待处理，堆使用 16.1 MB / 29.0 MB
  任务队列: 497000 个任务待处理，堆使用 21.0 MB / 29.0 MB
[GC (Allocation Failure) [PSYoungGen: 8768K->416K(9216K)] 21536K->13320K(29696K), 0.0007294 secs] [Times: user=0.00 sys=0.00, real=0.00 secs]
  任务队列: 497500 个任务待处理，堆使用 17.9 MB / 29.0 MB
[GC (Allocation Failure) [PSYoungGen: 8608K->544K(9216K)] 21512K->13576K(29696K), 0.0007748 secs] [Times: user=0.00 sys=0.00, real=0.00 secs]
  任务队列: 498000 个任务待处理，堆使用 15.3 MB / 29.0 MB
  任务队列: 498500 个任务待处理，堆使用 20.2 MB / 29.0 MB
[GC (Allocation Failure) [PSYoungGen: 8729K->512K(9216K)] 21761K->13680K(29696K), 0.0007776 secs] [Times: user=0.00 sys=0.00, real=0.00 secs]
  任务队列: 499000 个任务待处理，堆使用 17.2 MB / 29.0 MB
[GC (Allocation Failure) [PSYoungGen: 8704K->512K(9216K)] 21872K->13800K(29696K), 0.0007973 secs] [Times: user=0.00 sys=0.00, real=0.00 secs]
  任务队列: 499500 个任务待处理，堆使用 14.3 MB / 29.0 MB
  任务队列: 500000 个任务待处理，堆使用 19.3 MB / 29.0 MB
[GC (Allocation Failure) [PSYoungGen: 8704K->608K(9216K)] 21992K->14040K(29696K), 0.0006902 secs] [Times: user=0.00 sys=0.00, real=0.00 secs]
  任务队列: 500500 个任务待处理，堆使用 16.4 MB / 29.0 MB
  任务队列: 501000 个任务待处理，堆使用 21.3 MB / 29.0 MB
[GC (Allocation Failure) [PSYoungGen: 8797K->608K(9216K)] 22229K->14184K(29696K), 0.0006892 secs] [Times: user=0.00 sys=0.00, real=0.00 secs]
  任务队列: 501500 个任务待处理，堆使用 18.4 MB / 29.0 MB
[GC (Allocation Failure) [PSYoungGen: 8800K->576K(9216K)] 22376K->14288K(29696K), 0.0006939 secs] [Times: user=0.00 sys=0.00, real=0.00 secs]
  任务队列: 502000 个任务待处理，堆使用 15.5 MB / 29.0 MB
  任务队列: 502500 个任务待处理，堆使用 20.5 MB / 29.0 MB
[GC (Allocation Failure) [PSYoungGen: 8768K->480K(9216K)] 22480K->14304K(29696K), 0.0006138 secs] [Times: user=0.00 sys=0.00, real=0.00 secs]
  任务队列: 503000 个任务待处理，堆使用 17.3 MB / 29.0 MB
[GC (Allocation Failure) [PSYoungGen: 8672K->608K(9216K)] 22496K->14576K(29696K), 0.0006766 secs] [Times: user=0.00 sys=0.00, real=0.00 secs]
  任务队列: 503500 个任务待处理，堆使用 14.6 MB / 29.0 MB
  任务队列: 504000 个任务待处理，堆使用 19.4 MB / 29.0 MB
[GC (Allocation Failure) [PSYoungGen: 8800K->576K(9216K)] 22768K->14688K(29696K), 0.0007066 secs] [Times: user=0.00 sys=0.00, real=0.00 secs]
  任务队列: 504500 个任务待处理，堆使用 16.5 MB / 29.0 MB
  任务队列: 505000 个任务待处理，堆使用 21.6 MB / 29.0 MB
[GC (Allocation Failure) [PSYoungGen: 8761K->576K(9216K)] 22873K->14832K(29696K), 0.0005951 secs] [Times: user=0.00 sys=0.00, real=0.00 secs]
  任务队列: 505500 个任务待处理，堆使用 18.7 MB / 29.0 MB
[GC (Allocation Failure) [PSYoungGen: 8768K->544K(9216K)] 23024K->14936K(29696K), 0.0006250 secs] [Times: user=0.00 sys=0.00, real=0.00 secs]
  任务队列: 506000 个任务待处理，堆使用 15.6 MB / 29.0 MB
  任务队列: 506500 个任务待处理，堆使用 20.5 MB / 29.0 MB
[GC (Allocation Failure) [PSYoungGen: 8736K->608K(9216K)] 23128K->15144K(29696K), 0.0006173 secs] [Times: user=0.00 sys=0.00, real=0.00 secs]
  任务队列: 507000 个任务待处理，堆使用 17.6 MB / 29.0 MB
  任务队列: 507500 个任务待处理，堆使用 22.7 MB / 29.0 MB
[GC (Allocation Failure) [PSYoungGen: 8794K->544K(9216K)] 23330K->15224K(29696K), 0.0010198 secs] [Times: user=0.00 sys=0.00, real=0.00 secs]
  任务队列: 508000 个任务待处理，堆使用 19.7 MB / 29.0 MB
[GC (Allocation Failure) [PSYoungGen: 8736K->576K(9216K)] 23416K->15392K(29696K), 0.0005850 secs] [Times: user=0.00 sys=0.00, real=0.00 secs]
  任务队列: 508500 个任务待处理，堆使用 16.7 MB / 29.0 MB
  任务队列: 509000 个任务待处理，堆使用 21.8 MB / 29.0 MB
[GC (Allocation Failure) [PSYoungGen: 8764K->512K(9216K)] 23580K->15464K(29696K), 0.0006153 secs] [Times: user=0.00 sys=0.00, real=0.00 secs]
  任务队列: 509500 个任务待处理，堆使用 18.8 MB / 29.0 MB
[GC (Allocation Failure) [PSYoungGen: 8704K->576K(9216K)] 23656K->15672K(29696K), 0.0006071 secs] [Times: user=0.00 sys=0.00, real=0.00 secs]
  任务队列: 510000 个任务待处理，堆使用 16.0 MB / 29.0 MB
  任务队列: 510500 个任务待处理，堆使用 20.8 MB / 29.0 MB
[GC (Allocation Failure) [PSYoungGen: 8768K->608K(9216K)] 23864K->15840K(29696K), 0.0009595 secs] [Times: user=0.00 sys=0.00, real=0.00 secs]
  任务队列: 511000 个任务待处理，堆使用 18.0 MB / 29.0 MB
  任务队列: 511500 个任务待处理，堆使用 22.9 MB / 29.0 MB
[GC (Allocation Failure) [PSYoungGen: 8796K->608K(9216K)] 24028K->15984K(29696K), 0.0006348 secs] [Times: user=0.00 sys=0.00, real=0.00 secs]
  任务队列: 512000 个任务待处理，堆使用 20.0 MB / 29.0 MB
[GC (Allocation Failure) [PSYoungGen: 8799K->448K(9216K)] 24175K->15952K(29696K), 0.0007010 secs] [Times: user=0.00 sys=0.00, real=0.00 secs]
  任务队列: 512500 个任务待处理，堆使用 16.9 MB / 29.0 MB
  任务队列: 513000 个任务待处理，堆使用 21.9 MB / 29.0 MB
[GC (Allocation Failure) [PSYoungGen: 8640K->544K(9216K)] 24144K->16192K(29696K), 0.0006857 secs] [Times: user=0.00 sys=0.00, real=0.00 secs]
  任务队列: 513500 个任务待处理，堆使用 19.0 MB / 29.0 MB
[GC (Allocation Failure) [PSYoungGen: 8736K->608K(9216K)] 24384K->16400K(29696K), 0.0006321 secs] [Times: user=0.00 sys=0.00, real=0.00 secs]
  任务队列: 514000 个任务待处理，堆使用 16.2 MB / 29.0 MB
  任务队列: 514500 个任务待处理，堆使用 21.1 MB / 29.0 MB
[GC (Allocation Failure) [PSYoungGen: 8800K->608K(9216K)] 24592K->16544K(29696K), 0.0007366 secs] [Times: user=0.00 sys=0.00, real=0.00 secs]
  任务队列: 515000 个任务待处理，堆使用 18.2 MB / 29.0 MB
  任务队列: 515500 个任务待处理，堆使用 23.2 MB / 29.0 MB
[GC (Allocation Failure) [PSYoungGen: 8791K->576K(9216K)] 24727K->16664K(29696K), 0.0005952 secs] [Times: user=0.00 sys=0.00, real=0.00 secs]
  任务队列: 516000 个任务待处理，堆使用 20.3 MB / 29.0 MB
[GC (Allocation Failure) [PSYoungGen: 8768K->640K(9216K)] 24856K->16880K(29696K), 0.0006911 secs] [Times: user=0.00 sys=0.00, real=0.00 secs]
  任务队列: 516500 个任务待处理，堆使用 17.3 MB / 29.0 MB
  任务队列: 517000 个任务待处理，堆使用 22.3 MB / 29.0 MB
[GC (Allocation Failure) [PSYoungGen: 8832K->544K(9216K)] 25072K->16936K(29696K), 0.0005876 secs] [Times: user=0.00 sys=0.00, real=0.00 secs]
  任务队列: 517500 个任务待处理，堆使用 19.4 MB / 29.0 MB
  任务队列: 518000 个任务待处理，堆使用 24.2 MB / 29.0 MB
[GC (Allocation Failure) [PSYoungGen: 8729K->608K(9216K)] 25121K->17144K(29696K), 0.0006686 secs] [Times: user=0.02 sys=0.00, real=0.00 secs]
  任务队列: 518500 个任务待处理，堆使用 21.4 MB / 29.0 MB
[GC (Allocation Failure) [PSYoungGen: 8800K->480K(9216K)] 25336K->17152K(29696K), 0.0007453 secs] [Times: user=0.00 sys=0.00, real=0.00 secs]
  任务队列: 519000 个任务待处理，堆使用 18.4 MB / 29.0 MB
  任务队列: 519500 个任务待处理，堆使用 23.3 MB / 29.0 MB
[GC (Allocation Failure) [PSYoungGen: 8672K->640K(9216K)] 25344K->17464K(29696K), 0.0007450 secs] [Times: user=0.00 sys=0.00, real=0.00 secs]
  任务队列: 520000 个任务待处理，堆使用 20.6 MB / 29.0 MB
[GC (Allocation Failure) [PSYoungGen: 8832K->640K(9216K)] 25656K->17616K(29696K), 0.0006738 secs] [Times: user=0.00 sys=0.00, real=0.00 secs]
  任务队列: 520500 个任务待处理，堆使用 17.7 MB / 29.0 MB
  任务队列: 521000 个任务待处理，堆使用 22.6 MB / 29.0 MB
[GC (Allocation Failure) [PSYoungGen: 8832K->576K(9216K)] 25808K->17696K(29696K), 0.0008286 secs] [Times: user=0.00 sys=0.00, real=0.00 secs]
  任务队列: 521500 个任务待处理，堆使用 19.6 MB / 29.0 MB
  任务队列: 522000 个任务待处理，堆使用 24.6 MB / 29.0 MB
[GC (Allocation Failure) [PSYoungGen: 8761K->544K(9216K)] 25882K->17792K(29696K), 0.0008530 secs] [Times: user=0.00 sys=0.00, real=0.00 secs]
  任务队列: 522500 个任务待处理，堆使用 21.6 MB / 29.0 MB
[GC (Allocation Failure) [PSYoungGen: 8736K->608K(9216K)] 25984K->18008K(29696K), 0.0007773 secs] [Times: user=0.00 sys=0.00, real=0.00 secs]
  任务队列: 523000 个任务待处理，堆使用 18.8 MB / 29.0 MB
  任务队列: 523500 个任务待处理，堆使用 23.7 MB / 29.0 MB
[GC (Allocation Failure) [PSYoungGen: 8800K->576K(9216K)] 26200K->18120K(29696K), 0.0006911 secs] [Times: user=0.00 sys=0.00, real=0.00 secs]
  任务队列: 524000 个任务待处理，堆使用 20.7 MB / 29.0 MB
  任务队列: 524500 个任务待处理，堆使用 25.6 MB / 29.0 MB
[GC (Allocation Failure) [PSYoungGen: 8766K->640K(9216K)] 26310K->18336K(29696K), 0.0006317 secs] [Times: user=0.00 sys=0.00, real=0.00 secs]
  任务队列: 525000 个任务待处理，堆使用 22.8 MB / 29.0 MB
[GC (Allocation Failure) [PSYoungGen: 8831K->608K(9216K)] 26527K->18456K(29696K), 0.0007133 secs] [Times: user=0.00 sys=0.00, real=0.00 secs]
  任务队列: 525500 个任务待处理，堆使用 19.9 MB / 29.0 MB
  任务队列: 526000 个任务待处理，堆使用 24.9 MB / 29.0 MB
[GC (Allocation Failure) [PSYoungGen: 8792K->576K(9216K)] 26641K->18568K(29696K), 0.0006194 secs] [Times: user=0.00 sys=0.00, real=0.00 secs]
  任务队列: 526500 个任务待处理，堆使用 21.8 MB / 29.0 MB
[GC (Allocation Failure) [PSYoungGen: 8768K->640K(9216K)] 26760K->18784K(29696K), 0.0005385 secs] [Times: user=0.00 sys=0.00, real=0.00 secs]
  任务队列: 527000 个任务待处理，堆使用 19.0 MB / 29.0 MB
  任务队列: 527500 个任务待处理，堆使用 23.9 MB / 29.0 MB
[GC (Allocation Failure) [PSYoungGen: 8825K->576K(9216K)] 26969K->18872K(29696K), 0.0005250 secs] [Times: user=0.00 sys=0.00, real=0.00 secs]
  任务队列: 528000 个任务待处理，堆使用 21.0 MB / 29.0 MB
  任务队列: 528500 个任务待处理，堆使用 26.0 MB / 29.0 MB
[GC (Allocation Failure) [PSYoungGen: 8760K->640K(9216K)] 27057K->19088K(29696K), 0.0007194 secs] [Times: user=0.00 sys=0.00, real=0.00 secs]
  任务队列: 529000 个任务待处理，堆使用 23.2 MB / 29.0 MB
[GC (Allocation Failure) [PSYoungGen: 8832K->640K(9216K)] 27280K->19240K(29696K), 0.0007259 secs] [Times: user=0.00 sys=0.00, real=0.00 secs]
  任务队列: 529500 个任务待处理，堆使用 20.1 MB / 29.0 MB
  任务队列: 530000 个任务待处理，堆使用 25.1 MB / 29.0 MB
[GC (Allocation Failure) [PSYoungGen: 8832K->608K(9216K)] 27432K->19360K(29696K), 0.0006347 secs] [Times: user=0.00 sys=0.00, real=0.00 secs]
  任务队列: 530500 个任务待处理，堆使用 22.3 MB / 29.0 MB
[GC (Allocation Failure) [PSYoungGen: 8800K->640K(9216K)] 27552K->19544K(29696K), 0.0005897 secs] [Times: user=0.00 sys=0.00, real=0.00 secs]
  任务队列: 531000 个任务待处理，堆使用 19.3 MB / 29.0 MB
  任务队列: 531500 个任务待处理，堆使用 24.2 MB / 29.0 MB
[GC (Allocation Failure) [PSYoungGen: 8832K->640K(9216K)] 27736K->19696K(29696K), 0.0005588 secs] [Times: user=0.00 sys=0.00, real=0.00 secs]
  任务队列: 532000 个任务待处理，堆使用 21.4 MB / 29.0 MB
  任务队列: 532500 个任务待处理，堆使用 26.3 MB / 29.0 MB
[GC (Allocation Failure) [PSYoungGen: 8829K->608K(9216K)] 27885K->19816K(29696K), 0.0005355 secs] [Times: user=0.00 sys=0.00, real=0.00 secs]
  任务队列: 533000 个任务待处理，堆使用 23.4 MB / 29.0 MB
[GC (Allocation Failure) [PSYoungGen: 8800K->608K(9216K)] 28008K->19960K(29696K), 0.0005295 secs] [Times: user=0.00 sys=0.00, real=0.00 secs]
  任务队列: 533500 个任务待处理，堆使用 20.5 MB / 29.0 MB
  任务队列: 534000 个任务待处理，堆使用 25.4 MB / 29.0 MB
[GC (Allocation Failure) [PSYoungGen: 8800K->608K(9216K)] 28152K->20104K(29696K), 0.0006088 secs] [Times: user=0.00 sys=0.00, real=0.00 secs]
  任务队列: 534500 个任务待处理，堆使用 22.5 MB / 29.0 MB
  任务队列: 535000 个任务待处理，堆使用 27.4 MB / 29.0 MB
[GC (Allocation Failure) [PSYoungGen: 8793K->544K(9216K)] 28289K->20152K(29696K), 0.0006346 secs] [Times: user=0.00 sys=0.00, real=0.00 secs]
  任务队列: 535500 个任务待处理，堆使用 24.4 MB / 29.0 MB
[GC (Allocation Failure) [PSYoungGen: 8736K->512K(9216K)] 28344K->20264K(29696K), 0.0008019 secs] [Times: user=0.00 sys=0.00, real=0.00 secs]
  任务队列: 536000 个任务待处理，堆使用 21.5 MB / 29.0 MB
  任务队列: 536500 个任务待处理，堆使用 26.4 MB / 29.0 MB
[GC (Allocation Failure) [PSYoungGen: 8704K->640K(9216K)] 28456K->20544K(29696K), 0.0008009 secs] [Times: user=0.00 sys=0.00, real=0.00 secs]
  任务队列: 537000 个任务待处理，堆使用 23.6 MB / 29.0 MB
[GC (Allocation Failure) [PSYoungGen: 8832K->640K(9216K)] 28736K->20696K(29696K), 0.0006646 secs] [Times: user=0.00 sys=0.00, real=0.00 secs]
  任务队列: 537500 个任务待处理，堆使用 20.7 MB / 29.0 MB
  任务队列: 538000 个任务待处理，堆使用 25.6 MB / 29.0 MB
[GC (Allocation Failure) [PSYoungGen: 8832K->608K(9216K)] 28888K->20816K(29696K), 0.0006192 secs] [Times: user=0.00 sys=0.00, real=0.00 secs]
  任务队列: 538500 个任务待处理，堆使用 22.7 MB / 29.0 MB
  任务队列: 539000 个任务待处理，堆使用 27.7 MB / 29.0 MB
[GC (Allocation Failure) [PSYoungGen: 8794K->640K(9216K)] 29002K->21000K(29696K), 0.0006070 secs] [Times: user=0.00 sys=0.00, real=0.00 secs]
[Full GC (Ergonomics) [PSYoungGen: 640K->0K(9216K)] [ParOldGen: 20360K->11643K(20480K)] 21000K->11643K(29696K), [Metaspace: 5207K->5207K(1056768K)], 0.1805921 secs] [Times: user=3.47 sys=0.17, real=0.18 secs]
  任务队列: 539500 个任务待处理，堆使用 15.7 MB / 29.0 MB
[GC (Allocation Failure) [PSYoungGen: 8192K->640K(9216K)] 19835K->12283K(29696K), 0.0006741 secs] [Times: user=0.00 sys=0.00, real=0.00 secs]
  任务队列: 540000 个任务待处理，堆使用 13.2 MB / 29.0 MB
[GC (Allocation Failure) [PSYoungGen: 8832K->640K(9216K)] 20475K->15448K(29696K), 0.0034245 secs] [Times: user=0.00 sys=0.00, real=0.00 secs]
  任务队列: 540500 个任务待处理，堆使用 16.3 MB / 29.0 MB
  任务队列: 541000 个任务待处理，堆使用 21.3 MB / 29.0 MB
[GC (Allocation Failure) [PSYoungGen: 8832K->640K(9216K)] 23640K->15592K(29696K), 0.0007682 secs] [Times: user=0.00 sys=0.00, real=0.00 secs]
  任务队列: 541500 个任务待处理，堆使用 18.4 MB / 29.0 MB
  任务队列: 542000 个任务待处理，堆使用 23.2 MB / 29.0 MB
[GC (Allocation Failure) [PSYoungGen: 8832K->640K(9216K)] 23784K->15728K(29696K), 0.0006761 secs] [Times: user=0.00 sys=0.00, real=0.00 secs]
  任务队列: 542500 个任务待处理，堆使用 20.4 MB / 29.0 MB
[GC (Allocation Failure) [PSYoungGen: 8832K->608K(9216K)] 23920K->15696K(29696K), 0.0008852 secs] [Times: user=0.00 sys=0.00, real=0.00 secs]
  任务队列: 543000 个任务待处理，堆使用 17.3 MB / 29.0 MB
  任务队列: 543500 个任务待处理，堆使用 22.2 MB / 29.0 MB
[GC (Allocation Failure) [PSYoungGen: 8800K->640K(9216K)] 23888K->15872K(29696K), 0.0009957 secs] [Times: user=0.00 sys=0.00, real=0.00 secs]
  任务队列: 544000 个任务待处理，堆使用 19.4 MB / 29.0 MB
[GC (Allocation Failure) [PSYoungGen: 8832K->640K(9216K)] 24064K->16024K(29696K), 0.0008892 secs] [Times: user=0.00 sys=0.00, real=0.00 secs]
  任务队列: 544500 个任务待处理，堆使用 16.5 MB / 29.0 MB
  任务队列: 545000 个任务待处理，堆使用 21.4 MB / 29.0 MB
[GC (Allocation Failure) [PSYoungGen: 8832K->640K(9216K)] 24216K->16176K(29696K), 0.0010288 secs] [Times: user=0.00 sys=0.00, real=0.00 secs]
  任务队列: 545500 个任务待处理，堆使用 18.5 MB / 29.0 MB
  任务队列: 546000 个任务待处理，堆使用 23.4 MB / 29.0 MB
[GC (Allocation Failure) [PSYoungGen: 8827K->640K(9216K)] 24364K->16328K(29696K), 0.0009305 secs] [Times: user=0.00 sys=0.00, real=0.00 secs]
  任务队列: 546500 个任务待处理，堆使用 20.5 MB / 29.0 MB
[GC (Allocation Failure) [PSYoungGen: 8831K->640K(9216K)] 24520K->16480K(29696K), 0.0010426 secs] [Times: user=0.00 sys=0.00, real=0.00 secs]
  任务队列: 547000 个任务待处理，堆使用 17.6 MB / 29.0 MB
  任务队列: 547500 个任务待处理，堆使用 22.4 MB / 29.0 MB
[GC (Allocation Failure) [PSYoungGen: 8832K->640K(9216K)] 24672K->16632K(29696K), 0.0007136 secs] [Times: user=0.00 sys=0.00, real=0.00 secs]
  任务队列: 548000 个任务待处理，堆使用 19.6 MB / 29.0 MB
[GC (Allocation Failure) [PSYoungGen: 8832K->640K(9216K)] 24824K->16784K(29696K), 0.0005918 secs] [Times: user=0.00 sys=0.00, real=0.00 secs]
  任务队列: 548500 个任务待处理，堆使用 16.7 MB / 29.0 MB
  任务队列: 549000 个任务待处理，堆使用 21.6 MB / 29.0 MB
[GC (Allocation Failure) [PSYoungGen: 8825K->512K(9216K)] 24969K->16784K(29696K), 0.0006584 secs] [Times: user=0.00 sys=0.00, real=0.00 secs]
  任务队列: 549500 个任务待处理，堆使用 18.6 MB / 29.0 MB
  任务队列: 550000 个任务待处理，堆使用 23.5 MB / 29.0 MB
[GC (Allocation Failure) [PSYoungGen: 8699K->640K(9216K)] 24971K->17056K(29696K), 0.0005097 secs] [Times: user=0.00 sys=0.00, real=0.00 secs]
  任务队列: 550500 个任务待处理，堆使用 20.7 MB / 29.0 MB
[GC (Allocation Failure) [PSYoungGen: 8832K->640K(9216K)] 25248K->17208K(29696K), 0.0005528 secs] [Times: user=0.00 sys=0.00, real=0.00 secs]
  任务队列: 551000 个任务待处理，堆使用 17.8 MB / 29.0 MB
  任务队列: 551500 个任务待处理，堆使用 22.8 MB / 29.0 MB
[GC (Allocation Failure) [PSYoungGen: 8832K->640K(9216K)] 25400K->17360K(29696K), 0.0005425 secs] [Times: user=0.00 sys=0.00, real=0.00 secs]
  任务队列: 552000 个任务待处理，堆使用 19.8 MB / 29.0 MB
  任务队列: 552500 个任务待处理，堆使用 24.7 MB / 29.0 MB
[GC (Allocation Failure) [PSYoungGen: 8830K->640K(9216K)] 25551K->17512K(29696K), 0.0005489 secs] [Times: user=0.00 sys=0.00, real=0.00 secs]
  任务队列: 553000 个任务待处理，堆使用 21.8 MB / 29.0 MB
[GC (Allocation Failure) [PSYoungGen: 8832K->608K(9216K)] 25704K->17632K(29696K), 0.0006556 secs] [Times: user=0.00 sys=0.00, real=0.00 secs]
  任务队列: 553500 个任务待处理，堆使用 18.9 MB / 29.0 MB
  任务队列: 554000 个任务待处理，堆使用 23.9 MB / 29.0 MB
[GC (Allocation Failure) [PSYoungGen: 8796K->640K(9216K)] 25821K->17808K(29696K), 0.0006480 secs] [Times: user=0.00 sys=0.00, real=0.00 secs]
  任务队列: 554500 个任务待处理，堆使用 20.9 MB / 29.0 MB
[GC (Allocation Failure) [PSYoungGen: 8832K->576K(9216K)] 26000K->17896K(29696K), 0.0005498 secs] [Times: user=0.00 sys=0.00, real=0.00 secs]
  任务队列: 555000 个任务待处理，堆使用 18.0 MB / 29.0 MB
  任务队列: 555500 个任务待处理，堆使用 22.9 MB / 29.0 MB
[GC (Allocation Failure) [PSYoungGen: 8768K->608K(9216K)] 26088K->18080K(29696K), 0.0005658 secs] [Times: user=0.00 sys=0.00, real=0.00 secs]
  任务队列: 556000 个任务待处理，堆使用 20.0 MB / 29.0 MB
  任务队列: 556500 个任务待处理，堆使用 25.0 MB / 29.0 MB
[GC (Allocation Failure) [PSYoungGen: 8798K->640K(9216K)] 26270K->18256K(29696K), 0.0008185 secs] [Times: user=0.31 sys=0.00, real=0.00 secs]
  任务队列: 557000 个任务待处理，堆使用 22.0 MB / 29.0 MB
[GC (Allocation Failure) [PSYoungGen: 8832K->640K(9216K)] 26448K->18408K(29696K), 0.0005280 secs] [Times: user=0.00 sys=0.00, real=0.00 secs]
  任务队列: 557500 个任务待处理，堆使用 19.2 MB / 29.0 MB
  任务队列: 558000 个任务待处理，堆使用 24.2 MB / 29.0 MB
[GC (Allocation Failure) [PSYoungGen: 8832K->544K(9216K)] 26600K->18456K(29696K), 0.0006607 secs] [Times: user=0.00 sys=0.00, real=0.00 secs]
  任务队列: 558500 个任务待处理，堆使用 21.2 MB / 29.0 MB
  任务队列: 559000 个任务待处理，堆使用 26.0 MB / 29.0 MB
[GC (Allocation Failure) [PSYoungGen: 8731K->608K(9216K)] 26643K->18672K(29696K), 0.0005576 secs] [Times: user=0.00 sys=0.00, real=0.00 secs]
  任务队列: 559500 个任务待处理，堆使用 23.3 MB / 29.0 MB
[GC (Allocation Failure) [PSYoungGen: 8800K->576K(9216K)] 26864K->18792K(29696K), 0.0005965 secs] [Times: user=0.00 sys=0.00, real=0.00 secs]
  任务队列: 560000 个任务待处理，堆使用 20.2 MB / 29.0 MB
  任务队列: 560500 个任务待处理，堆使用 25.2 MB / 29.0 MB
[GC (Allocation Failure) [PSYoungGen: 8766K->640K(9216K)] 26982K->19008K(29696K), 0.0006368 secs] [Times: user=0.00 sys=0.00, real=0.00 secs]
  任务队列: 561000 个任务待处理，堆使用 22.4 MB / 29.0 MB
[GC (Allocation Failure) [PSYoungGen: 8832K->608K(9216K)] 27200K->19128K(29696K), 0.0006153 secs] [Times: user=0.00 sys=0.00, real=0.00 secs]
  任务队列: 561500 个任务待处理，堆使用 19.5 MB / 29.0 MB
  任务队列: 562000 个任务待处理，堆使用 24.4 MB / 29.0 MB
[GC (Allocation Failure) [PSYoungGen: 8800K->640K(9216K)] 27320K->19312K(29696K), 0.0005349 secs] [Times: user=0.00 sys=0.00, real=0.00 secs]
  任务队列: 562500 个任务待处理，堆使用 21.6 MB / 29.0 MB
  任务队列: 563000 个任务待处理，堆使用 26.5 MB / 29.0 MB
[GC (Allocation Failure) [PSYoungGen: 8831K->544K(9216K)] 27503K->19360K(29696K), 0.0005825 secs] [Times: user=0.00 sys=0.00, real=0.00 secs]
  任务队列: 563500 个任务待处理，堆使用 23.4 MB / 29.0 MB
[GC (Allocation Failure) [PSYoungGen: 8736K->544K(9216K)] 27552K->19504K(29696K), 0.0006188 secs] [Times: user=0.00 sys=0.00, real=0.00 secs]
  任务队列: 564000 个任务待处理，堆使用 20.6 MB / 29.0 MB
  任务队列: 564500 个任务待处理，堆使用 25.5 MB / 29.0 MB
[GC (Allocation Failure) [PSYoungGen: 8736K->608K(9216K)] 27696K->19720K(29696K), 0.0006233 secs] [Times: user=0.00 sys=0.00, real=0.00 secs]
  任务队列: 565000 个任务待处理，堆使用 22.6 MB / 29.0 MB
[GC (Allocation Failure) [PSYoungGen: 8800K->544K(9216K)] 27912K->19784K(29696K), 0.0005843 secs] [Times: user=0.00 sys=0.00, real=0.00 secs]
  任务队列: 565500 个任务待处理，堆使用 19.7 MB / 29.0 MB
  任务队列: 566000 个任务待处理，堆使用 24.6 MB / 29.0 MB
[GC (Allocation Failure) [PSYoungGen: 8736K->640K(9216K)] 27976K->20032K(29696K), 0.0005645 secs] [Times: user=0.00 sys=0.00, real=0.00 secs]
  任务队列: 566500 个任务待处理，堆使用 21.7 MB / 29.0 MB
  任务队列: 567000 个任务待处理，堆使用 26.7 MB / 29.0 MB
[GC (Allocation Failure) [PSYoungGen: 8824K->544K(9216K)] 28216K->20072K(29696K), 0.0005725 secs] [Times: user=0.00 sys=0.00, real=0.00 secs]
  任务队列: 567500 个任务待处理，堆使用 23.6 MB / 29.0 MB
[GC (Allocation Failure) [PSYoungGen: 8736K->640K(9216K)] 28264K->20312K(29696K), 0.0005909 secs] [Times: user=0.00 sys=0.00, real=0.00 secs]
  任务队列: 568000 个任务待处理，堆使用 20.8 MB / 29.0 MB
  任务队列: 568500 个任务待处理，堆使用 25.8 MB / 29.0 MB
[GC (Allocation Failure) [PSYoungGen: 8832K->640K(9216K)] 28504K->20440K(29696K), 0.0005854 secs] [Times: user=0.00 sys=0.00, real=0.00 secs]
  任务队列: 569000 个任务待处理，堆使用 22.8 MB / 29.0 MB
  任务队列: 569500 个任务待处理，堆使用 27.7 MB / 29.0 MB
[GC (Allocation Failure) [PSYoungGen: 8824K->608K(9216K)] 28625K->20552K(29696K), 0.0006356 secs] [Times: user=0.00 sys=0.00, real=0.00 secs]
  任务队列: 570000 个任务待处理，堆使用 24.8 MB / 29.0 MB
[GC (Allocation Failure) [PSYoungGen: 8800K->640K(9216K)] 28744K->20736K(29696K), 0.0005920 secs] [Times: user=0.00 sys=0.00, real=0.00 secs]
  任务队列: 570500 个任务待处理，堆使用 21.9 MB / 29.0 MB
  任务队列: 571000 个任务待处理，堆使用 26.9 MB / 29.0 MB
[GC (Allocation Failure) [PSYoungGen: 8832K->640K(9216K)] 28928K->20888K(29696K), 0.0005819 secs] [Times: user=0.24 sys=0.08, real=0.00 secs]
  任务队列: 571500 个任务待处理，堆使用 23.9 MB / 29.0 MB
[GC (Allocation Failure) [PSYoungGen: 8832K->544K(9216K)] 29080K->20944K(29696K), 0.0006325 secs] [Times: user=0.00 sys=0.00, real=0.00 secs]
[Full GC (Ergonomics) [PSYoungGen: 544K->0K(9216K)] [ParOldGen: 20400K->13162K(20480K)] 20944K->13162K(29696K), [Metaspace: 5207K->5207K(1056768K)], 0.1971844 secs] [Times: user=3.58 sys=0.16, real=0.20 secs]
  任务队列: 572000 个任务待处理，堆使用 13.4 MB / 29.0 MB
  任务队列: 572500 个任务待处理，堆使用 18.3 MB / 29.0 MB
[GC (Allocation Failure) [PSYoungGen: 8192K->640K(9216K)] 21354K->13802K(29696K), 0.0005355 secs] [Times: user=0.00 sys=0.00, real=0.00 secs]
  任务队列: 573000 个任务待处理，堆使用 15.8 MB / 29.0 MB
  任务队列: 573500 个任务待处理，堆使用 20.7 MB / 29.0 MB
[GC (Allocation Failure) [PSYoungGen: 8832K->640K(9216K)] 21994K->13802K(29696K), 0.0006161 secs] [Times: user=0.00 sys=0.00, real=0.00 secs]
  任务队列: 574000 个任务待处理，堆使用 17.8 MB / 29.0 MB
[GC (Allocation Failure) [PSYoungGen: 8832K->640K(9216K)] 21994K->13802K(29696K), 0.0006789 secs] [Times: user=0.00 sys=0.00, real=0.00 secs]
  任务队列: 574500 个任务待处理，堆使用 14.7 MB / 29.0 MB
  任务队列: 575000 个任务待处理，堆使用 19.7 MB / 29.0 MB
[GC (Allocation Failure) [PSYoungGen: 8823K->640K(9216K)] 21986K->13802K(29696K), 0.0009456 secs] [Times: user=0.00 sys=0.00, real=0.00 secs]
  任务队列: 575500 个任务待处理，堆使用 16.5 MB / 29.0 MB
  任务队列: 576000 个任务待处理，堆使用 21.5 MB / 29.0 MB
[GC (Allocation Failure) [PSYoungGen: 8832K->640K(9216K)] 21994K->13954K(29696K), 0.0012846 secs] [Times: user=0.00 sys=0.00, real=0.00 secs]
  任务队列: 576500 个任务待处理，堆使用 18.7 MB / 29.0 MB
[GC (Allocation Failure) [PSYoungGen: 8825K->608K(9216K)] 22140K->14066K(29696K), 0.0009956 secs] [Times: user=0.00 sys=0.00, real=0.00 secs]
  任务队列: 577000 个任务待处理，堆使用 15.8 MB / 29.0 MB
  任务队列: 577500 个任务待处理，堆使用 20.7 MB / 29.0 MB
[GC (Allocation Failure) [PSYoungGen: 8790K->640K(9216K)] 22249K->14242K(29696K), 0.0014101 secs] [Times: user=0.00 sys=0.00, real=0.00 secs]
  任务队列: 578000 个任务待处理，堆使用 17.8 MB / 29.0 MB
[GC (Allocation Failure) [PSYoungGen: 8832K->608K(9216K)] 22434K->14362K(29696K), 0.0015302 secs] [Times: user=0.00 sys=0.00, real=0.00 secs]
  任务队列: 578500 个任务待处理，堆使用 14.9 MB / 29.0 MB
  任务队列: 579000 个任务待处理，堆使用 19.8 MB / 29.0 MB
[GC (Allocation Failure) [PSYoungGen: 8800K->640K(9216K)] 22554K->14530K(29696K), 0.0012540 secs] [Times: user=0.00 sys=0.00, real=0.00 secs]
  任务队列: 579500 个任务待处理，堆使用 16.9 MB / 29.0 MB
  任务队列: 580000 个任务待处理，堆使用 21.8 MB / 29.0 MB
[GC (Allocation Failure) [PSYoungGen: 8822K->640K(9216K)] 22713K->14674K(29696K), 0.0011633 secs] [Times: user=0.00 sys=0.00, real=0.00 secs]
  任务队列: 580500 个任务待处理，堆使用 18.8 MB / 29.0 MB
[GC (Allocation Failure) [PSYoungGen: 8832K->640K(9216K)] 22866K->14826K(29696K), 0.0010856 secs] [Times: user=0.00 sys=0.00, real=0.00 secs]
  任务队列: 581000 个任务待处理，堆使用 16.0 MB / 29.0 MB
  任务队列: 581500 个任务待处理，堆使用 20.9 MB / 29.0 MB
[GC (Allocation Failure) [PSYoungGen: 8832K->640K(9216K)] 23018K->14978K(29696K), 0.0011078 secs] [Times: user=0.00 sys=0.00, real=0.00 secs]
  任务队列: 582000 个任务待处理，堆使用 18.0 MB / 29.0 MB
[GC (Allocation Failure) [PSYoungGen: 8832K->640K(9216K)] 23170K->15130K(29696K), 0.0011451 secs] [Times: user=0.00 sys=0.00, real=0.00 secs]
  任务队列: 582500 个任务待处理，堆使用 15.1 MB / 29.0 MB
  任务队列: 583000 个任务待处理，堆使用 20.0 MB / 29.0 MB
[GC (Allocation Failure) [PSYoungGen: 8832K->640K(9216K)] 23322K->15266K(29696K), 0.0010132 secs] [Times: user=0.31 sys=0.00, real=0.00 secs]
  任务队列: 583500 个任务待处理，堆使用 17.1 MB / 29.0 MB
  任务队列: 584000 个任务待处理，堆使用 22.0 MB / 29.0 MB
[GC (Allocation Failure) [PSYoungGen: 8829K->640K(9216K)] 23456K->15418K(29696K), 0.0010038 secs] [Times: user=0.00 sys=0.00, real=0.00 secs]
  任务队列: 584500 个任务待处理，堆使用 19.1 MB / 29.0 MB
[GC (Allocation Failure) [PSYoungGen: 8832K->608K(9216K)] 23610K->15522K(29696K), 0.0019699 secs] [Times: user=0.00 sys=0.00, real=0.00 secs]
  任务队列: 585000 个任务待处理，堆使用 16.2 MB / 29.0 MB
  任务队列: 585500 个任务待处理，堆使用 21.0 MB / 29.0 MB
[GC (Allocation Failure) [PSYoungGen: 8800K->640K(9216K)] 23714K->15706K(29696K), 0.0010282 secs] [Times: user=0.00 sys=0.00, real=0.00 secs]
  任务队列: 586000 个任务待处理，堆使用 18.2 MB / 29.0 MB
  任务队列: 586500 个任务待处理，堆使用 23.1 MB / 29.0 MB
[GC (Allocation Failure) [PSYoungGen: 8826K->640K(9216K)] 23893K->15858K(29696K), 0.0008695 secs] [Times: user=0.00 sys=0.00, real=0.00 secs]
  任务队列: 587000 个任务待处理，堆使用 20.3 MB / 29.0 MB
[GC (Allocation Failure) [PSYoungGen: 8832K->640K(9216K)] 24050K->16010K(29696K), 0.0010961 secs] [Times: user=0.00 sys=0.00, real=0.00 secs]
  任务队列: 587500 个任务待处理，堆使用 17.3 MB / 29.0 MB
  任务队列: 588000 个任务待处理，堆使用 22.3 MB / 29.0 MB
[GC (Allocation Failure) [PSYoungGen: 8832K->640K(9216K)] 24202K->16162K(29696K), 0.0008483 secs] [Times: user=0.00 sys=0.00, real=0.00 secs]
  任务队列: 588500 个任务待处理，堆使用 19.3 MB / 29.0 MB
[GC (Allocation Failure) [PSYoungGen: 8832K->608K(9216K)] 24354K->16258K(29696K), 0.0009965 secs] [Times: user=0.00 sys=0.00, real=0.00 secs]
  任务队列: 589000 个任务待处理，堆使用 16.4 MB / 29.0 MB
  任务队列: 589500 个任务待处理，堆使用 21.3 MB / 29.0 MB
[GC (Allocation Failure) [PSYoungGen: 8800K->640K(9216K)] 24450K->16442K(29696K), 0.0009888 secs] [Times: user=0.00 sys=0.00, real=0.00 secs]
  任务队列: 590000 个任务待处理，堆使用 18.4 MB / 29.0 MB
  任务队列: 590500 个任务待处理，堆使用 23.4 MB / 29.0 MB
[GC (Allocation Failure) [PSYoungGen: 8828K->640K(9216K)] 24631K->16594K(29696K), 0.0007129 secs] [Times: user=0.00 sys=0.00, real=0.00 secs]
  任务队列: 591000 个任务待处理，堆使用 20.6 MB / 29.0 MB
[GC (Allocation Failure) [PSYoungGen: 8832K->640K(9216K)] 24786K->16738K(29696K), 0.0005466 secs] [Times: user=0.00 sys=0.00, real=0.00 secs]
  任务队列: 591500 个任务待处理，堆使用 17.5 MB / 29.0 MB
  任务队列: 592000 个任务待处理，堆使用 22.5 MB / 29.0 MB
[GC (Allocation Failure) [PSYoungGen: 8832K->640K(9216K)] 24930K->16890K(29696K), 0.0005576 secs] [Times: user=0.00 sys=0.00, real=0.00 secs]
  任务队列: 592500 个任务待处理，堆使用 19.7 MB / 29.0 MB
[GC (Allocation Failure) [PSYoungGen: 8832K->608K(9216K)] 25082K->17010K(29696K), 0.0005411 secs] [Times: user=0.00 sys=0.00, real=0.00 secs]
  任务队列: 593000 个任务待处理，堆使用 16.8 MB / 29.0 MB
  任务队列: 593500 个任务待处理，堆使用 21.7 MB / 29.0 MB
[GC (Allocation Failure) [PSYoungGen: 8800K->544K(9216K)] 25202K->17082K(29696K), 0.0006079 secs] [Times: user=0.00 sys=0.00, real=0.00 secs]
  任务队列: 594000 个任务待处理，堆使用 18.7 MB / 29.0 MB
  任务队列: 594500 个任务待处理，堆使用 23.6 MB / 29.0 MB
[GC (Allocation Failure) [PSYoungGen: 8730K->640K(9216K)] 25269K->17330K(29696K), 0.0005765 secs] [Times: user=0.00 sys=0.00, real=0.00 secs]
  任务队列: 595000 个任务待处理，堆使用 20.8 MB / 29.0 MB
[GC (Allocation Failure) [PSYoungGen: 8832K->640K(9216K)] 25522K->17482K(29696K), 0.0005989 secs] [Times: user=0.00 sys=0.00, real=0.00 secs]
  任务队列: 595500 个任务待处理，堆使用 17.9 MB / 29.0 MB
  任务队列: 596000 个任务待处理，堆使用 22.8 MB / 29.0 MB
[GC (Allocation Failure) [PSYoungGen: 8825K->608K(9216K)] 25668K->17586K(29696K), 0.0005531 secs] [Times: user=0.00 sys=0.00, real=0.00 secs]
  任务队列: 596500 个任务待处理，堆使用 19.9 MB / 29.0 MB
  任务队列: 597000 个任务待处理，堆使用 24.8 MB / 29.0 MB
[GC (Allocation Failure) [PSYoungGen: 8791K->640K(9216K)] 25770K->17770K(29696K), 0.0006796 secs] [Times: user=0.00 sys=0.00, real=0.00 secs]
  任务队列: 597500 个任务待处理，堆使用 21.9 MB / 29.0 MB
[GC (Allocation Failure) [PSYoungGen: 8832K->608K(9216K)] 25962K->17890K(29696K), 0.0007805 secs] [Times: user=0.00 sys=0.00, real=0.00 secs]
  任务队列: 598000 个任务待处理，堆使用 19.0 MB / 29.0 MB
  任务队列: 598500 个任务待处理，堆使用 23.9 MB / 29.0 MB
[GC (Allocation Failure) [PSYoungGen: 8800K->608K(9216K)] 26082K->18042K(29696K), 0.0006029 secs] [Times: user=0.00 sys=0.00, real=0.00 secs]
  任务队列: 599000 个任务待处理，堆使用 21.0 MB / 29.0 MB
[GC (Allocation Failure) [PSYoungGen: 8800K->640K(9216K)] 26234K->18218K(29696K), 0.0005981 secs] [Times: user=0.00 sys=0.00, real=0.00 secs]
  任务队列: 599500 个任务待处理，堆使用 18.1 MB / 29.0 MB
  任务队列: 600000 个任务待处理，堆使用 23.1 MB / 29.0 MB
[GC (Allocation Failure) [PSYoungGen: 8832K->544K(9216K)] 26410K->18274K(29696K), 0.0005441 secs] [Times: user=0.00 sys=0.00, real=0.00 secs]
  任务队列: 600500 个任务待处理，堆使用 20.0 MB / 29.0 MB
  任务队列: 601000 个任务待处理，堆使用 24.9 MB / 29.0 MB
[GC (Allocation Failure) [PSYoungGen: 8728K->512K(9216K)] 26459K->18370K(29696K), 0.0005591 secs] [Times: user=0.00 sys=0.00, real=0.00 secs]
  任务队列: 601500 个任务待处理，堆使用 22.0 MB / 29.0 MB
[GC (Allocation Failure) [PSYoungGen: 8704K->512K(9216K)] 26562K->18498K(29696K), 0.0005762 secs] [Times: user=0.00 sys=0.00, real=0.00 secs]
  任务队列: 602000 个任务待处理，堆使用 19.1 MB / 29.0 MB
  任务队列: 602500 个任务待处理，堆使用 24.1 MB / 29.0 MB
[GC (Allocation Failure) [PSYoungGen: 8704K->640K(9216K)] 26690K->18778K(29696K), 0.0005722 secs] [Times: user=0.00 sys=0.00, real=0.00 secs]
  任务队列: 603000 个任务待处理，堆使用 21.2 MB / 29.0 MB
  任务队列: 603500 个任务待处理，堆使用 26.1 MB / 29.0 MB
[GC (Allocation Failure) [PSYoungGen: 8832K->608K(9216K)] 26970K->18898K(29696K), 0.0005448 secs] [Times: user=0.00 sys=0.00, real=0.00 secs]
  任务队列: 604000 个任务待处理，堆使用 23.3 MB / 29.0 MB
[GC (Allocation Failure) [PSYoungGen: 8800K->512K(9216K)] 27090K->18938K(29696K), 0.0005546 secs] [Times: user=0.00 sys=0.00, real=0.00 secs]
  任务队列: 604500 个任务待处理，堆使用 20.2 MB / 29.0 MB
  任务队列: 605000 个任务待处理，堆使用 25.2 MB / 29.0 MB
[GC (Allocation Failure) [PSYoungGen: 8704K->608K(9216K)] 27130K->19186K(29696K), 0.0005527 secs] [Times: user=0.00 sys=0.00, real=0.00 secs]
  任务队列: 605500 个任务待处理，堆使用 22.4 MB / 29.0 MB
[GC (Allocation Failure) [PSYoungGen: 8800K->640K(9216K)] 27378K->19370K(29696K), 0.0005824 secs] [Times: user=0.00 sys=0.00, real=0.00 secs]
  任务队列: 606000 个任务待处理，堆使用 19.4 MB / 29.0 MB
  任务队列: 606500 个任务待处理，堆使用 24.5 MB / 29.0 MB
[GC (Allocation Failure) [PSYoungGen: 8832K->640K(9216K)] 27562K->19522K(29696K), 0.0005703 secs] [Times: user=0.00 sys=0.00, real=0.00 secs]
  任务队列: 607000 个任务待处理，堆使用 21.6 MB / 29.0 MB
  任务队列: 607500 个任务待处理，堆使用 26.5 MB / 29.0 MB
[GC (Allocation Failure) [PSYoungGen: 8824K->640K(9216K)] 27707K->19674K(29696K), 0.0005800 secs] [Times: user=0.00 sys=0.00, real=0.00 secs]
  任务队列: 608000 个任务待处理，堆使用 23.6 MB / 29.0 MB
[GC (Allocation Failure) [PSYoungGen: 8832K->640K(9216K)] 27866K->19826K(29696K), 0.0005813 secs] [Times: user=0.31 sys=0.00, real=0.00 secs]
  任务队列: 608500 个任务待处理，堆使用 20.7 MB / 29.0 MB
  任务队列: 609000 个任务待处理，堆使用 25.6 MB / 29.0 MB
[GC (Allocation Failure) [PSYoungGen: 8832K->640K(9216K)] 28018K->19978K(29696K), 0.0006701 secs] [Times: user=0.00 sys=0.00, real=0.00 secs]
  任务队列: 609500 个任务待处理，堆使用 22.7 MB / 29.0 MB
[GC (Allocation Failure) [PSYoungGen: 8832K->576K(9216K)] 28170K->20050K(29696K), 0.0006955 secs] [Times: user=0.00 sys=0.00, real=0.00 secs]
  任务队列: 610000 个任务待处理，堆使用 19.7 MB / 29.0 MB
  任务队列: 610500 个任务待处理，堆使用 24.7 MB / 29.0 MB
[GC (Allocation Failure) [PSYoungGen: 8768K->640K(9216K)] 28242K->20266K(29696K), 0.0007372 secs] [Times: user=0.00 sys=0.00, real=0.00 secs]
  任务队列: 611000 个任务待处理，堆使用 21.8 MB / 29.0 MB
  任务队列: 611500 个任务待处理，堆使用 26.7 MB / 29.0 MB
[GC (Allocation Failure) [PSYoungGen: 8826K->576K(9216K)] 28453K->20338K(29696K), 0.0006094 secs] [Times: user=0.00 sys=0.00, real=0.00 secs]
  任务队列: 612000 个任务待处理，堆使用 23.7 MB / 29.0 MB
[GC (Allocation Failure) [PSYoungGen: 8768K->608K(9216K)] 28530K->20522K(29696K), 0.0006567 secs] [Times: user=0.00 sys=0.00, real=0.00 secs]
  任务队列: 612500 个任务待处理，堆使用 20.9 MB / 29.0 MB
  任务队列: 613000 个任务待处理，堆使用 25.8 MB / 29.0 MB
[GC (Allocation Failure) [PSYoungGen: 8800K->640K(9216K)] 28714K->20706K(29696K), 0.0006910 secs] [Times: user=0.00 sys=0.00, real=0.00 secs]
  任务队列: 613500 个任务待处理，堆使用 22.9 MB / 29.0 MB
  任务队列: 614000 个任务待处理，堆使用 27.9 MB / 29.0 MB
[GC (Allocation Failure) [PSYoungGen: 8824K->608K(9216K)] 28890K->20818K(29696K), 0.0005821 secs] [Times: user=0.00 sys=0.00, real=0.00 secs]
  任务队列: 614500 个任务待处理，堆使用 25.0 MB / 29.0 MB
[GC (Allocation Failure) [PSYoungGen: 8800K->512K(9216K)] 29010K->20874K(29696K), 0.0005841 secs] [Times: user=0.00 sys=0.00, real=0.00 secs]
[Full GC (Ergonomics) [PSYoungGen: 512K->0K(9216K)] [ParOldGen: 20362K->13832K(20480K)] 20874K->13832K(29696K), [Metaspace: 5207K->5207K(1056768K)], 0.2166379 secs] [Times: user=3.83 sys=0.17, real=0.22 secs]
  任务队列: 615000 个任务待处理，堆使用 15.0 MB / 29.0 MB
  任务队列: 615500 个任务待处理，堆使用 20.0 MB / 29.0 MB
[GC (Allocation Failure) [PSYoungGen: 8192K->640K(9216K)] 22024K->14472K(29696K), 0.0005279 secs] [Times: user=0.00 sys=0.00, real=0.00 secs]
  任务队列: 616000 个任务待处理，堆使用 17.5 MB / 29.0 MB
[GC (Allocation Failure) [PSYoungGen: 8832K->640K(9216K)] 22664K->14472K(29696K), 0.0006094 secs] [Times: user=0.00 sys=0.00, real=0.00 secs]
  任务队列: 616500 个任务待处理，堆使用 14.5 MB / 29.0 MB
  任务队列: 617000 个任务待处理，堆使用 19.4 MB / 29.0 MB
[GC (Allocation Failure) [PSYoungGen: 8832K->640K(9216K)] 22664K->14472K(29696K), 0.0007615 secs] [Times: user=0.00 sys=0.00, real=0.00 secs]
  任务队列: 617500 个任务待处理，堆使用 16.5 MB / 29.0 MB
  任务队列: 618000 个任务待处理，堆使用 21.3 MB / 29.0 MB
[GC (Allocation Failure) [PSYoungGen: 8827K->640K(9216K)] 22660K->14472K(29696K), 0.0008587 secs] [Times: user=0.00 sys=0.00, real=0.00 secs]
  任务队列: 618500 个任务待处理，堆使用 18.3 MB / 29.0 MB
[GC (Allocation Failure) [PSYoungGen: 8832K->640K(9216K)] 22664K->14472K(29696K), 0.0009969 secs] [Times: user=0.00 sys=0.00, real=0.00 secs]
  任务队列: 619000 个任务待处理，堆使用 15.1 MB / 29.0 MB
  任务队列: 619500 个任务待处理，堆使用 20.2 MB / 29.0 MB
[GC (Allocation Failure) [PSYoungGen: 8832K->640K(9216K)] 22664K->14624K(29696K), 0.0011308 secs] [Times: user=0.00 sys=0.00, real=0.00 secs]
  任务队列: 620000 个任务待处理，堆使用 17.3 MB / 29.0 MB
  任务队列: 620500 个任务待处理，堆使用 22.1 MB / 29.0 MB
[GC (Allocation Failure) [PSYoungGen: 8831K->640K(9216K)] 22815K->14776K(29696K), 0.0011198 secs] [Times: user=0.00 sys=0.00, real=0.00 secs]
  任务队列: 621000 个任务待处理，堆使用 19.3 MB / 29.0 MB
[GC (Allocation Failure) [PSYoungGen: 8831K->640K(9216K)] 22968K->14928K(29696K), 0.0012472 secs] [Times: user=0.02 sys=0.00, real=0.00 secs]
  任务队列: 621500 个任务待处理，堆使用 16.4 MB / 29.0 MB
  任务队列: 622000 个任务待处理，堆使用 21.4 MB / 29.0 MB
[GC (Allocation Failure) [PSYoungGen: 8825K->640K(9216K)] 23114K->15080K(29696K), 0.0010058 secs] [Times: user=0.00 sys=0.00, real=0.00 secs]
  任务队列: 622500 个任务待处理，堆使用 18.4 MB / 29.0 MB
[GC (Allocation Failure) [PSYoungGen: 8832K->640K(9216K)] 23272K->15232K(29696K), 0.0011385 secs] [Times: user=0.00 sys=0.00, real=0.00 secs]
  任务队列: 623000 个任务待处理，堆使用 15.5 MB / 29.0 MB
  任务队列: 623500 个任务待处理，堆使用 20.5 MB / 29.0 MB
[GC (Allocation Failure) [PSYoungGen: 8825K->640K(9216K)] 23418K->15384K(29696K), 0.0013336 secs] [Times: user=0.00 sys=0.00, real=0.00 secs]
  任务队列: 624000 个任务待处理，堆使用 17.6 MB / 29.0 MB
  任务队列: 624500 个任务待处理，堆使用 22.4 MB / 29.0 MB
[GC (Allocation Failure) [PSYoungGen: 8822K->640K(9216K)] 23567K->15536K(29696K), 0.0011416 secs] [Times: user=0.00 sys=0.00, real=0.00 secs]
  任务队列: 625000 个任务待处理，堆使用 19.5 MB / 29.0 MB
[GC (Allocation Failure) [PSYoungGen: 8832K->640K(9216K)] 23728K->15688K(29696K), 0.0008788 secs] [Times: user=0.00 sys=0.00, real=0.00 secs]
  任务队列: 625500 个任务待处理，堆使用 16.7 MB / 29.0 MB
  任务队列: 626000 个任务待处理，堆使用 21.6 MB / 29.0 MB
[GC (Allocation Failure) [PSYoungGen: 8832K->640K(9216K)] 23880K->15840K(29696K), 0.0008235 secs] [Times: user=0.00 sys=0.00, real=0.00 secs]
  任务队列: 626500 个任务待处理，堆使用 18.7 MB / 29.0 MB
[GC (Allocation Failure) [PSYoungGen: 8832K->640K(9216K)] 24032K->15992K(29696K), 0.0008125 secs] [Times: user=0.00 sys=0.00, real=0.00 secs]
  任务队列: 627000 个任务待处理，堆使用 15.8 MB / 29.0 MB
  任务队列: 627500 个任务待处理，堆使用 20.7 MB / 29.0 MB
[GC (Allocation Failure) [PSYoungGen: 8825K->640K(9216K)] 24178K->16144K(29696K), 0.0008669 secs] [Times: user=0.00 sys=0.00, real=0.00 secs]
  任务队列: 628000 个任务待处理，堆使用 17.8 MB / 29.0 MB
  任务队列: 628500 个任务待处理，堆使用 22.8 MB / 29.0 MB
[GC (Allocation Failure) [PSYoungGen: 8827K->640K(9216K)] 24332K->16296K(29696K), 0.0008576 secs] [Times: user=0.00 sys=0.00, real=0.00 secs]
  任务队列: 629000 个任务待处理，堆使用 19.9 MB / 29.0 MB
[GC (Allocation Failure) [PSYoungGen: 8832K->576K(9216K)] 24488K->16368K(29696K), 0.0008786 secs] [Times: user=0.00 sys=0.00, real=0.00 secs]
  任务队列: 629500 个任务待处理，堆使用 16.8 MB / 29.0 MB
  任务队列: 630000 个任务待处理，堆使用 21.8 MB / 29.0 MB
[GC (Allocation Failure) [PSYoungGen: 8768K->640K(9216K)] 24560K->16584K(29696K), 0.0008815 secs] [Times: user=0.00 sys=0.00, real=0.00 secs]
  任务队列: 630500 个任务待处理，堆使用 18.9 MB / 29.0 MB
  任务队列: 631000 个任务待处理，堆使用 23.8 MB / 29.0 MB
[GC (Allocation Failure) [PSYoungGen: 8822K->608K(9216K)] 24767K->16688K(29696K), 0.0008506 secs] [Times: user=0.00 sys=0.00, real=0.00 secs]
  任务队列: 631500 个任务待处理，堆使用 21.0 MB / 29.0 MB
[GC (Allocation Failure) [PSYoungGen: 8800K->640K(9216K)] 24880K->16872K(29696K), 0.0009153 secs] [Times: user=0.30 sys=0.01, real=0.00 secs]
  任务队列: 632000 个任务待处理，堆使用 18.2 MB / 29.0 MB
  任务队列: 632500 个任务待处理，堆使用 23.0 MB / 29.0 MB
[GC (Allocation Failure) [PSYoungGen: 8832K->640K(9216K)] 25064K->17024K(29696K), 0.0008172 secs] [Times: user=0.00 sys=0.00, real=0.00 secs]
  任务队列: 633000 个任务待处理，堆使用 20.2 MB / 29.0 MB
[GC (Allocation Failure) [PSYoungGen: 8832K->640K(9216K)] 25216K->17176K(29696K), 0.0008947 secs] [Times: user=0.00 sys=0.00, real=0.00 secs]
  任务队列: 633500 个任务待处理，堆使用 17.3 MB / 29.0 MB
  任务队列: 634000 个任务待处理，堆使用 22.2 MB / 29.0 MB
[GC (Allocation Failure) [PSYoungGen: 8832K->608K(9216K)] 25368K->17288K(29696K), 0.0008678 secs] [Times: user=0.00 sys=0.00, real=0.00 secs]
  任务队列: 634500 个任务待处理，堆使用 19.2 MB / 29.0 MB
  任务队列: 635000 个任务待处理，堆使用 24.1 MB / 29.0 MB
[GC (Allocation Failure) [PSYoungGen: 8797K->640K(9216K)] 25478K->17472K(29696K), 0.0008967 secs] [Times: user=0.00 sys=0.00, real=0.00 secs]
  任务队列: 635500 个任务待处理，堆使用 21.2 MB / 29.0 MB
[GC (Allocation Failure) [PSYoungGen: 8832K->640K(9216K)] 25664K->17624K(29696K), 0.0011246 secs] [Times: user=0.00 sys=0.00, real=0.00 secs]
  任务队列: 636000 个任务待处理，堆使用 18.4 MB / 29.0 MB
  任务队列: 636500 个任务待处理，堆使用 23.3 MB / 29.0 MB
[GC (Allocation Failure) [PSYoungGen: 8832K->640K(9216K)] 25816K->17768K(29696K), 0.0008256 secs] [Times: user=0.00 sys=0.00, real=0.00 secs]
  任务队列: 637000 个任务待处理，堆使用 20.4 MB / 29.0 MB
  任务队列: 637500 个任务待处理，堆使用 25.4 MB / 29.0 MB
[GC (Allocation Failure) [PSYoungGen: 8832K->640K(9216K)] 25960K->17920K(29696K), 0.0008681 secs] [Times: user=0.00 sys=0.00, real=0.00 secs]
  任务队列: 638000 个任务待处理，堆使用 22.4 MB / 29.0 MB
[GC (Allocation Failure) [PSYoungGen: 8832K->640K(9216K)] 26112K->18072K(29696K), 0.0008068 secs] [Times: user=0.00 sys=0.00, real=0.00 secs]
  任务队列: 638500 个任务待处理，堆使用 19.5 MB / 29.0 MB
  任务队列: 639000 个任务待处理，堆使用 24.6 MB / 29.0 MB
[GC (Allocation Failure) [PSYoungGen: 8826K->640K(9216K)] 26259K->18224K(29696K), 0.0011338 secs] [Times: user=0.00 sys=0.00, real=0.00 secs]
  任务队列: 639500 个任务待处理，堆使用 21.6 MB / 29.0 MB
[GC (Allocation Failure) [PSYoungGen: 8832K->544K(9216K)] 26416K->18280K(29696K), 0.0008216 secs] [Times: user=0.00 sys=0.00, real=0.00 secs]
  任务队列: 640000 个任务待处理，堆使用 18.5 MB / 29.0 MB
  任务队列: 640500 个任务待处理，堆使用 23.5 MB / 29.0 MB
[GC (Allocation Failure) [PSYoungGen: 8736K->384K(9216K)] 26472K->18272K(29696K), 0.0006847 secs] [Times: user=0.00 sys=0.00, real=0.00 secs]
  任务队列: 641000 个任务待处理，堆使用 20.4 MB / 29.0 MB
  任务队列: 641500 个任务待处理，堆使用 25.3 MB / 29.0 MB
[GC (Allocation Failure) [PSYoungGen: 8569K->608K(9216K)] 26458K->18648K(29696K), 0.0005716 secs] [Times: user=0.00 sys=0.00, real=0.00 secs]
  任务队列: 642000 个任务待处理，堆使用 22.7 MB / 29.0 MB
[GC (Allocation Failure) [PSYoungGen: 8800K->416K(9216K)] 26840K->18592K(29696K), 0.0005581 secs] [Times: user=0.00 sys=0.00, real=0.00 secs]
  任务队列: 642500 个任务待处理，堆使用 19.5 MB / 29.0 MB
  任务队列: 643000 个任务待处理，堆使用 24.5 MB / 29.0 MB
[GC (Allocation Failure) [PSYoungGen: 8608K->608K(9216K)] 26784K->18936K(29696K), 0.0005853 secs] [Times: user=0.02 sys=0.00, real=0.00 secs]
  任务队列: 643500 个任务待处理，堆使用 21.9 MB / 29.0 MB
[GC (Allocation Failure) [PSYoungGen: 8800K->448K(9216K)] 27128K->18920K(29696K), 0.0005235 secs] [Times: user=0.00 sys=0.00, real=0.00 secs]
  任务队列: 644000 个任务待处理，堆使用 18.6 MB / 29.0 MB
  任务队列: 644500 个任务待处理，堆使用 23.7 MB / 29.0 MB
[GC (Allocation Failure) [PSYoungGen: 8640K->608K(9216K)] 27112K->19232K(29696K), 0.0005626 secs] [Times: user=0.00 sys=0.00, real=0.00 secs]
  任务队列: 645000 个任务待处理，堆使用 21.0 MB / 29.0 MB
  任务队列: 645500 个任务待处理，堆使用 25.9 MB / 29.0 MB
[GC (Allocation Failure) [PSYoungGen: 8793K->544K(9216K)] 27418K->19304K(29696K), 0.0006412 secs] [Times: user=0.00 sys=0.00, real=0.00 secs]
  任务队列: 646000 个任务待处理，堆使用 22.9 MB / 29.0 MB
[GC (Allocation Failure) [PSYoungGen: 8736K->544K(9216K)] 27496K->19456K(29696K), 0.0005877 secs] [Times: user=0.00 sys=0.00, real=0.00 secs]
  任务队列: 646500 个任务待处理，堆使用 20.0 MB / 29.0 MB
  任务队列: 647000 个任务待处理，堆使用 25.0 MB / 29.0 MB
[GC (Allocation Failure) [PSYoungGen: 8736K->544K(9216K)] 27648K->19576K(29696K), 0.0005298 secs] [Times: user=0.00 sys=0.00, real=0.00 secs]
  任务队列: 647500 个任务待处理，堆使用 22.0 MB / 29.0 MB
  任务队列: 648000 个任务待处理，堆使用 26.8 MB / 29.0 MB
[GC (Allocation Failure) [PSYoungGen: 8731K->640K(9216K)] 27764K->19824K(29696K), 0.0005715 secs] [Times: user=0.00 sys=0.00, real=0.00 secs]
  任务队列: 648500 个任务待处理，堆使用 24.1 MB / 29.0 MB
[GC (Allocation Failure) [PSYoungGen: 8832K->640K(9216K)] 28016K->19960K(29696K), 0.0005608 secs] [Times: user=0.00 sys=0.00, real=0.00 secs]
  任务队列: 649000 个任务待处理，堆使用 21.2 MB / 29.0 MB
  任务队列: 649500 个任务待处理，堆使用 26.1 MB / 29.0 MB
[GC (Allocation Failure) [PSYoungGen: 8832K->608K(9216K)] 28152K->20080K(29696K), 0.0007367 secs] [Times: user=0.00 sys=0.00, real=0.00 secs]
  任务队列: 650000 个任务待处理，堆使用 23.2 MB / 29.0 MB
[GC (Allocation Failure) [PSYoungGen: 8800K->640K(9216K)] 28272K->20264K(29696K), 0.0008155 secs] [Times: user=0.00 sys=0.00, real=0.00 secs]
  任务队列: 650500 个任务待处理，堆使用 20.3 MB / 29.0 MB
  任务队列: 651000 个任务待处理，堆使用 25.2 MB / 29.0 MB
[GC (Allocation Failure) [PSYoungGen: 8832K->640K(9216K)] 28456K->20416K(29696K), 0.0006210 secs] [Times: user=0.00 sys=0.00, real=0.00 secs]
  任务队列: 651500 个任务待处理，堆使用 22.3 MB / 29.0 MB
  任务队列: 652000 个任务待处理，堆使用 27.3 MB / 29.0 MB
[GC (Allocation Failure) [PSYoungGen: 8829K->576K(9216K)] 28606K->20504K(29696K), 0.0005538 secs] [Times: user=0.00 sys=0.00, real=0.00 secs]
  任务队列: 652500 个任务待处理，堆使用 24.4 MB / 29.0 MB
[GC (Allocation Failure) [PSYoungGen: 8768K->608K(9216K)] 28696K->20688K(29696K), 0.0006159 secs] [Times: user=0.00 sys=0.00, real=0.00 secs]
  任务队列: 653000 个任务待处理，堆使用 21.4 MB / 29.0 MB
  任务队列: 653500 个任务待处理，堆使用 26.3 MB / 29.0 MB
[GC (Allocation Failure) [PSYoungGen: 8800K->576K(9216K)] 28880K->20808K(29696K), 0.0005528 secs] [Times: user=0.00 sys=0.00, real=0.00 secs]
  任务队列: 654000 个任务待处理，堆使用 23.3 MB / 29.0 MB
  任务队列: 654500 个任务待处理，堆使用 28.3 MB / 29.0 MB
[GC (Allocation Failure) [PSYoungGen: 8761K->576K(9216K)] 28994K->20960K(29696K), 0.0005648 secs] [Times: user=0.00 sys=0.00, real=0.00 secs]
[Full GC (Ergonomics) [PSYoungGen: 576K->0K(9216K)] [ParOldGen: 20384K->14452K(20480K)] 20960K->14452K(29696K), [Metaspace: 5207K->5207K(1056768K)], 0.2310163 secs] [Times: user=4.47 sys=0.22, real=0.23 secs]
  任务队列: 655000 个任务待处理，堆使用 19.2 MB / 29.0 MB
[GC (Allocation Failure) [PSYoungGen: 8192K->608K(9216K)] 22644K->15060K(29696K), 0.0006306 secs] [Times: user=0.00 sys=0.00, real=0.00 secs]
  任务队列: 655500 个任务待处理，堆使用 16.7 MB / 29.0 MB
  任务队列: 656000 个任务待处理，堆使用 21.5 MB / 29.0 MB
[GC (Allocation Failure) [PSYoungGen: 8800K->640K(9216K)] 23252K->15092K(29696K), 0.0006230 secs] [Times: user=0.00 sys=0.00, real=0.00 secs]
  任务队列: 656500 个任务待处理，堆使用 18.6 MB / 29.0 MB
[GC (Allocation Failure) [PSYoungGen: 8832K->608K(9216K)] 23284K->15060K(29696K), 0.0008633 secs] [Times: user=0.00 sys=0.00, real=0.00 secs]
  任务队列: 657000 个任务待处理，堆使用 15.4 MB / 29.0 MB
  任务队列: 657500 个任务待处理，堆使用 20.4 MB / 29.0 MB
[GC (Allocation Failure) [PSYoungGen: 8800K->640K(9216K)] 23252K->15092K(29696K), 0.0007971 secs] [Times: user=0.00 sys=0.00, real=0.00 secs]
  任务队列: 658000 个任务待处理，堆使用 17.4 MB / 29.0 MB
  任务队列: 658500 个任务待处理，堆使用 22.3 MB / 29.0 MB
[GC (Allocation Failure) [PSYoungGen: 8828K->640K(9216K)] 23280K->15092K(29696K), 0.0010579 secs] [Times: user=0.00 sys=0.00, real=0.00 secs]
  任务队列: 659000 个任务待处理，堆使用 19.3 MB / 29.0 MB
[GC (Allocation Failure) [PSYoungGen: 8832K->640K(9216K)] 23284K->15244K(29696K), 0.0011767 secs] [Times: user=0.27 sys=0.02, real=0.00 secs]
  任务队列: 659500 个任务待处理，堆使用 16.4 MB / 29.0 MB
  任务队列: 660000 个任务待处理，堆使用 21.2 MB / 29.0 MB
[GC (Allocation Failure) [PSYoungGen: 8832K->640K(9216K)] 23436K->15396K(29696K), 0.0010600 secs] [Times: user=0.00 sys=0.00, real=0.00 secs]
  任务队列: 660500 个任务待处理，堆使用 18.4 MB / 29.0 MB
[GC (Allocation Failure) [PSYoungGen: 8832K->640K(9216K)] 23588K->15548K(29696K), 0.0011711 secs] [Times: user=0.00 sys=0.00, real=0.00 secs]
  任务队列: 661000 个任务待处理，堆使用 15.5 MB / 29.0 MB
  任务队列: 661500 个任务待处理，堆使用 20.5 MB / 29.0 MB
[GC (Allocation Failure) [PSYoungGen: 8832K->640K(9216K)] 23740K->15692K(29696K), 0.0011129 secs] [Times: user=0.00 sys=0.00, real=0.00 secs]
  任务队列: 662000 个任务待处理，堆使用 17.5 MB / 29.0 MB
  任务队列: 662500 个任务待处理，堆使用 22.5 MB / 29.0 MB
[GC (Allocation Failure) [PSYoungGen: 8824K->640K(9216K)] 23877K->15844K(29696K), 0.0012350 secs] [Times: user=0.00 sys=0.00, real=0.00 secs]
  任务队列: 663000 个任务待处理，堆使用 19.5 MB / 29.0 MB
[GC (Allocation Failure) [PSYoungGen: 8832K->640K(9216K)] 24036K->15996K(29696K), 0.0013100 secs] [Times: user=0.00 sys=0.00, real=0.00 secs]
  任务队列: 663500 个任务待处理，堆使用 16.6 MB / 29.0 MB
  任务队列: 664000 个任务待处理，堆使用 21.6 MB / 29.0 MB
[GC (Allocation Failure) [PSYoungGen: 8832K->640K(9216K)] 24188K->16148K(29696K), 0.0012997 secs] [Times: user=0.00 sys=0.00, real=0.00 secs]
  任务队列: 664500 个任务待处理，堆使用 18.6 MB / 29.0 MB
  任务队列: 665000 个任务待处理，堆使用 23.7 MB / 29.0 MB
[GC (Allocation Failure) [PSYoungGen: 8826K->608K(9216K)] 24334K->16252K(29696K), 0.0013806 secs] [Times: user=0.00 sys=0.00, real=0.00 secs]
  任务队列: 665500 个任务待处理，堆使用 20.7 MB / 29.0 MB
[GC (Allocation Failure) [PSYoungGen: 8800K->640K(9216K)] 24444K->16436K(29696K), 0.0011121 secs] [Times: user=0.00 sys=0.00, real=0.00 secs]
  任务队列: 666000 个任务待处理，堆使用 17.7 MB / 29.0 MB
  任务队列: 666500 个任务待处理，堆使用 22.8 MB / 29.0 MB
[GC (Allocation Failure) [PSYoungGen: 8829K->640K(9216K)] 24626K->16588K(29696K), 0.0011275 secs] [Times: user=0.00 sys=0.00, real=0.00 secs]
  任务队列: 667000 个任务待处理，堆使用 19.9 MB / 29.0 MB
[GC (Allocation Failure) [PSYoungGen: 8832K->640K(9216K)] 24780K->16740K(29696K), 0.0011843 secs] [Times: user=0.31 sys=0.00, real=0.00 secs]
  任务队列: 667500 个任务待处理，堆使用 17.0 MB / 29.0 MB
  任务队列: 668000 个任务待处理，堆使用 21.9 MB / 29.0 MB
[GC (Allocation Failure) [PSYoungGen: 8832K->640K(9216K)] 24932K->16892K(29696K), 0.0011223 secs] [Times: user=0.00 sys=0.00, real=0.00 secs]
  任务队列: 668500 个任务待处理，堆使用 19.0 MB / 29.0 MB
  任务队列: 669000 个任务待处理，堆使用 24.0 MB / 29.0 MB
[GC (Allocation Failure) [PSYoungGen: 8826K->640K(9216K)] 25078K->17044K(29696K), 0.0012502 secs] [Times: user=0.00 sys=0.00, real=0.00 secs]
  任务队列: 669500 个任务待处理，堆使用 21.0 MB / 29.0 MB
[GC (Allocation Failure) [PSYoungGen: 8832K->640K(9216K)] 25236K->17196K(29696K), 0.0011453 secs] [Times: user=0.00 sys=0.00, real=0.00 secs]
  任务队列: 670000 个任务待处理，堆使用 18.1 MB / 29.0 MB
  任务队列: 670500 个任务待处理，堆使用 23.1 MB / 29.0 MB
[GC (Allocation Failure) [PSYoungGen: 8832K->640K(9216K)] 25388K->17348K(29696K), 0.0013713 secs] [Times: user=0.00 sys=0.00, real=0.00 secs]
  任务队列: 671000 个任务待处理，堆使用 20.2 MB / 29.0 MB
[GC (Allocation Failure) [PSYoungGen: 8832K->640K(9216K)] 25540K->17500K(29696K), 0.0015517 secs] [Times: user=0.00 sys=0.00, real=0.00 secs]
  任务队列: 671500 个任务待处理，堆使用 17.3 MB / 29.0 MB
  任务队列: 672000 个任务待处理，堆使用 22.3 MB / 29.0 MB
[GC (Allocation Failure) [PSYoungGen: 8832K->608K(9216K)] 25692K->17604K(29696K), 0.0011659 secs] [Times: user=0.00 sys=0.00, real=0.00 secs]
  任务队列: 672500 个任务待处理，堆使用 19.4 MB / 29.0 MB
  任务队列: 673000 个任务待处理，堆使用 24.2 MB / 29.0 MB
[GC (Allocation Failure) [PSYoungGen: 8792K->640K(9216K)] 25789K->17788K(29696K), 0.0011901 secs] [Times: user=0.00 sys=0.00, real=0.00 secs]
  任务队列: 673500 个任务待处理，堆使用 21.4 MB / 29.0 MB
[GC (Allocation Failure) [PSYoungGen: 8832K->608K(9216K)] 25980K->17900K(29696K), 0.0013795 secs] [Times: user=0.00 sys=0.00, real=0.00 secs]
  任务队列: 674000 个任务待处理，堆使用 18.3 MB / 29.0 MB
  任务队列: 674500 个任务待处理，堆使用 23.4 MB / 29.0 MB
[GC (Allocation Failure) [PSYoungGen: 8800K->640K(9216K)] 26092K->18076K(29696K), 0.0012158 secs] [Times: user=0.00 sys=0.00, real=0.00 secs]
  任务队列: 675000 个任务待处理，堆使用 20.5 MB / 29.0 MB
  任务队列: 675500 个任务待处理，堆使用 25.4 MB / 29.0 MB
[GC (Allocation Failure) [PSYoungGen: 8822K->640K(9216K)] 26259K->18228K(29696K), 0.0011661 secs] [Times: user=0.31 sys=0.00, real=0.00 secs]
  任务队列: 676000 个任务待处理，堆使用 22.5 MB / 29.0 MB
[GC (Allocation Failure) [PSYoungGen: 8832K->640K(9216K)] 26420K->18380K(29696K), 0.0011386 secs] [Times: user=0.00 sys=0.00, real=0.00 secs]
  任务队列: 676500 个任务待处理，堆使用 19.6 MB / 29.0 MB
  任务队列: 677000 个任务待处理，堆使用 24.6 MB / 29.0 MB
[GC (Allocation Failure) [PSYoungGen: 8825K->640K(9216K)] 26565K->18532K(29696K), 0.0010968 secs] [Times: user=0.00 sys=0.00, real=0.00 secs]
  任务队列: 677500 个任务待处理，堆使用 21.6 MB / 29.0 MB
[GC (Allocation Failure) [PSYoungGen: 8832K->640K(9216K)] 26724K->18684K(29696K), 0.0010837 secs] [Times: user=0.00 sys=0.00, real=0.00 secs]
  任务队列: 678000 个任务待处理，堆使用 18.8 MB / 29.0 MB
  任务队列: 678500 个任务待处理，堆使用 23.7 MB / 29.0 MB
[GC (Allocation Failure) [PSYoungGen: 8832K->640K(9216K)] 26876K->18836K(29696K), 0.0011379 secs] [Times: user=0.00 sys=0.00, real=0.00 secs]
  任务队列: 679000 个任务待处理，堆使用 20.8 MB / 29.0 MB
  任务队列: 679500 个任务待处理，堆使用 25.7 MB / 29.0 MB
[GC (Allocation Failure) [PSYoungGen: 8824K->640K(9216K)] 27020K->18988K(29696K), 0.0012040 secs] [Times: user=0.00 sys=0.00, real=0.00 secs]
  任务队列: 680000 个任务待处理，堆使用 22.7 MB / 29.0 MB
[GC (Allocation Failure) [PSYoungGen: 8832K->640K(9216K)] 27180K->19132K(29696K), 0.0012764 secs] [Times: user=0.00 sys=0.00, real=0.00 secs]
  任务队列: 680500 个任务待处理，堆使用 19.9 MB / 29.0 MB
  任务队列: 681000 个任务待处理，堆使用 24.8 MB / 29.0 MB
[GC (Allocation Failure) [PSYoungGen: 8826K->640K(9216K)] 27318K->19268K(29696K), 0.0012000 secs] [Times: user=0.00 sys=0.00, real=0.00 secs]
  任务队列: 681500 个任务待处理，堆使用 21.9 MB / 29.0 MB
  任务队列: 682000 个任务待处理，堆使用 26.8 MB / 29.0 MB
[GC (Allocation Failure) [PSYoungGen: 8832K->640K(9216K)] 27460K->19420K(29696K), 0.0013657 secs] [Times: user=0.00 sys=0.00, real=0.00 secs]
  任务队列: 682500 个任务待处理，堆使用 24.0 MB / 29.0 MB
[GC (Allocation Failure) [PSYoungGen: 8832K->640K(9216K)] 27612K->19564K(29696K), 0.0011582 secs] [Times: user=0.00 sys=0.00, real=0.00 secs]
  任务队列: 683000 个任务待处理，堆使用 21.1 MB / 29.0 MB
  任务队列: 683500 个任务待处理，堆使用 26.0 MB / 29.0 MB
[GC (Allocation Failure) [PSYoungGen: 8829K->640K(9216K)] 27754K->19700K(29696K), 0.0011300 secs] [Times: user=0.31 sys=0.00, real=0.00 secs]
  任务队列: 684000 个任务待处理，堆使用 23.1 MB / 29.0 MB
[GC (Allocation Failure) [PSYoungGen: 8830K->640K(9216K)] 27891K->19852K(29696K), 0.0012929 secs] [Times: user=0.00 sys=0.00, real=0.00 secs]
  任务队列: 684500 个任务待处理，堆使用 20.1 MB / 29.0 MB
  任务队列: 685000 个任务待处理，堆使用 25.1 MB / 29.0 MB
[GC (Allocation Failure) [PSYoungGen: 8832K->640K(9216K)] 28044K->20004K(29696K), 0.0011693 secs] [Times: user=0.00 sys=0.00, real=0.00 secs]
  任务队列: 685500 个任务待处理，堆使用 22.2 MB / 29.0 MB
  任务队列: 686000 个任务待处理，堆使用 27.1 MB / 29.0 MB
[GC (Allocation Failure) [PSYoungGen: 8831K->640K(9216K)] 28195K->20156K(29696K), 0.0010954 secs] [Times: user=0.00 sys=0.00, real=0.00 secs]
  任务队列: 686500 个任务待处理，堆使用 24.2 MB / 29.0 MB
[GC (Allocation Failure) [PSYoungGen: 8832K->640K(9216K)] 28348K->20308K(29696K), 0.0011061 secs] [Times: user=0.00 sys=0.00, real=0.00 secs]
  任务队列: 687000 个任务待处理，堆使用 21.3 MB / 29.0 MB
  任务队列: 687500 个任务待处理，堆使用 26.1 MB / 29.0 MB
[GC (Allocation Failure) [PSYoungGen: 8832K->640K(9216K)] 28500K->20460K(29696K), 0.0010494 secs] [Times: user=0.00 sys=0.00, real=0.00 secs]
  任务队列: 688000 个任务待处理，堆使用 23.4 MB / 29.0 MB
[GC (Allocation Failure) [PSYoungGen: 8832K->640K(9216K)] 28652K->20612K(29696K), 0.0012458 secs] [Times: user=0.00 sys=0.00, real=0.00 secs]
  任务队列: 688500 个任务待处理，堆使用 20.5 MB / 29.0 MB
  任务队列: 689000 个任务待处理，堆使用 25.3 MB / 29.0 MB
[GC (Allocation Failure) [PSYoungGen: 8832K->640K(9216K)] 28804K->20756K(29696K), 0.0014454 secs] [Times: user=0.00 sys=0.00, real=0.00 secs]
  任务队列: 689500 个任务待处理，堆使用 22.5 MB / 29.0 MB
  任务队列: 690000 个任务待处理，堆使用 27.5 MB / 29.0 MB
[GC (Allocation Failure) [PSYoungGen: 8825K->640K(9216K)] 28942K->20892K(29696K), 0.0012396 secs] [Times: user=0.00 sys=0.00, real=0.00 secs]
  任务队列: 690500 个任务待处理，堆使用 24.4 MB / 29.0 MB
[GC (Allocation Failure) [PSYoungGen: 8832K->640K(9216K)] 29084K->21044K(29696K), 0.0014492 secs] [Times: user=0.00 sys=0.00, real=0.00 secs]
[Full GC (Ergonomics) [PSYoungGen: 640K->0K(9216K)] [ParOldGen: 20404K->15023K(20480K)] 21044K->15023K(29696K), [Metaspace: 5207K->5207K(1056768K)], 0.2461829 secs] [Times: user=4.47 sys=0.16, real=0.25 secs]
  任务队列: 691000 个任务待处理，堆使用 15.7 MB / 29.0 MB
  任务队列: 691500 个任务待处理，堆使用 20.6 MB / 29.0 MB
[GC (Allocation Failure) [PSYoungGen: 8192K->640K(9216K)] 23215K->15663K(29696K), 0.0006017 secs] [Times: user=0.00 sys=0.00, real=0.00 secs]
  任务队列: 692000 个任务待处理，堆使用 18.1 MB / 29.0 MB
  任务队列: 692500 个任务待处理，堆使用 23.2 MB / 29.0 MB
[GC (Allocation Failure) [PSYoungGen: 8822K->640K(9216K)] 23846K->15663K(29696K), 0.0007480 secs] [Times: user=0.00 sys=0.00, real=0.00 secs]
  任务队列: 693000 个任务待处理，堆使用 20.0 MB / 29.0 MB
[GC (Allocation Failure) [PSYoungGen: 8832K->544K(9216K)] 23855K->15567K(29696K), 0.0009918 secs] [Times: user=0.00 sys=0.00, real=0.00 secs]
  任务队列: 693500 个任务待处理，堆使用 16.9 MB / 29.0 MB
  任务队列: 694000 个任务待处理，堆使用 21.9 MB / 29.0 MB
[GC (Allocation Failure) [PSYoungGen: 8736K->640K(9216K)] 23759K->15663K(29696K), 0.0011419 secs] [Times: user=0.00 sys=0.00, real=0.00 secs]
  任务队列: 694500 个任务待处理，堆使用 18.8 MB / 29.0 MB
[GC (Allocation Failure) [PSYoungGen: 8832K->640K(9216K)] 23855K->15663K(29696K), 0.0011447 secs] [Times: user=0.00 sys=0.00, real=0.00 secs]
  任务队列: 695000 个任务待处理，堆使用 15.8 MB / 29.0 MB
  任务队列: 695500 个任务待处理，堆使用 20.8 MB / 29.0 MB
[GC (Allocation Failure) [PSYoungGen: 8832K->640K(9216K)] 23855K->15663K(29696K), 0.0011783 secs] [Times: user=0.00 sys=0.00, real=0.00 secs]
  任务队列: 696000 个任务待处理，堆使用 17.7 MB / 29.0 MB
  任务队列: 696500 个任务待处理，堆使用 22.7 MB / 29.0 MB
[GC (Allocation Failure) [PSYoungGen: 8828K->608K(9216K)] 23851K->15631K(29696K), 0.0019367 secs] [Times: user=0.00 sys=0.00, real=0.00 secs]
  任务队列: 697000 个任务待处理，堆使用 19.6 MB / 29.0 MB
[GC (Allocation Failure) [PSYoungGen: 8800K->608K(9216K)] 23823K->15631K(29696K), 0.0024568 secs] [Times: user=0.00 sys=0.00, real=0.00 secs]
  任务队列: 697500 个任务待处理，堆使用 16.4 MB / 29.0 MB
  任务队列: 698000 个任务待处理，堆使用 21.5 MB / 29.0 MB
[GC (Allocation Failure) [PSYoungGen: 8800K->672K(9216K)] 23823K->15695K(29696K), 0.0021407 secs] [Times: user=0.00 sys=0.00, real=0.00 secs]
  任务队列: 698500 个任务待处理，堆使用 18.5 MB / 29.0 MB
  任务队列: 699000 个任务待处理，堆使用 23.3 MB / 29.0 MB
[GC (Allocation Failure) [PSYoungGen: 8864K->672K(9216K)] 23887K->15695K(29696K), 0.0017661 secs] [Times: user=0.00 sys=0.00, real=0.00 secs]
  任务队列: 699500 个任务待处理，堆使用 20.4 MB / 29.0 MB
[GC (Allocation Failure) [PSYoungGen: 8864K->672K(9216K)] 23887K->15695K(29696K), 0.0018675 secs] [Times: user=0.00 sys=0.00, real=0.00 secs]
  任务队列: 700000 个任务待处理，堆使用 17.3 MB / 29.0 MB
  任务队列: 700500 个任务待处理，堆使用 22.2 MB / 29.0 MB
[GC (Allocation Failure) [PSYoungGen: 8864K->672K(9216K)] 23887K->15839K(29696K), 0.0019480 secs] [Times: user=0.00 sys=0.00, real=0.00 secs]
  任务队列: 701000 个任务待处理，堆使用 19.3 MB / 29.0 MB
[GC (Allocation Failure) [PSYoungGen: 8864K->640K(9216K)] 24031K->15959K(29696K), 0.0022534 secs] [Times: user=0.00 sys=0.00, real=0.00 secs]
  任务队列: 701500 个任务待处理，堆使用 16.4 MB / 29.0 MB
  任务队列: 702000 个任务待处理，堆使用 21.3 MB / 29.0 MB
[GC (Allocation Failure) [PSYoungGen: 8832K->608K(9216K)] 24151K->16079K(29696K), 0.0026306 secs] [Times: user=0.00 sys=0.00, real=0.00 secs]
  任务队列: 702500 个任务待处理，堆使用 18.4 MB / 29.0 MB
  任务队列: 703000 个任务待处理，堆使用 23.3 MB / 29.0 MB
[GC (Allocation Failure) [PSYoungGen: 8794K->672K(9216K)] 24265K->16295K(29696K), 0.0020749 secs] [Times: user=0.00 sys=0.00, real=0.00 secs]
  任务队列: 703500 个任务待处理，堆使用 20.4 MB / 29.0 MB
[GC (Allocation Failure) [PSYoungGen: 8864K->640K(9216K)] 24487K->16415K(29696K), 0.0022027 secs] [Times: user=0.00 sys=0.00, real=0.00 secs]
  任务队列: 704000 个任务待处理，堆使用 17.5 MB / 29.0 MB
  任务队列: 704500 个任务待处理，堆使用 22.5 MB / 29.0 MB
[GC (Allocation Failure) [PSYoungGen: 8832K->672K(9216K)] 24607K->16599K(29696K), 0.0017130 secs] [Times: user=0.31 sys=0.00, real=0.00 secs]
  任务队列: 705000 个任务待处理，堆使用 19.6 MB / 29.0 MB
[GC (Allocation Failure) [PSYoungGen: 8864K->640K(9216K)] 24791K->16719K(29696K), 0.0015617 secs] [Times: user=0.00 sys=0.00, real=0.00 secs]
  任务队列: 705500 个任务待处理，堆使用 16.7 MB / 29.0 MB
  任务队列: 706000 个任务待处理，堆使用 21.5 MB / 29.0 MB
[GC (Allocation Failure) [PSYoungGen: 8832K->672K(9216K)] 24911K->16903K(29696K), 0.0015980 secs] [Times: user=0.00 sys=0.00, real=0.00 secs]
  任务队列: 706500 个任务待处理，堆使用 18.7 MB / 29.0 MB
  任务队列: 707000 个任务待处理，堆使用 23.7 MB / 29.0 MB
[GC (Allocation Failure) [PSYoungGen: 8861K->672K(9216K)] 25093K->17055K(29696K), 0.0013532 secs] [Times: user=0.00 sys=0.00, real=0.00 secs]
  任务队列: 707500 个任务待处理，堆使用 20.7 MB / 29.0 MB
[GC (Allocation Failure) [PSYoungGen: 8864K->640K(9216K)] 25247K->17175K(29696K), 0.0011686 secs] [Times: user=0.00 sys=0.00, real=0.00 secs]
  任务队列: 708000 个任务待处理，堆使用 17.8 MB / 29.0 MB
  任务队列: 708500 个任务待处理，堆使用 22.7 MB / 29.0 MB
[GC (Allocation Failure) [PSYoungGen: 8832K->640K(9216K)] 25367K->17327K(29696K), 0.0015410 secs] [Times: user=0.00 sys=0.00, real=0.00 secs]
  任务队列: 709000 个任务待处理，堆使用 19.8 MB / 29.0 MB
  任务队列: 709500 个任务待处理，堆使用 24.8 MB / 29.0 MB
[GC (Allocation Failure) [PSYoungGen: 8826K->640K(9216K)] 25514K->17479K(29696K), 0.0016083 secs] [Times: user=0.00 sys=0.00, real=0.00 secs]
  任务队列: 710000 个任务待处理，堆使用 21.8 MB / 29.0 MB
[GC (Allocation Failure) [PSYoungGen: 8832K->640K(9216K)] 25671K->17631K(29696K), 0.0013464 secs] [Times: user=0.00 sys=0.00, real=0.00 secs]
  任务队列: 710500 个任务待处理，堆使用 18.9 MB / 29.0 MB
  任务队列: 711000 个任务待处理，堆使用 23.9 MB / 29.0 MB
[GC (Allocation Failure) [PSYoungGen: 8829K->640K(9216K)] 25820K->17783K(29696K), 0.0014235 secs] [Times: user=0.28 sys=0.02, real=0.00 secs]
  任务队列: 711500 个任务待处理，堆使用 20.9 MB / 29.0 MB
[GC (Allocation Failure) [PSYoungGen: 8832K->640K(9216K)] 25975K->17935K(29696K), 0.0014689 secs] [Times: user=0.00 sys=0.00, real=0.00 secs]
  任务队列: 712000 个任务待处理，堆使用 18.0 MB / 29.0 MB
  任务队列: 712500 个任务待处理，堆使用 23.0 MB / 29.0 MB
[GC (Allocation Failure) [PSYoungGen: 8832K->640K(9216K)] 26127K->18087K(29696K), 0.0015835 secs] [Times: user=0.00 sys=0.00, real=0.00 secs]
  任务队列: 713000 个任务待处理，堆使用 20.0 MB / 29.0 MB
  任务队列: 713500 个任务待处理，堆使用 24.9 MB / 29.0 MB
[GC (Allocation Failure) [PSYoungGen: 8824K->640K(9216K)] 26272K->18239K(29696K), 0.0015487 secs] [Times: user=0.00 sys=0.00, real=0.00 secs]
  任务队列: 714000 个任务待处理，堆使用 22.2 MB / 29.0 MB
[GC (Allocation Failure) [PSYoungGen: 8832K->640K(9216K)] 26431K->18391K(29696K), 0.0012865 secs] [Times: user=0.00 sys=0.00, real=0.00 secs]
  任务队列: 714500 个任务待处理，堆使用 19.1 MB / 29.0 MB
  任务队列: 715000 个任务待处理，堆使用 24.1 MB / 29.0 MB
[GC (Allocation Failure) [PSYoungGen: 8832K->640K(9216K)] 26583K->18535K(29696K), 0.0012581 secs] [Times: user=0.00 sys=0.00, real=0.00 secs]
  任务队列: 715500 个任务待处理，堆使用 21.3 MB / 29.0 MB
[GC (Allocation Failure) [PSYoungGen: 8832K->640K(9216K)] 26727K->18687K(29696K), 0.0014182 secs] [Times: user=0.00 sys=0.00, real=0.00 secs]
  任务队列: 716000 个任务待处理，堆使用 18.4 MB / 29.0 MB
  任务队列: 716500 个任务待处理，堆使用 23.3 MB / 29.0 MB
[GC (Allocation Failure) [PSYoungGen: 8832K->640K(9216K)] 26879K->18839K(29696K), 0.0012939 secs] [Times: user=0.00 sys=0.00, real=0.00 secs]
  任务队列: 717000 个任务待处理，堆使用 20.4 MB / 29.0 MB
  任务队列: 717500 个任务待处理，堆使用 25.4 MB / 29.0 MB
[GC (Allocation Failure) [PSYoungGen: 8830K->640K(9216K)] 27030K->18991K(29696K), 0.0013435 secs] [Times: user=0.00 sys=0.00, real=0.00 secs]
  任务队列: 718000 个任务待处理，堆使用 22.4 MB / 29.0 MB
[GC (Allocation Failure) [PSYoungGen: 8832K->640K(9216K)] 27183K->19127K(29696K), 0.0015713 secs] [Times: user=0.00 sys=0.00, real=0.00 secs]
  任务队列: 718500 个任务待处理，堆使用 19.5 MB / 29.0 MB
  任务队列: 719000 个任务待处理，堆使用 24.4 MB / 29.0 MB
[GC (Allocation Failure) [PSYoungGen: 8832K->640K(9216K)] 27319K->19279K(29696K), 0.0016475 secs] [Times: user=0.00 sys=0.00, real=0.00 secs]
  任务队列: 719500 个任务待处理，堆使用 21.5 MB / 29.0 MB
  任务队列: 720000 个任务待处理，堆使用 26.4 MB / 29.0 MB
[GC (Allocation Failure) [PSYoungGen: 8828K->640K(9216K)] 27468K->19431K(29696K), 0.0013057 secs] [Times: user=0.00 sys=0.00, real=0.00 secs]
  任务队列: 720500 个任务待处理，堆使用 23.5 MB / 29.0 MB
[GC (Allocation Failure) [PSYoungGen: 8832K->640K(9216K)] 27623K->19583K(29696K), 0.0015465 secs] [Times: user=0.00 sys=0.00, real=0.00 secs]
  任务队列: 721000 个任务待处理，堆使用 20.6 MB / 29.0 MB
  任务队列: 721500 个任务待处理，堆使用 25.6 MB / 29.0 MB
[GC (Allocation Failure) [PSYoungGen: 8832K->640K(9216K)] 27775K->19735K(29696K), 0.0014470 secs] [Times: user=0.00 sys=0.00, real=0.00 secs]
  任务队列: 722000 个任务待处理，堆使用 22.6 MB / 29.0 MB
[GC (Allocation Failure) [PSYoungGen: 8832K->640K(9216K)] 27927K->19887K(29696K), 0.0014437 secs] [Times: user=0.00 sys=0.00, real=0.00 secs]
  任务队列: 722500 个任务待处理，堆使用 19.8 MB / 29.0 MB
  任务队列: 723000 个任务待处理，堆使用 24.7 MB / 29.0 MB
[GC (Allocation Failure) [PSYoungGen: 8832K->640K(9216K)] 28079K->20039K(29696K), 0.0012883 secs] [Times: user=0.00 sys=0.00, real=0.00 secs]
  任务队列: 723500 个任务待处理，堆使用 21.7 MB / 29.0 MB
  任务队列: 724000 个任务待处理，堆使用 26.7 MB / 29.0 MB
[GC (Allocation Failure) [PSYoungGen: 8826K->640K(9216K)] 28226K->20191K(29696K), 0.0016691 secs] [Times: user=0.00 sys=0.00, real=0.00 secs]
  任务队列: 724500 个任务待处理，堆使用 23.9 MB / 29.0 MB
[GC (Allocation Failure) [PSYoungGen: 8832K->640K(9216K)] 28383K->20343K(29696K), 0.0014625 secs] [Times: user=0.00 sys=0.00, real=0.00 secs]
  任务队列: 725000 个任务待处理，堆使用 20.9 MB / 29.0 MB
  任务队列: 725500 个任务待处理，堆使用 25.9 MB / 29.0 MB
[GC (Allocation Failure) [PSYoungGen: 8825K->640K(9216K)] 28529K->20495K(29696K), 0.0014581 secs] [Times: user=0.00 sys=0.00, real=0.00 secs]
  任务队列: 726000 个任务待处理，堆使用 23.1 MB / 29.0 MB
  任务队列: 726500 个任务待处理，堆使用 28.0 MB / 29.0 MB
[GC (Allocation Failure) [PSYoungGen: 8829K->640K(9216K)] 28684K->20647K(29696K), 0.0015622 secs] [Times: user=0.00 sys=0.00, real=0.00 secs]
  任务队列: 727000 个任务待处理，堆使用 25.0 MB / 29.0 MB
[GC (Allocation Failure) [PSYoungGen: 8832K->640K(9216K)] 28839K->20799K(29696K), 0.0019303 secs] [Times: user=0.00 sys=0.00, real=0.00 secs]
  任务队列: 727500 个任务待处理，堆使用 22.2 MB / 29.0 MB
  任务队列: 728000 个任务待处理，堆使用 27.1 MB / 29.0 MB
[GC (Allocation Failure) [PSYoungGen: 8828K->640K(9216K)] 28988K->20951K(29696K), 0.0017421 secs] [Times: user=0.00 sys=0.00, real=0.00 secs]
[Full GC (Ergonomics) [PSYoungGen: 640K->0K(9216K)] [ParOldGen: 20311K->15605K(20480K)] 20951K->15605K(29696K), [Metaspace: 5207K->5207K(1056768K)], 0.2510363 secs] [Times: user=4.70 sys=0.30, real=0.25 secs]
  任务队列: 728500 个任务待处理，堆使用 18.9 MB / 29.0 MB
[GC (Allocation Failure) [PSYoungGen: 8190K->512K(9216K)] 23796K->16117K(29696K), 0.0007354 secs] [Times: user=0.00 sys=0.00, real=0.00 secs]
  任务队列: 729000 个任务待处理，堆使用 16.4 MB / 29.0 MB
  任务队列: 729500 个任务待处理，堆使用 21.3 MB / 29.0 MB
[GC (Allocation Failure) [PSYoungGen: 8704K->640K(9216K)] 24309K->16245K(29696K), 0.0008836 secs] [Times: user=0.00 sys=0.00, real=0.00 secs]
  任务队列: 730000 个任务待处理，堆使用 18.4 MB / 29.0 MB
  任务队列: 730500 个任务待处理，堆使用 23.3 MB / 29.0 MB
[GC (Allocation Failure) [PSYoungGen: 8823K->640K(9216K)] 24429K->16245K(29696K), 0.0013192 secs] [Times: user=0.00 sys=0.00, real=0.00 secs]
  任务队列: 731000 个任务待处理，堆使用 20.2 MB / 29.0 MB
[GC (Allocation Failure) [PSYoungGen: 8832K->640K(9216K)] 24437K->16245K(29696K), 0.0011884 secs] [Times: user=0.00 sys=0.00, real=0.00 secs]
  任务队列: 731500 个任务待处理，堆使用 17.2 MB / 29.0 MB
  任务队列: 732000 个任务待处理，堆使用 22.1 MB / 29.0 MB
[GC (Allocation Failure) [PSYoungGen: 8826K->640K(9216K)] 24431K->16245K(29696K), 0.0009743 secs] [Times: user=0.00 sys=0.00, real=0.00 secs]
  任务队列: 732500 个任务待处理，堆使用 19.1 MB / 29.0 MB
[GC (Allocation Failure) [PSYoungGen: 8832K->640K(9216K)] 24437K->16245K(29696K), 0.0011799 secs] [Times: user=0.00 sys=0.00, real=0.00 secs]
  任务队列: 733000 个任务待处理，堆使用 16.0 MB / 29.0 MB
  任务队列: 733500 个任务待处理，堆使用 21.0 MB / 29.0 MB
[GC (Allocation Failure) [PSYoungGen: 8832K->640K(9216K)] 24437K->16245K(29696K), 0.0013427 secs] [Times: user=0.00 sys=0.00, real=0.00 secs]
  任务队列: 734000 个任务待处理，堆使用 17.9 MB / 29.0 MB
  任务队列: 734500 个任务待处理，堆使用 22.8 MB / 29.0 MB
[GC (Allocation Failure) [PSYoungGen: 8830K->672K(9216K)] 24436K->16277K(29696K), 0.0014571 secs] [Times: user=0.00 sys=0.00, real=0.00 secs]
  任务队列: 735000 个任务待处理，堆使用 19.9 MB / 29.0 MB
[GC (Allocation Failure) [PSYoungGen: 8864K->672K(9216K)] 24469K->16277K(29696K), 0.0014315 secs] [Times: user=0.00 sys=0.00, real=0.00 secs]
  任务队列: 735500 个任务待处理，堆使用 16.7 MB / 29.0 MB
  任务队列: 736000 个任务待处理，堆使用 21.7 MB / 29.0 MB
[GC (Allocation Failure) [PSYoungGen: 8864K->640K(9216K)] 24469K->16245K(29696K), 0.0015183 secs] [Times: user=0.00 sys=0.00, real=0.00 secs]
  任务队列: 736500 个任务待处理，堆使用 18.6 MB / 29.0 MB
  任务队列: 737000 个任务待处理，堆使用 23.6 MB / 29.0 MB
[GC (Allocation Failure) [PSYoungGen: 8825K->672K(9216K)] 24430K->16277K(29696K), 0.0016845 secs] [Times: user=0.00 sys=0.00, real=0.00 secs]
  任务队列: 737500 个任务待处理，堆使用 20.6 MB / 29.0 MB
[GC (Allocation Failure) [PSYoungGen: 8864K->672K(9216K)] 24469K->16429K(29696K), 0.0023075 secs] [Times: user=0.30 sys=0.01, real=0.00 secs]
  任务队列: 738000 个任务待处理，堆使用 17.6 MB / 29.0 MB
  任务队列: 738500 个任务待处理，堆使用 22.6 MB / 29.0 MB
[GC (Allocation Failure) [PSYoungGen: 8864K->672K(9216K)] 24621K->16581K(29696K), 0.0017958 secs] [Times: user=0.00 sys=0.00, real=0.00 secs]
  任务队列: 739000 个任务待处理，堆使用 19.7 MB / 29.0 MB
[GC (Allocation Failure) [PSYoungGen: 8864K->672K(9216K)] 24773K->16733K(29696K), 0.0018420 secs] [Times: user=0.00 sys=0.00, real=0.00 secs]
  任务队列: 739500 个任务待处理，堆使用 16.8 MB / 29.0 MB
  任务队列: 740000 个任务待处理，堆使用 21.7 MB / 29.0 MB
[GC (Allocation Failure) [PSYoungGen: 8864K->672K(9216K)] 24925K->16853K(29696K), 0.0018722 secs] [Times: user=0.00 sys=0.00, real=0.00 secs]
  任务队列: 740500 个任务待处理，堆使用 18.8 MB / 29.0 MB
  任务队列: 741000 个任务待处理，堆使用 23.8 MB / 29.0 MB
[GC (Allocation Failure) [PSYoungGen: 8859K->672K(9216K)] 25040K->17005K(29696K), 0.0017379 secs] [Times: user=0.00 sys=0.00, real=0.00 secs]
  任务队列: 741500 个任务待处理，堆使用 20.8 MB / 29.0 MB
[GC (Allocation Failure) [PSYoungGen: 8864K->672K(9216K)] 25197K->17157K(29696K), 0.0017092 secs] [Times: user=0.00 sys=0.00, real=0.00 secs]
  任务队列: 742000 个任务待处理，堆使用 17.9 MB / 29.0 MB
  任务队列: 742500 个任务待处理，堆使用 22.9 MB / 29.0 MB
[GC (Allocation Failure) [PSYoungGen: 8858K->640K(9216K)] 25343K->17269K(29696K), 0.0017442 secs] [Times: user=0.00 sys=0.00, real=0.00 secs]
  任务队列: 743000 个任务待处理，堆使用 19.9 MB / 29.0 MB
  任务队列: 743500 个任务待处理，堆使用 24.9 MB / 29.0 MB
[GC (Allocation Failure) [PSYoungGen: 8832K->672K(9216K)] 25461K->17453K(29696K), 0.0014548 secs] [Times: user=0.25 sys=0.06, real=0.00 secs]
  任务队列: 744000 个任务待处理，堆使用 22.1 MB / 29.0 MB
[GC (Allocation Failure) [PSYoungGen: 8864K->640K(9216K)] 25645K->17573K(29696K), 0.0015043 secs] [Times: user=0.00 sys=0.00, real=0.00 secs]
  任务队列: 744500 个任务待处理，堆使用 19.0 MB / 29.0 MB
  任务队列: 745000 个任务待处理，堆使用 24.0 MB / 29.0 MB
[GC (Allocation Failure) [PSYoungGen: 8829K->640K(9216K)] 25763K->17725K(29696K), 0.0012305 secs] [Times: user=0.00 sys=0.00, real=0.00 secs]
  任务队列: 745500 个任务待处理，堆使用 21.2 MB / 29.0 MB
[GC (Allocation Failure) [PSYoungGen: 8830K->640K(9216K)] 25916K->17877K(29696K), 0.0011184 secs] [Times: user=0.00 sys=0.00, real=0.00 secs]
  任务队列: 746000 个任务待处理，堆使用 18.1 MB / 29.0 MB
  任务队列: 746500 个任务待处理，堆使用 23.1 MB / 29.0 MB
[GC (Allocation Failure) [PSYoungGen: 8832K->640K(9216K)] 26069K->18029K(29696K), 0.0011514 secs] [Times: user=0.00 sys=0.00, real=0.00 secs]
  任务队列: 747000 个任务待处理，堆使用 20.3 MB / 29.0 MB
  任务队列: 747500 个任务待处理，堆使用 25.2 MB / 29.0 MB
[GC (Allocation Failure) [PSYoungGen: 8822K->640K(9216K)] 26211K->18165K(29696K), 0.0012271 secs] [Times: user=0.00 sys=0.00, real=0.00 secs]
  任务队列: 748000 个任务待处理，堆使用 22.3 MB / 29.0 MB
[GC (Allocation Failure) [PSYoungGen: 8832K->640K(9216K)] 26357K->18317K(29696K), 0.0010877 secs] [Times: user=0.00 sys=0.00, real=0.00 secs]
  任务队列: 748500 个任务待处理，堆使用 19.4 MB / 29.0 MB
  任务队列: 749000 个任务待处理，堆使用 24.3 MB / 29.0 MB
[GC (Allocation Failure) [PSYoungGen: 8832K->640K(9216K)] 26509K->18453K(29696K), 0.0011578 secs] [Times: user=0.00 sys=0.00, real=0.00 secs]
  任务队列: 749500 个任务待处理，堆使用 21.4 MB / 29.0 MB
[GC (Allocation Failure) [PSYoungGen: 8832K->640K(9216K)] 26645K->18605K(29696K), 0.0012151 secs] [Times: user=0.00 sys=0.00, real=0.00 secs]
  任务队列: 750000 个任务待处理，堆使用 18.5 MB / 29.0 MB
  任务队列: 750500 个任务待处理，堆使用 23.4 MB / 29.0 MB
[GC (Allocation Failure) [PSYoungGen: 8832K->640K(9216K)] 26797K->18757K(29696K), 0.0011351 secs] [Times: user=0.00 sys=0.00, real=0.00 secs]
  任务队列: 751000 个任务待处理，堆使用 20.5 MB / 29.0 MB
  任务队列: 751500 个任务待处理，堆使用 25.4 MB / 29.0 MB
[GC (Allocation Failure) [PSYoungGen: 8827K->640K(9216K)] 26944K->18909K(29696K), 0.0011051 secs] [Times: user=0.00 sys=0.00, real=0.00 secs]
  任务队列: 752000 个任务待处理，堆使用 22.5 MB / 29.0 MB
[GC (Allocation Failure) [PSYoungGen: 8832K->640K(9216K)] 27101K->19061K(29696K), 0.0011676 secs] [Times: user=0.00 sys=0.00, real=0.00 secs]
  任务队列: 752500 个任务待处理，堆使用 19.6 MB / 29.0 MB
  任务队列: 753000 个任务待处理，堆使用 24.6 MB / 29.0 MB
[GC (Allocation Failure) [PSYoungGen: 8832K->640K(9216K)] 27253K->19213K(29696K), 0.0011293 secs] [Times: user=0.00 sys=0.00, real=0.00 secs]
  任务队列: 753500 个任务待处理，堆使用 21.6 MB / 29.0 MB
  任务队列: 754000 个任务待处理，堆使用 26.6 MB / 29.0 MB
[GC (Allocation Failure) [PSYoungGen: 8827K->640K(9216K)] 27400K->19357K(29696K), 0.0013820 secs] [Times: user=0.00 sys=0.00, real=0.00 secs]
  任务队列: 754500 个任务待处理，堆使用 23.6 MB / 29.0 MB
[GC (Allocation Failure) [PSYoungGen: 8832K->640K(9216K)] 27549K->19509K(29696K), 0.0012036 secs] [Times: user=0.00 sys=0.00, real=0.00 secs]
  任务队列: 755000 个任务待处理，堆使用 20.7 MB / 29.0 MB
  任务队列: 755500 个任务待处理，堆使用 25.7 MB / 29.0 MB
[GC (Allocation Failure) [PSYoungGen: 8832K->640K(9216K)] 27701K->19661K(29696K), 0.0012025 secs] [Times: user=0.00 sys=0.00, real=0.00 secs]
  任务队列: 756000 个任务待处理，堆使用 22.7 MB / 29.0 MB
[GC (Allocation Failure) [PSYoungGen: 8832K->640K(9216K)] 27853K->19813K(29696K), 0.0013612 secs] [Times: user=0.00 sys=0.00, real=0.00 secs]
  任务队列: 756500 个任务待处理，堆使用 19.9 MB / 29.0 MB
  任务队列: 757000 个任务待处理，堆使用 24.8 MB / 29.0 MB
[GC (Allocation Failure) [PSYoungGen: 8832K->640K(9216K)] 28005K->19965K(29696K), 0.0011546 secs] [Times: user=0.00 sys=0.00, real=0.00 secs]
  任务队列: 757500 个任务待处理，堆使用 21.9 MB / 29.0 MB
  任务队列: 758000 个任务待处理，堆使用 26.8 MB / 29.0 MB
[GC (Allocation Failure) [PSYoungGen: 8827K->640K(9216K)] 28152K->20117K(29696K), 0.0012247 secs] [Times: user=0.00 sys=0.00, real=0.00 secs]
  任务队列: 758500 个任务待处理，堆使用 24.0 MB / 29.0 MB
[GC (Allocation Failure) [PSYoungGen: 8832K->640K(9216K)] 28309K->20269K(29696K), 0.0012305 secs] [Times: user=0.00 sys=0.00, real=0.00 secs]
  任务队列: 759000 个任务待处理，堆使用 21.0 MB / 29.0 MB
  任务队列: 759500 个任务待处理，堆使用 25.9 MB / 29.0 MB
[GC (Allocation Failure) [PSYoungGen: 8832K->640K(9216K)] 28461K->20421K(29696K), 0.0012179 secs] [Times: user=0.00 sys=0.00, real=0.00 secs]
  任务队列: 760000 个任务待处理，堆使用 23.1 MB / 29.0 MB
  任务队列: 760500 个任务待处理，堆使用 27.9 MB / 29.0 MB
[GC (Allocation Failure) [PSYoungGen: 8832K->640K(9216K)] 28613K->20573K(29696K), 0.0011065 secs] [Times: user=0.00 sys=0.00, real=0.00 secs]
  任务队列: 761000 个任务待处理，堆使用 25.1 MB / 29.0 MB
[GC (Allocation Failure) [PSYoungGen: 8832K->640K(9216K)] 28765K->20725K(29696K), 0.0011303 secs] [Times: user=0.00 sys=0.00, real=0.00 secs]
  任务队列: 761500 个任务待处理，堆使用 22.3 MB / 29.0 MB
  任务队列: 762000 个任务待处理，堆使用 27.1 MB / 29.0 MB
[GC (Allocation Failure) [PSYoungGen: 8830K->640K(9216K)] 28915K->20877K(29696K), 0.0017149 secs] [Times: user=0.00 sys=0.00, real=0.00 secs]
  任务队列: 762500 个任务待处理，堆使用 24.2 MB / 29.0 MB
[GC (Allocation Failure) [PSYoungGen: 8831K->640K(9216K)] 29068K->21021K(29696K), 0.0012295 secs] [Times: user=0.00 sys=0.00, real=0.00 secs]
[Full GC (Ergonomics) [PSYoungGen: 640K->0K(9216K)] [ParOldGen: 20381K->16149K(20480K)] 21021K->16149K(29696K), [Metaspace: 5207K->5207K(1056768K)], 0.2751698 secs] [Times: user=4.88 sys=0.22, real=0.27 secs]
  任务队列: 763000 个任务待处理，堆使用 16.6 MB / 29.0 MB
  任务队列: 763500 个任务待处理，堆使用 21.4 MB / 29.0 MB
[GC (Allocation Failure) [PSYoungGen: 8192K->608K(9216K)] 24341K->16757K(29696K), 0.0005429 secs] [Times: user=0.00 sys=0.00, real=0.00 secs]
  任务队列: 764000 个任务待处理，堆使用 19.1 MB / 29.0 MB
  任务队列: 764500 个任务待处理，堆使用 24.0 MB / 29.0 MB
[GC (Allocation Failure) [PSYoungGen: 8790K->640K(9216K)] 24939K->16789K(29696K), 0.0005676 secs] [Times: user=0.00 sys=0.00, real=0.00 secs]
  任务队列: 765000 个任务待处理，堆使用 20.9 MB / 29.0 MB
[GC (Allocation Failure) [PSYoungGen: 8832K->640K(9216K)] 24981K->16789K(29696K), 0.0007498 secs] [Times: user=0.00 sys=0.00, real=0.00 secs]
  任务队列: 765500 个任务待处理，堆使用 17.9 MB / 29.0 MB
  任务队列: 766000 个任务待处理，堆使用 22.8 MB / 29.0 MB
[GC (Allocation Failure) [PSYoungGen: 8832K->640K(9216K)] 24981K->16789K(29696K), 0.0008372 secs] [Times: user=0.00 sys=0.00, real=0.00 secs]
  任务队列: 766500 个任务待处理，堆使用 19.8 MB / 29.0 MB
[GC (Allocation Failure) [PSYoungGen: 8832K->640K(9216K)] 24981K->16789K(29696K), 0.0013878 secs] [Times: user=0.00 sys=0.00, real=0.00 secs]
  任务队列: 767000 个任务待处理，堆使用 16.7 MB / 29.0 MB
  任务队列: 767500 个任务待处理，堆使用 21.6 MB / 29.0 MB
[GC (Allocation Failure) [PSYoungGen: 8832K->640K(9216K)] 24981K->16789K(29696K), 0.0010260 secs] [Times: user=0.00 sys=0.00, real=0.00 secs]
  任务队列: 768000 个任务待处理，堆使用 18.6 MB / 29.0 MB
  任务队列: 768500 个任务待处理，堆使用 23.6 MB / 29.0 MB
[GC (Allocation Failure) [PSYoungGen: 8829K->672K(9216K)] 24978K->16821K(29696K), 0.0012118 secs] [Times: user=0.00 sys=0.00, real=0.00 secs]
  任务队列: 769000 个任务待处理，堆使用 20.4 MB / 29.0 MB
[GC (Allocation Failure) [PSYoungGen: 8864K->672K(9216K)] 25013K->16821K(29696K), 0.0013541 secs] [Times: user=0.00 sys=0.00, real=0.00 secs]
  任务队列: 769500 个任务待处理，堆使用 17.4 MB / 29.0 MB
  任务队列: 770000 个任务待处理，堆使用 22.4 MB / 29.0 MB
[GC (Allocation Failure) [PSYoungGen: 8864K->672K(9216K)] 25013K->16821K(29696K), 0.0014736 secs] [Times: user=0.00 sys=0.00, real=0.00 secs]
  任务队列: 770500 个任务待处理，堆使用 19.3 MB / 29.0 MB
  任务队列: 771000 个任务待处理，堆使用 24.2 MB / 29.0 MB
[GC (Allocation Failure) [PSYoungGen: 8860K->672K(9216K)] 25009K->16957K(29696K), 0.0015764 secs] [Times: user=0.02 sys=0.00, real=0.00 secs]
  任务队列: 771500 个任务待处理，堆使用 21.4 MB / 29.0 MB
[GC (Allocation Failure) [PSYoungGen: 8864K->672K(9216K)] 25149K->17093K(29696K), 0.0016291 secs] [Times: user=0.00 sys=0.00, real=0.00 secs]
  任务队列: 772000 个任务待处理，堆使用 18.4 MB / 29.0 MB
  任务队列: 772500 个任务待处理，堆使用 23.4 MB / 29.0 MB
[GC (Allocation Failure) [PSYoungGen: 8864K->640K(9216K)] 25285K->17213K(29696K), 0.0019809 secs] [Times: user=0.00 sys=0.00, real=0.00 secs]
  任务队列: 773000 个任务待处理，堆使用 20.5 MB / 29.0 MB
[GC (Allocation Failure) [PSYoungGen: 8832K->640K(9216K)] 25405K->17365K(29696K), 0.0014990 secs] [Times: user=0.00 sys=0.00, real=0.00 secs]
  任务队列: 773500 个任务待处理，堆使用 17.5 MB / 29.0 MB
  任务队列: 774000 个任务待处理，堆使用 22.5 MB / 29.0 MB
[GC (Allocation Failure) [PSYoungGen: 8832K->640K(9216K)] 25557K->17517K(29696K), 0.0014112 secs] [Times: user=0.00 sys=0.00, real=0.00 secs]
  任务队列: 774500 个任务待处理，堆使用 19.5 MB / 29.0 MB
  任务队列: 775000 个任务待处理，堆使用 24.5 MB / 29.0 MB
[GC (Allocation Failure) [PSYoungGen: 8827K->640K(9216K)] 25704K->17669K(29696K), 0.0013583 secs] [Times: user=0.00 sys=0.00, real=0.00 secs]
  任务队列: 775500 个任务待处理，堆使用 21.6 MB / 29.0 MB
[GC (Allocation Failure) [PSYoungGen: 8832K->640K(9216K)] 25861K->17821K(29696K), 0.0010744 secs] [Times: user=0.00 sys=0.00, real=0.00 secs]
  任务队列: 776000 个任务待处理，堆使用 18.6 MB / 29.0 MB
  任务队列: 776500 个任务待处理，堆使用 23.6 MB / 29.0 MB
[GC (Allocation Failure) [PSYoungGen: 8832K->640K(9216K)] 26013K->17973K(29696K), 0.0009353 secs] [Times: user=0.00 sys=0.00, real=0.00 secs]
  任务队列: 777000 个任务待处理，堆使用 20.8 MB / 29.0 MB
[GC (Allocation Failure) [PSYoungGen: 8832K->640K(9216K)] 26165K->18125K(29696K), 0.0008633 secs] [Times: user=0.00 sys=0.00, real=0.00 secs]
  任务队列: 777500 个任务待处理，堆使用 17.9 MB / 29.0 MB
  任务队列: 778000 个任务待处理，堆使用 22.8 MB / 29.0 MB
[GC (Allocation Failure) [PSYoungGen: 8822K->576K(9216K)] 26307K->18213K(29696K), 0.0007326 secs] [Times: user=0.00 sys=0.00, real=0.00 secs]
  任务队列: 778500 个任务待处理，堆使用 19.8 MB / 29.0 MB
  任务队列: 779000 个任务待处理，堆使用 24.7 MB / 29.0 MB
[GC (Allocation Failure) [PSYoungGen: 8766K->544K(9216K)] 26403K->18317K(29696K), 0.0007106 secs] [Times: user=0.00 sys=0.00, real=0.00 secs]
  任务队列: 779500 个任务待处理，堆使用 21.7 MB / 29.0 MB
[GC (Allocation Failure) [PSYoungGen: 8736K->576K(9216K)] 26509K->18485K(29696K), 0.0007287 secs] [Times: user=0.00 sys=0.00, real=0.00 secs]
  任务队列: 780000 个任务待处理，堆使用 18.9 MB / 29.0 MB
  任务队列: 780500 个任务待处理，堆使用 23.8 MB / 29.0 MB
[GC (Allocation Failure) [PSYoungGen: 8768K->640K(9216K)] 26677K->18693K(29696K), 0.0007590 secs] [Times: user=0.00 sys=0.00, real=0.00 secs]
  任务队列: 781000 个任务待处理，堆使用 20.9 MB / 29.0 MB
  任务队列: 781500 个任务待处理，堆使用 25.8 MB / 29.0 MB
[GC (Allocation Failure) [PSYoungGen: 8831K->512K(9216K)] 26884K->18709K(29696K), 0.0007155 secs] [Times: user=0.00 sys=0.00, real=0.00 secs]
  任务队列: 782000 个任务待处理，堆使用 22.8 MB / 29.0 MB
[GC (Allocation Failure) [PSYoungGen: 8704K->640K(9216K)] 26901K->18989K(29696K), 0.0007068 secs] [Times: user=0.00 sys=0.00, real=0.00 secs]
  任务队列: 782500 个任务待处理，堆使用 20.1 MB / 29.0 MB
  任务队列: 783000 个任务待处理，堆使用 25.0 MB / 29.0 MB
[GC (Allocation Failure) [PSYoungGen: 8832K->640K(9216K)] 27181K->19141K(29696K), 0.0007219 secs] [Times: user=0.00 sys=0.00, real=0.00 secs]
  任务队列: 783500 个任务待处理，堆使用 22.1 MB / 29.0 MB
[GC (Allocation Failure) [PSYoungGen: 8832K->640K(9216K)] 27333K->19293K(29696K), 0.0007185 secs] [Times: user=0.00 sys=0.00, real=0.00 secs]
  任务队列: 784000 个任务待处理，堆使用 19.2 MB / 29.0 MB
  任务队列: 784500 个任务待处理，堆使用 24.0 MB / 29.0 MB
[GC (Allocation Failure) [PSYoungGen: 8832K->608K(9216K)] 27485K->19405K(29696K), 0.0007095 secs] [Times: user=0.00 sys=0.00, real=0.00 secs]
  任务队列: 785000 个任务待处理，堆使用 21.1 MB / 29.0 MB
  任务队列: 785500 个任务待处理，堆使用 26.1 MB / 29.0 MB
[GC (Allocation Failure) [PSYoungGen: 8797K->608K(9216K)] 27594K->19557K(29696K), 0.0006713 secs] [Times: user=0.00 sys=0.00, real=0.00 secs]
  任务队列: 786000 个任务待处理，堆使用 23.1 MB / 29.0 MB
[GC (Allocation Failure) [PSYoungGen: 8800K->544K(9216K)] 27749K->19621K(29696K), 0.0007310 secs] [Times: user=0.00 sys=0.00, real=0.00 secs]
  任务队列: 786500 个任务待处理，堆使用 20.2 MB / 29.0 MB
  任务队列: 787000 个任务待处理，堆使用 25.0 MB / 29.0 MB
[GC (Allocation Failure) [PSYoungGen: 8729K->640K(9216K)] 27806K->19861K(29696K), 0.0007028 secs] [Times: user=0.00 sys=0.00, real=0.00 secs]
  任务队列: 787500 个任务待处理，堆使用 22.3 MB / 29.0 MB
  任务队列: 788000 个任务待处理，堆使用 27.2 MB / 29.0 MB
[GC (Allocation Failure) [PSYoungGen: 8826K->640K(9216K)] 28047K->20013K(29696K), 0.0008950 secs] [Times: user=0.00 sys=0.00, real=0.00 secs]
  任务队列: 788500 个任务待处理，堆使用 24.4 MB / 29.0 MB
[GC (Allocation Failure) [PSYoungGen: 8832K->640K(9216K)] 28205K->20165K(29696K), 0.0006775 secs] [Times: user=0.00 sys=0.00, real=0.00 secs]
  任务队列: 789000 个任务待处理，堆使用 21.4 MB / 29.0 MB
  任务队列: 789500 个任务待处理，堆使用 26.3 MB / 29.0 MB
[GC (Allocation Failure) [PSYoungGen: 8832K->640K(9216K)] 28357K->20317K(29696K), 0.0007264 secs] [Times: user=0.00 sys=0.00, real=0.00 secs]
  任务队列: 790000 个任务待处理，堆使用 23.4 MB / 29.0 MB
[GC (Allocation Failure) [PSYoungGen: 8832K->544K(9216K)] 28509K->20373K(29696K), 0.0007354 secs] [Times: user=0.00 sys=0.00, real=0.00 secs]
  任务队列: 790500 个任务待处理，堆使用 20.4 MB / 29.0 MB
  任务队列: 791000 个任务待处理，堆使用 25.3 MB / 29.0 MB
[GC (Allocation Failure) [PSYoungGen: 8736K->576K(9216K)] 28565K->20541K(29696K), 0.0006986 secs] [Times: user=0.00 sys=0.00, real=0.00 secs]
  任务队列: 791500 个任务待处理，堆使用 22.4 MB / 29.0 MB
  任务队列: 792000 个任务待处理，堆使用 27.3 MB / 29.0 MB
[GC (Allocation Failure) [PSYoungGen: 8761K->640K(9216K)] 28726K->20757K(29696K), 0.0007336 secs] [Times: user=0.00 sys=0.00, real=0.00 secs]
  任务队列: 792500 个任务待处理，堆使用 24.5 MB / 29.0 MB
[GC (Allocation Failure) [PSYoungGen: 8832K->608K(9216K)] 28949K->20877K(29696K), 0.0006850 secs] [Times: user=0.00 sys=0.00, real=0.00 secs]
  任务队列: 793000 个任务待处理，堆使用 21.6 MB / 29.0 MB
  任务队列: 793500 个任务待处理，堆使用 26.6 MB / 29.0 MB
[GC (Allocation Failure) [PSYoungGen: 8800K->640K(9216K)] 29069K->21061K(29696K), 0.0007292 secs] [Times: user=0.31 sys=0.00, real=0.00 secs]
[Full GC (Ergonomics) [PSYoungGen: 640K->0K(9216K)] [ParOldGen: 20421K->16629K(20480K)] 21061K->16629K(29696K), [Metaspace: 5207K->5207K(1056768K)], 0.2715595 secs] [Times: user=4.95 sys=0.12, real=0.27 secs]
  任务队列: 794000 个任务待处理，堆使用 19.3 MB / 29.0 MB
  任务队列: 794500 个任务待处理，堆使用 24.2 MB / 29.0 MB
[GC (Allocation Failure) [PSYoungGen: 8192K->640K(9216K)] 24821K->17269K(29696K), 0.0008746 secs] [Times: user=0.00 sys=0.00, real=0.00 secs]
  任务队列: 795000 个任务待处理，堆使用 21.9 MB / 29.0 MB
[GC (Allocation Failure) [PSYoungGen: 8832K->544K(9216K)] 25461K->17173K(29696K), 0.0009740 secs] [Times: user=0.00 sys=0.00, real=0.00 secs]
  任务队列: 795500 个任务待处理，堆使用 18.6 MB / 29.0 MB
  任务队列: 796000 个任务待处理，堆使用 23.7 MB / 29.0 MB
[GC (Allocation Failure) [PSYoungGen: 8729K->608K(9216K)] 25359K->17237K(29696K), 0.0014414 secs] [Times: user=0.00 sys=0.00, real=0.00 secs]
  任务队列: 796500 个任务待处理，堆使用 20.7 MB / 29.0 MB
[GC (Allocation Failure) [PSYoungGen: 8800K->608K(9216K)] 25429K->17237K(29696K), 0.0011604 secs] [Times: user=0.00 sys=0.00, real=0.00 secs]
  任务队列: 797000 个任务待处理，堆使用 17.5 MB / 29.0 MB
  任务队列: 797500 个任务待处理，堆使用 22.6 MB / 29.0 MB
[GC (Allocation Failure) [PSYoungGen: 8800K->640K(9216K)] 25429K->17269K(29696K), 0.0011709 secs] [Times: user=0.28 sys=0.02, real=0.00 secs]
  任务队列: 798000 个任务待处理，堆使用 19.6 MB / 29.0 MB
  任务队列: 798500 个任务待处理，堆使用 24.4 MB / 29.0 MB
[GC (Allocation Failure) [PSYoungGen: 8823K->640K(9216K)] 25452K->17269K(29696K), 0.0013778 secs] [Times: user=0.00 sys=0.00, real=0.00 secs]
  任务队列: 799000 个任务待处理，堆使用 21.4 MB / 29.0 MB
[GC (Allocation Failure) [PSYoungGen: 8832K->640K(9216K)] 25461K->17269K(29696K), 0.0015590 secs] [Times: user=0.00 sys=0.00, real=0.00 secs]
  任务队列: 799500 个任务待处理，堆使用 18.4 MB / 29.0 MB
  任务队列: 800000 个任务待处理，堆使用 23.4 MB / 29.0 MB
[GC (Allocation Failure) [PSYoungGen: 8832K->640K(9216K)] 25461K->17269K(29696K), 0.0017949 secs] [Times: user=0.00 sys=0.00, real=0.00 secs]
  任务队列: 800500 个任务待处理，堆使用 20.2 MB / 29.0 MB
[GC (Allocation Failure) [PSYoungGen: 8832K->640K(9216K)] 25461K->17269K(29696K), 0.0017578 secs] [Times: user=0.00 sys=0.00, real=0.00 secs]
  任务队列: 801000 个任务待处理，堆使用 17.2 MB / 29.0 MB
  任务队列: 801500 个任务待处理，堆使用 22.2 MB / 29.0 MB
[GC (Allocation Failure) [PSYoungGen: 8832K->640K(9216K)] 25461K->17269K(29696K), 0.0023917 secs] [Times: user=0.00 sys=0.00, real=0.00 secs]
  任务队列: 802000 个任务待处理，堆使用 19.1 MB / 29.0 MB
  任务队列: 802500 个任务待处理，堆使用 24.0 MB / 29.0 MB
[GC (Allocation Failure) [PSYoungGen: 8828K->640K(9216K)] 25458K->17269K(29696K), 0.0023986 secs] [Times: user=0.31 sys=0.00, real=0.00 secs]
  任务队列: 803000 个任务待处理，堆使用 20.9 MB / 29.0 MB
[GC (Allocation Failure) [PSYoungGen: 8832K->672K(9216K)] 25461K->17301K(29696K), 0.0026033 secs] [Times: user=0.00 sys=0.00, real=0.00 secs]
  任务队列: 803500 个任务待处理，堆使用 17.9 MB / 29.0 MB
  任务队列: 804000 个任务待处理，堆使用 22.8 MB / 29.0 MB
[GC (Allocation Failure) [PSYoungGen: 8864K->672K(9216K)] 25493K->17301K(29696K), 0.0025235 secs] [Times: user=0.00 sys=0.00, real=0.00 secs]
  任务队列: 804500 个任务待处理，堆使用 19.8 MB / 29.0 MB
  任务队列: 805000 个任务待处理，堆使用 24.8 MB / 29.0 MB
[GC (Allocation Failure) [PSYoungGen: 8861K->640K(9216K)] 25491K->17269K(29696K), 0.0029005 secs] [Times: user=0.00 sys=0.00, real=0.00 secs]
  任务队列: 805500 个任务待处理，堆使用 21.7 MB / 29.0 MB
[GC (Allocation Failure) [PSYoungGen: 8832K->672K(9216K)] 25461K->17301K(29696K), 0.0037237 secs] [Times: user=0.31 sys=0.00, real=0.00 secs]
  任务队列: 806000 个任务待处理，堆使用 18.6 MB / 29.0 MB
  任务队列: 806500 个任务待处理，堆使用 23.5 MB / 29.0 MB
[GC (Allocation Failure) [PSYoungGen: 8864K->640K(9216K)] 25493K->17421K(29696K), 0.0027884 secs] [Times: user=0.00 sys=0.00, real=0.00 secs]
  任务队列: 807000 个任务待处理，堆使用 20.7 MB / 29.0 MB
[GC (Allocation Failure) [PSYoungGen: 8832K->672K(9216K)] 25613K->17605K(29696K), 0.0029279 secs] [Times: user=0.00 sys=0.00, real=0.00 secs]
  任务队列: 807500 个任务待处理，堆使用 17.7 MB / 29.0 MB
  任务队列: 808000 个任务待处理，堆使用 22.6 MB / 29.0 MB
[GC (Allocation Failure) [PSYoungGen: 8864K->640K(9216K)] 25797K->17725K(29696K), 0.0033660 secs] [Times: user=0.00 sys=0.00, real=0.00 secs]
  任务队列: 808500 个任务待处理，堆使用 19.7 MB / 29.0 MB
  任务队列: 809000 个任务待处理，堆使用 24.6 MB / 29.0 MB
[GC (Allocation Failure) [PSYoungGen: 8826K->672K(9216K)] 25912K->17909K(29696K), 0.0038002 secs] [Times: user=0.28 sys=0.03, real=0.00 secs]
  任务队列: 809500 个任务待处理，堆使用 21.9 MB / 29.0 MB
[GC (Allocation Failure) [PSYoungGen: 8864K->704K(9216K)] 26101K->18093K(29696K), 0.0028165 secs] [Times: user=0.00 sys=0.00, real=0.00 secs]
  任务队列: 810000 个任务待处理，堆使用 18.8 MB / 29.0 MB
[GC (Allocation Failure) [PSYoungGen: 5227K->672K(9216K)] 22616K->18213K(29696K), 0.0031396 secs] [Times: user=0.00 sys=0.00, real=0.00 secs]
  任务队列: 810500 个任务待处理，堆使用 24.3 MB / 29.0 MB
[GC (Allocation Failure) --[PSYoungGen: 8856K->8856K(9216K)] 26398K->26542K(29696K), 0.0022665 secs] [Times: user=0.00 sys=0.00, real=0.00 secs]
[Full GC (Ergonomics) [PSYoungGen: 8856K->0K(9216K)] [ParOldGen: 17685K->18477K(20480K)] 26542K->18477K(29696K), [Metaspace: 5207K->5207K(1056768K)], 0.2742644 secs] [Times: user=5.08 sys=0.24, real=0.27 secs]
  任务队列: 811000 个任务待处理，堆使用 21.4 MB / 29.0 MB
[GC (Allocation Failure) [PSYoungGen: 8192K->544K(9216K)] 26669K->19021K(29696K), 0.0005898 secs] [Times: user=0.00 sys=0.00, real=0.00 secs]
  任务队列: 811500 个任务待处理，堆使用 18.9 MB / 29.0 MB
  任务队列: 812000 个任务待处理，堆使用 23.9 MB / 29.0 MB
[GC (Allocation Failure) [PSYoungGen: 8736K->608K(9216K)] 27213K->19085K(29696K), 0.0007411 secs] [Times: user=0.00 sys=0.00, real=0.00 secs]
  任务队列: 812500 个任务待处理，堆使用 20.8 MB / 29.0 MB
  任务队列: 813000 个任务待处理，堆使用 25.7 MB / 29.0 MB
[GC (Allocation Failure) [PSYoungGen: 8797K->640K(9216K)] 27275K->19117K(29696K), 0.0008871 secs] [Times: user=0.00 sys=0.00, real=0.00 secs]
  任务队列: 813500 个任务待处理，堆使用 22.7 MB / 29.0 MB
[GC (Allocation Failure) [PSYoungGen: 8832K->640K(9216K)] 27309K->19117K(29696K), 0.0008676 secs] [Times: user=0.00 sys=0.00, real=0.00 secs]
  任务队列: 814000 个任务待处理，堆使用 19.7 MB / 29.0 MB
  任务队列: 814500 个任务待处理，堆使用 24.6 MB / 29.0 MB
[GC (Allocation Failure) [PSYoungGen: 8825K->640K(9216K)] 27302K->19117K(29696K), 0.0012967 secs] [Times: user=0.00 sys=0.00, real=0.00 secs]
  任务队列: 815000 个任务待处理，堆使用 21.5 MB / 29.0 MB
  任务队列: 815500 个任务待处理，堆使用 26.6 MB / 29.0 MB
[GC (Allocation Failure) [PSYoungGen: 8829K->640K(9216K)] 27307K->19117K(29696K), 0.0011866 secs] [Times: user=0.00 sys=0.00, real=0.00 secs]
  任务队列: 816000 个任务待处理，堆使用 23.5 MB / 29.0 MB
[GC (Allocation Failure) [PSYoungGen: 8832K->640K(9216K)] 27309K->19117K(29696K), 0.0013881 secs] [Times: user=0.27 sys=0.05, real=0.00 secs]
  任务队列: 816500 个任务待处理，堆使用 20.4 MB / 29.0 MB
  任务队列: 817000 个任务待处理，堆使用 25.4 MB / 29.0 MB
[GC (Allocation Failure) [PSYoungGen: 8832K->640K(9216K)] 27309K->19117K(29696K), 0.0015211 secs] [Times: user=0.00 sys=0.00, real=0.00 secs]
  任务队列: 817500 个任务待处理，堆使用 22.4 MB / 29.0 MB
[GC (Allocation Failure) [PSYoungGen: 8832K->672K(9216K)] 27309K->19149K(29696K), 0.0015243 secs] [Times: user=0.00 sys=0.00, real=0.00 secs]
  任务队列: 818000 个任务待处理，堆使用 19.4 MB / 29.0 MB
  任务队列: 818500 个任务待处理，堆使用 24.2 MB / 29.0 MB
[GC (Allocation Failure) [PSYoungGen: 8864K->672K(9216K)] 27341K->19149K(29696K), 0.0017055 secs] [Times: user=0.00 sys=0.00, real=0.00 secs]
  任务队列: 819000 个任务待处理，堆使用 21.2 MB / 29.0 MB
  任务队列: 819500 个任务待处理，堆使用 26.2 MB / 29.0 MB
[GC (Allocation Failure) [PSYoungGen: 8858K->672K(9216K)] 27336K->19149K(29696K), 0.0018314 secs] [Times: user=0.00 sys=0.00, real=0.00 secs]
  任务队列: 820000 个任务待处理，堆使用 23.0 MB / 29.0 MB
[GC (Allocation Failure) [PSYoungGen: 8864K->672K(9216K)] 27341K->19149K(29696K), 0.0020623 secs] [Times: user=0.00 sys=0.00, real=0.00 secs]
  任务队列: 820500 个任务待处理，堆使用 20.0 MB / 29.0 MB
  任务队列: 821000 个任务待处理，堆使用 25.0 MB / 29.0 MB
[GC (Allocation Failure) [PSYoungGen: 8857K->672K(9216K)] 27335K->19149K(29696K), 0.0023860 secs] [Times: user=0.00 sys=0.00, real=0.00 secs]
  任务队列: 821500 个任务待处理，堆使用 21.9 MB / 29.0 MB
[GC (Allocation Failure) [PSYoungGen: 8864K->672K(9216K)] 27341K->19149K(29696K), 0.0023416 secs] [Times: user=0.31 sys=0.00, real=0.00 secs]
  任务队列: 822000 个任务待处理，堆使用 18.9 MB / 29.0 MB
  任务队列: 822500 个任务待处理，堆使用 23.9 MB / 29.0 MB
[GC (Allocation Failure) [PSYoungGen: 8864K->672K(9216K)] 27341K->19149K(29696K), 0.0026422 secs] [Times: user=0.00 sys=0.00, real=0.00 secs]
  任务队列: 823000 个任务待处理，堆使用 20.7 MB / 29.0 MB
  任务队列: 823500 个任务待处理，堆使用 25.7 MB / 29.0 MB
[GC (Allocation Failure) [PSYoungGen: 8859K->672K(9216K)] 27337K->19301K(29696K), 0.0030878 secs] [Times: user=0.00 sys=0.00, real=0.00 secs]
  任务队列: 824000 个任务待处理，堆使用 22.9 MB / 29.0 MB
[GC (Allocation Failure) [PSYoungGen: 8864K->672K(9216K)] 27493K->19453K(29696K), 0.0025381 secs] [Times: user=0.00 sys=0.00, real=0.00 secs]
  任务队列: 824500 个任务待处理，堆使用 19.8 MB / 29.0 MB
  任务队列: 825000 个任务待处理，堆使用 24.8 MB / 29.0 MB
[GC (Allocation Failure) [PSYoungGen: 8864K->704K(9216K)] 27645K->19637K(29696K), 0.0024824 secs] [Times: user=0.00 sys=0.00, real=0.00 secs]
  任务队列: 825500 个任务待处理，堆使用 21.9 MB / 29.0 MB
  任务队列: 826000 个任务待处理，堆使用 26.9 MB / 29.0 MB
[GC (Allocation Failure) [PSYoungGen: 8887K->704K(9216K)] 27821K->19789K(29696K), 0.0024872 secs] [Times: user=0.30 sys=0.02, real=0.00 secs]
  任务队列: 826500 个任务待处理，堆使用 24.0 MB / 29.0 MB
[GC (Allocation Failure) [PSYoungGen: 8896K->672K(9216K)] 27981K->19909K(29696K), 0.0024680 secs] [Times: user=0.00 sys=0.00, real=0.00 secs]
  任务队列: 827000 个任务待处理，堆使用 21.0 MB / 29.0 MB
  任务队列: 827500 个任务待处理，堆使用 26.0 MB / 29.0 MB
[GC (Allocation Failure) [PSYoungGen: 8864K->672K(9216K)] 28101K->20061K(29696K), 0.0024668 secs] [Times: user=0.00 sys=0.00, real=0.00 secs]
  任务队列: 828000 个任务待处理，堆使用 23.1 MB / 29.0 MB
[GC (Allocation Failure) [PSYoungGen: 8864K->672K(9216K)] 28253K->20213K(29696K), 0.0024548 secs] [Times: user=0.00 sys=0.00, real=0.00 secs]
  任务队列: 828500 个任务待处理，堆使用 20.2 MB / 29.0 MB
  任务队列: 829000 个任务待处理，堆使用 25.1 MB / 29.0 MB
[GC (Allocation Failure) [PSYoungGen: 8864K->672K(9216K)] 28405K->20365K(29696K), 0.0026725 secs] [Times: user=0.00 sys=0.00, real=0.00 secs]
  任务队列: 829500 个任务待处理，堆使用 22.2 MB / 29.0 MB
  任务队列: 830000 个任务待处理，堆使用 27.1 MB / 29.0 MB
[GC (Allocation Failure) [PSYoungGen: 8864K->672K(9216K)] 28557K->20517K(29696K), 0.0025344 secs] [Times: user=0.27 sys=0.05, real=0.00 secs]
  任务队列: 830500 个任务待处理，堆使用 24.2 MB / 29.0 MB
[GC (Allocation Failure) [PSYoungGen: 8854K->704K(9216K)] 28700K->20701K(29696K), 0.0024214 secs] [Times: user=0.00 sys=0.00, real=0.00 secs]
  任务队列: 831000 个任务待处理，堆使用 21.4 MB / 29.0 MB
  任务队列: 831500 个任务待处理，堆使用 26.3 MB / 29.0 MB
[GC (Allocation Failure) [PSYoungGen: 8896K->704K(9216K)] 28893K->20853K(29696K), 0.0023913 secs] [Times: user=0.00 sys=0.00, real=0.00 secs]
  任务队列: 832000 个任务待处理，堆使用 23.4 MB / 29.0 MB
  任务队列: 832500 个任务待处理，堆使用 28.4 MB / 29.0 MB
[GC (Allocation Failure) [PSYoungGen: 8896K->704K(9216K)] 29045K->21005K(29696K), 0.0026474 secs] [Times: user=0.00 sys=0.00, real=0.00 secs]
[Full GC (Ergonomics) [PSYoungGen: 704K->0K(9216K)] [ParOldGen: 20301K->18818K(20480K)] 21005K->18818K(29696K), [Metaspace: 5207K->5207K(1056768K)], 0.2964136 secs] [Times: user=5.25 sys=0.38, real=0.30 secs]
  任务队列: 833000 个任务待处理，堆使用 23.4 MB / 29.0 MB
[GC (Allocation Failure) [PSYoungGen: 8192K->640K(9216K)] 27010K->19458K(29696K), 0.0006347 secs] [Times: user=0.00 sys=0.00, real=0.00 secs]
  任务队列: 833500 个任务待处理，堆使用 20.8 MB / 29.0 MB
  任务队列: 834000 个任务待处理，堆使用 25.8 MB / 29.0 MB
[GC (Allocation Failure) [PSYoungGen: 8832K->640K(9216K)] 27650K->19458K(29696K), 0.0006430 secs] [Times: user=0.00 sys=0.00, real=0.00 secs]
  任务队列: 834500 个任务待处理，堆使用 22.9 MB / 29.0 MB
[GC (Allocation Failure) [PSYoungGen: 8832K->640K(9216K)] 27650K->19458K(29696K), 0.0007702 secs] [Times: user=0.00 sys=0.00, real=0.00 secs]
  任务队列: 835000 个任务待处理，堆使用 19.7 MB / 29.0 MB
  任务队列: 835500 个任务待处理，堆使用 24.6 MB / 29.0 MB
[GC (Allocation Failure) [PSYoungGen: 8832K->640K(9216K)] 27650K->19458K(29696K), 0.0008542 secs] [Times: user=0.00 sys=0.00, real=0.00 secs]
  任务队列: 836000 个任务待处理，堆使用 21.5 MB / 29.0 MB
  任务队列: 836500 个任务待处理，堆使用 26.6 MB / 29.0 MB
[GC (Allocation Failure) [PSYoungGen: 8830K->640K(9216K)] 27649K->19458K(29696K), 0.0009290 secs] [Times: user=0.00 sys=0.00, real=0.00 secs]
  任务队列: 837000 个任务待处理，堆使用 23.5 MB / 29.0 MB
[GC (Allocation Failure) [PSYoungGen: 8832K->640K(9216K)] 27650K->19458K(29696K), 0.0011242 secs] [Times: user=0.08 sys=0.00, real=0.00 secs]
  任务队列: 837500 个任务待处理，堆使用 20.5 MB / 29.0 MB
  任务队列: 838000 个任务待处理，堆使用 25.4 MB / 29.0 MB
[GC (Allocation Failure) [PSYoungGen: 8832K->640K(9216K)] 27650K->19458K(29696K), 0.0011648 secs] [Times: user=0.00 sys=0.00, real=0.00 secs]
  任务队列: 838500 个任务待处理，堆使用 22.4 MB / 29.0 MB
[GC (Allocation Failure) [PSYoungGen: 8832K->672K(9216K)] 27650K->19490K(29696K), 0.0014003 secs] [Times: user=0.00 sys=0.00, real=0.00 secs]
  任务队列: 839000 个任务待处理，堆使用 19.4 MB / 29.0 MB
  任务队列: 839500 个任务待处理，堆使用 24.3 MB / 29.0 MB
[GC (Allocation Failure) [PSYoungGen: 8864K->672K(9216K)] 27682K->19490K(29696K), 0.0014880 secs] [Times: user=0.00 sys=0.00, real=0.00 secs]
  任务队列: 840000 个任务待处理，堆使用 21.2 MB / 29.0 MB
  任务队列: 840500 个任务待处理，堆使用 26.1 MB / 29.0 MB
[GC (Allocation Failure) [PSYoungGen: 8854K->672K(9216K)] 27672K->19490K(29696K), 0.0015191 secs] [Times: user=0.00 sys=0.00, real=0.00 secs]
  任务队列: 841000 个任务待处理，堆使用 23.1 MB / 29.0 MB
[GC (Allocation Failure) [PSYoungGen: 8864K->672K(9216K)] 27682K->19490K(29696K), 0.0017202 secs] [Times: user=0.00 sys=0.00, real=0.00 secs]
  任务队列: 841500 个任务待处理，堆使用 20.0 MB / 29.0 MB
  任务队列: 842000 个任务待处理，堆使用 25.0 MB / 29.0 MB
[GC (Allocation Failure) [PSYoungGen: 8864K->672K(9216K)] 27682K->19490K(29696K), 0.0017183 secs] [Times: user=0.00 sys=0.00, real=0.00 secs]
  任务队列: 842500 个任务待处理，堆使用 21.9 MB / 29.0 MB
  任务队列: 843000 个任务待处理，堆使用 26.8 MB / 29.0 MB
[GC (Allocation Failure) [PSYoungGen: 8854K->672K(9216K)] 27673K->19490K(29696K), 0.0019502 secs] [Times: user=0.00 sys=0.00, real=0.00 secs]
  任务队列: 843500 个任务待处理，堆使用 23.9 MB / 29.0 MB
[GC (Allocation Failure) [PSYoungGen: 8864K->672K(9216K)] 27682K->19490K(29696K), 0.0021277 secs] [Times: user=0.31 sys=0.00, real=0.00 secs]
  任务队列: 844000 个任务待处理，堆使用 20.7 MB / 29.0 MB
  任务队列: 844500 个任务待处理，堆使用 25.7 MB / 29.0 MB
[GC (Allocation Failure) [PSYoungGen: 8864K->704K(9216K)] 27682K->19522K(29696K), 0.0022585 secs] [Times: user=0.00 sys=0.00, real=0.00 secs]
  任务队列: 845000 个任务待处理，堆使用 22.8 MB / 29.0 MB
[GC (Allocation Failure) [PSYoungGen: 8896K->704K(9216K)] 27714K->19674K(29696K), 0.0022591 secs] [Times: user=0.00 sys=0.00, real=0.00 secs]
  任务队列: 845500 个任务待处理，堆使用 19.7 MB / 29.0 MB
  任务队列: 846000 个任务待处理，堆使用 24.8 MB / 29.0 MB
[GC (Allocation Failure) [PSYoungGen: 8896K->672K(9216K)] 27866K->19786K(29696K), 0.0023181 secs] [Times: user=0.00 sys=0.00, real=0.00 secs]
  任务队列: 846500 个任务待处理，堆使用 21.8 MB / 29.0 MB
  任务队列: 847000 个任务待处理，堆使用 26.7 MB / 29.0 MB
[GC (Allocation Failure) [PSYoungGen: 8858K->672K(9216K)] 27973K->19938K(29696K), 0.0022043 secs] [Times: user=0.00 sys=0.00, real=0.00 secs]
  任务队列: 847500 个任务待处理，堆使用 23.8 MB / 29.0 MB
[GC (Allocation Failure) [PSYoungGen: 8864K->672K(9216K)] 28130K->20090K(29696K), 0.0020190 secs] [Times: user=0.00 sys=0.00, real=0.00 secs]
  任务队列: 848000 个任务待处理，堆使用 21.0 MB / 29.0 MB
  任务队列: 848500 个任务待处理，堆使用 25.8 MB / 29.0 MB
[GC (Allocation Failure) [PSYoungGen: 8854K->672K(9216K)] 28273K->20226K(29696K), 0.0018801 secs] [Times: user=0.00 sys=0.00, real=0.00 secs]
  任务队列: 849000 个任务待处理，堆使用 23.0 MB / 29.0 MB
[GC (Allocation Failure) [PSYoungGen: 8864K->672K(9216K)] 28418K->20378K(29696K), 0.0017438 secs] [Times: user=0.31 sys=0.00, real=0.00 secs]
  任务队列: 849500 个任务待处理，堆使用 20.1 MB / 29.0 MB
  任务队列: 850000 个任务待处理，堆使用 25.0 MB / 29.0 MB
[GC (Allocation Failure) [PSYoungGen: 8864K->672K(9216K)] 28570K->20530K(29696K), 0.0015250 secs] [Times: user=0.00 sys=0.00, real=0.00 secs]
  任务队列: 850500 个任务待处理，堆使用 22.1 MB / 29.0 MB
  任务队列: 851000 个任务待处理，堆使用 27.0 MB / 29.0 MB
[GC (Allocation Failure) [PSYoungGen: 8856K->672K(9216K)] 28714K->20682K(29696K), 0.0014083 secs] [Times: user=0.00 sys=0.00, real=0.00 secs]
  任务队列: 851500 个任务待处理，堆使用 24.1 MB / 29.0 MB
[GC (Allocation Failure) [PSYoungGen: 8864K->672K(9216K)] 28874K->20834K(29696K), 0.0013329 secs] [Times: user=0.00 sys=0.00, real=0.00 secs]
  任务队列: 852000 个任务待处理，堆使用 21.2 MB / 29.0 MB
  任务队列: 852500 个任务待处理，堆使用 26.0 MB / 29.0 MB
[GC (Allocation Failure) [PSYoungGen: 8864K->640K(9216K)] 29026K->20954K(29696K), 0.0012892 secs] [Times: user=0.00 sys=0.00, real=0.00 secs]
[Full GC (Ergonomics) [PSYoungGen: 640K->0K(9216K)] [ParOldGen: 20314K->19134K(20480K)] 20954K->19134K(29696K), [Metaspace: 5207K->5207K(1056768K)], 0.2988634 secs] [Times: user=5.34 sys=0.30, real=0.30 secs]
  任务队列: 853000 个任务待处理，堆使用 21.4 MB / 29.0 MB
  任务队列: 853500 个任务待处理，堆使用 26.3 MB / 29.0 MB
[GC (Allocation Failure) [PSYoungGen: 8187K->512K(9216K)] 27322K->19646K(29696K), 0.0005889 secs] [Times: user=0.00 sys=0.00, real=0.00 secs]
  任务队列: 854000 个任务待处理，堆使用 23.7 MB / 29.0 MB
[GC (Allocation Failure) [PSYoungGen: 8704K->544K(9216K)] 27838K->19678K(29696K), 0.0006698 secs] [Times: user=0.00 sys=0.00, real=0.00 secs]
  任务队列: 854500 个任务待处理，堆使用 20.7 MB / 29.0 MB
  任务队列: 855000 个任务待处理，堆使用 25.6 MB / 29.0 MB
[GC (Allocation Failure) [PSYoungGen: 8726K->640K(9216K)] 27861K->19774K(29696K), 0.0006455 secs] [Times: user=0.00 sys=0.00, real=0.00 secs]
  任务队列: 855500 个任务待处理，堆使用 22.7 MB / 29.0 MB
[GC (Allocation Failure) [PSYoungGen: 8832K->640K(9216K)] 27966K->19774K(29696K), 0.0008913 secs] [Times: user=0.00 sys=0.00, real=0.00 secs]
  任务队列: 856000 个任务待处理，堆使用 19.6 MB / 29.0 MB
  任务队列: 856500 个任务待处理，堆使用 24.5 MB / 29.0 MB
[GC (Allocation Failure) [PSYoungGen: 8832K->640K(9216K)] 27966K->19774K(29696K), 0.0010090 secs] [Times: user=0.00 sys=0.00, real=0.00 secs]
  任务队列: 857000 个任务待处理，堆使用 21.5 MB / 29.0 MB
  任务队列: 857500 个任务待处理，堆使用 26.5 MB / 29.0 MB
[GC (Allocation Failure) [PSYoungGen: 8822K->640K(9216K)] 27957K->19774K(29696K), 0.0011464 secs] [Times: user=0.28 sys=0.03, real=0.00 secs]
  任务队列: 858000 个任务待处理，堆使用 23.5 MB / 29.0 MB
[GC (Allocation Failure) [PSYoungGen: 8832K->640K(9216K)] 27966K->19774K(29696K), 0.0012918 secs] [Times: user=0.00 sys=0.00, real=0.00 secs]
  任务队列: 858500 个任务待处理，堆使用 20.3 MB / 29.0 MB
  任务队列: 859000 个任务待处理，堆使用 25.3 MB / 29.0 MB
[GC (Allocation Failure) [PSYoungGen: 8832K->640K(9216K)] 27966K->19774K(29696K), 0.0013361 secs] [Times: user=0.00 sys=0.00, real=0.00 secs]
  任务队列: 859500 个任务待处理，堆使用 22.4 MB / 29.0 MB
  任务队列: 860000 个任务待处理，堆使用 27.3 MB / 29.0 MB
[GC (Allocation Failure) [PSYoungGen: 8825K->672K(9216K)] 27959K->19806K(29696K), 0.0014108 secs] [Times: user=0.00 sys=0.00, real=0.00 secs]
  任务队列: 860500 个任务待处理，堆使用 24.2 MB / 29.0 MB
[GC (Allocation Failure) [PSYoungGen: 8864K->672K(9216K)] 27998K->19806K(29696K), 0.0015674 secs] [Times: user=0.00 sys=0.00, real=0.00 secs]
  任务队列: 861000 个任务待处理，堆使用 21.2 MB / 29.0 MB
  任务队列: 861500 个任务待处理，堆使用 26.1 MB / 29.0 MB
[GC (Allocation Failure) [PSYoungGen: 8859K->672K(9216K)] 27994K->19806K(29696K), 0.0017393 secs] [Times: user=0.00 sys=0.00, real=0.00 secs]
  任务队列: 862000 个任务待处理，堆使用 23.0 MB / 29.0 MB
[GC (Allocation Failure) [PSYoungGen: 8859K->672K(9216K)] 27994K->19958K(29696K), 0.0018581 secs] [Times: user=0.00 sys=0.00, real=0.00 secs]
  任务队列: 862500 个任务待处理，堆使用 20.2 MB / 29.0 MB
  任务队列: 863000 个任务待处理，堆使用 25.0 MB / 29.0 MB
[GC (Allocation Failure) [PSYoungGen: 8864K->672K(9216K)] 28150K->20078K(29696K), 0.0019676 secs] [Times: user=0.00 sys=0.00, real=0.00 secs]
  任务队列: 863500 个任务待处理，堆使用 22.1 MB / 29.0 MB
  任务队列: 864000 个任务待处理，堆使用 27.1 MB / 29.0 MB
[GC (Allocation Failure) [PSYoungGen: 8863K->672K(9216K)] 28270K->20222K(29696K), 0.0020227 secs] [Times: user=0.30 sys=0.02, real=0.00 secs]
  任务队列: 864500 个任务待处理，堆使用 24.1 MB / 29.0 MB
[GC (Allocation Failure) [PSYoungGen: 8864K->672K(9216K)] 28414K->20374K(29696K), 0.0017641 secs] [Times: user=0.00 sys=0.00, real=0.00 secs]
  任务队列: 865000 个任务待处理，堆使用 21.2 MB / 29.0 MB
  任务队列: 865500 个任务待处理，堆使用 26.2 MB / 29.0 MB
[GC (Allocation Failure) [PSYoungGen: 8864K->640K(9216K)] 28566K->20494K(29696K), 0.0019183 secs] [Times: user=0.00 sys=0.00, real=0.00 secs]
  任务队列: 866000 个任务待处理，堆使用 23.2 MB / 29.0 MB
[GC (Allocation Failure) [PSYoungGen: 8832K->672K(9216K)] 28686K->20678K(29696K), 0.0019485 secs] [Times: user=0.00 sys=0.00, real=0.00 secs]
  任务队列: 866500 个任务待处理，堆使用 20.4 MB / 29.0 MB
  任务队列: 867000 个任务待处理，堆使用 25.3 MB / 29.0 MB
[GC (Allocation Failure) [PSYoungGen: 8864K->672K(9216K)] 28870K->20830K(29696K), 0.0018692 secs] [Times: user=0.00 sys=0.00, real=0.00 secs]
  任务队列: 867500 个任务待处理，堆使用 22.3 MB / 29.0 MB
  任务队列: 868000 个任务待处理，堆使用 27.2 MB / 29.0 MB
[GC (Allocation Failure) [PSYoungGen: 8864K->672K(9216K)] 29022K->20982K(29696K), 0.0018165 secs] [Times: user=0.00 sys=0.00, real=0.00 secs]
[Full GC (Ergonomics) [PSYoungGen: 672K->0K(9216K)] [ParOldGen: 20310K->19375K(20480K)] 20982K->19375K(29696K), [Metaspace: 5207K->5207K(1056768K)], 0.2935506 secs] [Times: user=5.41 sys=0.14, real=0.29 secs]
  任务队列: 868500 个任务待处理，堆使用 22.8 MB / 29.0 MB
[GC (Allocation Failure) [PSYoungGen: 8192K->608K(9216K)] 27567K->19983K(29696K), 0.0006115 secs] [Times: user=0.00 sys=0.00, real=0.00 secs]
  任务队列: 869000 个任务待处理，堆使用 20.4 MB / 29.0 MB
  任务队列: 869500 个任务待处理，堆使用 25.2 MB / 29.0 MB
[GC (Allocation Failure) [PSYoungGen: 8800K->640K(9216K)] 28175K->20015K(29696K), 0.0006967 secs] [Times: user=0.00 sys=0.00, real=0.00 secs]
  任务队列: 870000 个任务待处理，堆使用 22.2 MB / 29.0 MB
  任务队列: 870500 个任务待处理，堆使用 27.1 MB / 29.0 MB
[GC (Allocation Failure) [PSYoungGen: 8827K->640K(9216K)] 28202K->20015K(29696K), 0.0008489 secs] [Times: user=0.00 sys=0.00, real=0.00 secs]
  任务队列: 871000 个任务待处理，堆使用 24.1 MB / 29.0 MB
[GC (Allocation Failure) [PSYoungGen: 8832K->640K(9216K)] 28207K->20015K(29696K), 0.0008812 secs] [Times: user=0.00 sys=0.00, real=0.00 secs]
  任务队列: 871500 个任务待处理，堆使用 21.1 MB / 29.0 MB
  任务队列: 872000 个任务待处理，堆使用 26.0 MB / 29.0 MB
[GC (Allocation Failure) [PSYoungGen: 8832K->640K(9216K)] 28207K->20015K(29696K), 0.0011683 secs] [Times: user=0.00 sys=0.00, real=0.00 secs]
  任务队列: 872500 个任务待处理，堆使用 22.9 MB / 29.0 MB
[GC (Allocation Failure) [PSYoungGen: 8832K->640K(9216K)] 28207K->20015K(29696K), 0.0013069 secs] [Times: user=0.00 sys=0.00, real=0.00 secs]
  任务队列: 873000 个任务待处理，堆使用 19.9 MB / 29.0 MB
  任务队列: 873500 个任务待处理，堆使用 24.8 MB / 29.0 MB
[GC (Allocation Failure) [PSYoungGen: 8832K->640K(9216K)] 28207K->20015K(29696K), 0.0012104 secs] [Times: user=0.30 sys=0.00, real=0.00 secs]
  任务队列: 874000 个任务待处理，堆使用 21.7 MB / 29.0 MB
  任务队列: 874500 个任务待处理，堆使用 26.6 MB / 29.0 MB
[GC (Allocation Failure) [PSYoungGen: 8831K->640K(9216K)] 28206K->20015K(29696K), 0.0014555 secs] [Times: user=0.00 sys=0.00, real=0.00 secs]
  任务队列: 875000 个任务待处理，堆使用 23.6 MB / 29.0 MB
[GC (Allocation Failure) [PSYoungGen: 8832K->640K(9216K)] 28207K->20015K(29696K), 0.0017938 secs] [Times: user=0.00 sys=0.00, real=0.00 secs]
  任务队列: 875500 个任务待处理，堆使用 20.6 MB / 29.0 MB
  任务队列: 876000 个任务待处理，堆使用 25.6 MB / 29.0 MB
[GC (Allocation Failure) [PSYoungGen: 8832K->672K(9216K)] 28207K->20047K(29696K), 0.0015981 secs] [Times: user=0.00 sys=0.00, real=0.00 secs]
  任务队列: 876500 个任务待处理，堆使用 22.4 MB / 29.0 MB
  任务队列: 877000 个任务待处理，堆使用 27.4 MB / 29.0 MB
[GC (Allocation Failure) [PSYoungGen: 8854K->672K(9216K)] 28230K->20047K(29696K), 0.0017062 secs] [Times: user=0.00 sys=0.00, real=0.00 secs]
  任务队列: 877500 个任务待处理，堆使用 24.4 MB / 29.0 MB
[GC (Allocation Failure) [PSYoungGen: 8864K->640K(9216K)] 28239K->20015K(29696K), 0.0021352 secs] [Times: user=0.00 sys=0.00, real=0.00 secs]
  任务队列: 878000 个任务待处理，堆使用 21.2 MB / 29.0 MB
  任务队列: 878500 个任务待处理，堆使用 26.2 MB / 29.0 MB
[GC (Allocation Failure) [PSYoungGen: 8832K->672K(9216K)] 28207K->20047K(29696K), 0.0021805 secs] [Times: user=0.00 sys=0.00, real=0.00 secs]
  任务队列: 879000 个任务待处理，堆使用 23.3 MB / 29.0 MB
[GC (Allocation Failure) [PSYoungGen: 8864K->672K(9216K)] 28239K->20047K(29696K), 0.0020819 secs] [Times: user=0.31 sys=0.00, real=0.00 secs]
  任务队列: 879500 个任务待处理，堆使用 20.1 MB / 29.0 MB
  任务队列: 880000 个任务待处理，堆使用 25.1 MB / 29.0 MB
[GC (Allocation Failure) [PSYoungGen: 8864K->672K(9216K)] 28239K->20047K(29696K), 0.0026283 secs] [Times: user=0.00 sys=0.00, real=0.00 secs]
  任务队列: 880500 个任务待处理，堆使用 22.1 MB / 29.0 MB
  任务队列: 881000 个任务待处理，堆使用 26.9 MB / 29.0 MB
[GC (Allocation Failure) [PSYoungGen: 8858K->672K(9216K)] 28233K->20199K(29696K), 0.0025038 secs] [Times: user=0.00 sys=0.00, real=0.00 secs]
  任务队列: 881500 个任务待处理，堆使用 24.1 MB / 29.0 MB
[GC (Allocation Failure) [PSYoungGen: 8864K->640K(9216K)] 28391K->20319K(29696K), 0.0029943 secs] [Times: user=0.00 sys=0.00, real=0.00 secs]
  任务队列: 882000 个任务待处理，堆使用 21.2 MB / 29.0 MB
  任务队列: 882500 个任务待处理，堆使用 26.0 MB / 29.0 MB
[GC (Allocation Failure) [PSYoungGen: 8822K->672K(9216K)] 28502K->20503K(29696K), 0.0022870 secs] [Times: user=0.00 sys=0.00, real=0.00 secs]
  任务队列: 883000 个任务待处理，堆使用 23.2 MB / 29.0 MB
[GC (Allocation Failure) [PSYoungGen: 8864K->672K(9216K)] 28695K->20655K(29696K), 0.0026564 secs] [Times: user=0.00 sys=0.00, real=0.00 secs]
  任务队列: 883500 个任务待处理，堆使用 20.3 MB / 29.0 MB
  任务队列: 884000 个任务待处理，堆使用 25.3 MB / 29.0 MB
[GC (Allocation Failure) [PSYoungGen: 8864K->672K(9216K)] 28847K->20807K(29696K), 0.0023788 secs] [Times: user=0.30 sys=0.02, real=0.00 secs]
  任务队列: 884500 个任务待处理，堆使用 22.3 MB / 29.0 MB
  任务队列: 885000 个任务待处理，堆使用 27.3 MB / 29.0 MB
[GC (Allocation Failure) [PSYoungGen: 8856K->672K(9216K)] 28991K->20959K(29696K), 0.0024006 secs] [Times: user=0.00 sys=0.00, real=0.00 secs]
[Full GC (Ergonomics) [PSYoungGen: 672K->0K(9216K)] [ParOldGen: 20287K->19640K(20480K)] 20959K->19640K(29696K), [Metaspace: 5207K->5207K(1056768K)], 0.3162334 secs] [Times: user=5.64 sys=0.27, real=0.32 secs]
  任务队列: 885500 个任务待处理，堆使用 23.0 MB / 29.0 MB
[GC (Allocation Failure) [PSYoungGen: 8192K->608K(9216K)] 27832K->20248K(29696K), 0.0005814 secs] [Times: user=0.00 sys=0.00, real=0.00 secs]
  任务队列: 886000 个任务待处理，堆使用 20.6 MB / 29.0 MB
  任务队列: 886500 个任务待处理，堆使用 25.5 MB / 29.0 MB
[GC (Allocation Failure) [PSYoungGen: 8800K->640K(9216K)] 28440K->20280K(29696K), 0.0007453 secs] [Times: user=0.00 sys=0.00, real=0.00 secs]
  任务队列: 887000 个任务待处理，堆使用 22.5 MB / 29.0 MB
  任务队列: 887500 个任务待处理，堆使用 27.5 MB / 29.0 MB
[GC (Allocation Failure) [PSYoungGen: 8829K->640K(9216K)] 28470K->20280K(29696K), 0.0007657 secs] [Times: user=0.00 sys=0.00, real=0.00 secs]
  任务队列: 888000 个任务待处理，堆使用 24.3 MB / 29.0 MB
[GC (Allocation Failure) [PSYoungGen: 8832K->640K(9216K)] 28472K->20280K(29696K), 0.0008956 secs] [Times: user=0.00 sys=0.00, real=0.00 secs]
  任务队列: 888500 个任务待处理，堆使用 21.3 MB / 29.0 MB
  任务队列: 889000 个任务待处理，堆使用 26.3 MB / 29.0 MB
[GC (Allocation Failure) [PSYoungGen: 8822K->640K(9216K)] 28463K->20280K(29696K), 0.0009842 secs] [Times: user=0.00 sys=0.00, real=0.00 secs]
  任务队列: 889500 个任务待处理，堆使用 23.2 MB / 29.0 MB
[GC (Allocation Failure) [PSYoungGen: 8832K->640K(9216K)] 28472K->20280K(29696K), 0.0011364 secs] [Times: user=0.00 sys=0.00, real=0.00 secs]
  任务队列: 890000 个任务待处理，堆使用 20.1 MB / 29.0 MB
  任务队列: 890500 个任务待处理，堆使用 25.1 MB / 29.0 MB
[GC (Allocation Failure) [PSYoungGen: 8823K->640K(9216K)] 28464K->20280K(29696K), 0.0012195 secs] [Times: user=0.00 sys=0.00, real=0.00 secs]
  任务队列: 891000 个任务待处理，堆使用 22.2 MB / 29.0 MB
  任务队列: 891500 个任务待处理，堆使用 27.0 MB / 29.0 MB
[GC (Allocation Failure) [PSYoungGen: 8831K->640K(9216K)] 28472K->20280K(29696K), 0.0013589 secs] [Times: user=0.00 sys=0.00, real=0.00 secs]
  任务队列: 892000 个任务待处理，堆使用 24.0 MB / 29.0 MB
[GC (Allocation Failure) [PSYoungGen: 8832K->672K(9216K)] 28472K->20312K(29696K), 0.0014117 secs] [Times: user=0.00 sys=0.00, real=0.00 secs]
  任务队列: 892500 个任务待处理，堆使用 20.8 MB / 29.0 MB
  任务队列: 893000 个任务待处理，堆使用 25.9 MB / 29.0 MB
[GC (Allocation Failure) [PSYoungGen: 8864K->672K(9216K)] 28504K->20312K(29696K), 0.0016771 secs] [Times: user=0.00 sys=0.00, real=0.00 secs]
  任务队列: 893500 个任务待处理，堆使用 22.9 MB / 29.0 MB
  任务队列: 894000 个任务待处理，堆使用 27.7 MB / 29.0 MB
[GC (Allocation Failure) [PSYoungGen: 8863K->672K(9216K)] 28504K->20312K(29696K), 0.0017675 secs] [Times: user=0.00 sys=0.00, real=0.00 secs]
  任务队列: 894500 个任务待处理，堆使用 24.7 MB / 29.0 MB
[GC (Allocation Failure) [PSYoungGen: 8864K->672K(9216K)] 28504K->20312K(29696K), 0.0018921 secs] [Times: user=0.00 sys=0.00, real=0.00 secs]
  任务队列: 895000 个任务待处理，堆使用 21.7 MB / 29.0 MB
  任务队列: 895500 个任务待处理，堆使用 26.7 MB / 29.0 MB
[GC (Allocation Failure) [PSYoungGen: 8862K->672K(9216K)] 28503K->20312K(29696K), 0.0020856 secs] [Times: user=0.00 sys=0.00, real=0.00 secs]
  任务队列: 896000 个任务待处理，堆使用 23.5 MB / 29.0 MB
[GC (Allocation Failure) [PSYoungGen: 8864K->672K(9216K)] 28504K->20312K(29696K), 0.0023074 secs] [Times: user=0.00 sys=0.00, real=0.00 secs]
  任务队列: 896500 个任务待处理，堆使用 20.5 MB / 29.0 MB
  任务队列: 897000 个任务待处理，堆使用 25.5 MB / 29.0 MB
[GC (Allocation Failure) [PSYoungGen: 8864K->672K(9216K)] 28504K->20312K(29696K), 0.0023406 secs] [Times: user=0.06 sys=0.00, real=0.00 secs]
  任务队列: 897500 个任务待处理，堆使用 22.4 MB / 29.0 MB
  任务队列: 898000 个任务待处理，堆使用 27.2 MB / 29.0 MB
[GC (Allocation Failure) [PSYoungGen: 8857K->704K(9216K)] 28498K->20496K(29696K), 0.0023959 secs] [Times: user=0.00 sys=0.00, real=0.00 secs]
  任务队列: 898500 个任务待处理，堆使用 24.4 MB / 29.0 MB
[GC (Allocation Failure) [PSYoungGen: 8896K->672K(9216K)] 28688K->20616K(29696K), 0.0023877 secs] [Times: user=0.00 sys=0.00, real=0.00 secs]
  任务队列: 899000 个任务待处理，堆使用 21.5 MB / 29.0 MB
  任务队列: 899500 个任务待处理，堆使用 26.5 MB / 29.0 MB
[GC (Allocation Failure) [PSYoungGen: 8864K->704K(9216K)] 28808K->20800K(29696K), 0.0024482 secs] [Times: user=0.00 sys=0.00, real=0.00 secs]
  任务队列: 900000 个任务待处理，堆使用 23.5 MB / 29.0 MB
[GC (Allocation Failure) [PSYoungGen: 8896K->704K(9216K)] 28992K->20952K(29696K), 0.0024880 secs] [Times: user=0.00 sys=0.00, real=0.00 secs]
[Full GC (Ergonomics) [PSYoungGen: 704K->0K(9216K)] [ParOldGen: 20248K->19881K(20480K)] 20952K->19881K(29696K), [Metaspace: 5207K->5207K(1056768K)], 0.3087517 secs] [Times: user=5.56 sys=0.23, real=0.31 secs]
  任务队列: 900500 个任务待处理，堆使用 19.6 MB / 29.0 MB
  任务队列: 901000 个任务待处理，堆使用 24.6 MB / 29.0 MB
[GC (Allocation Failure) [PSYoungGen: 8192K->640K(9216K)] 28073K->20521K(29696K), 0.0005991 secs] [Times: user=0.00 sys=0.00, real=0.00 secs]
  任务队列: 901500 个任务待处理，堆使用 22.1 MB / 29.0 MB
  任务队列: 902000 个任务待处理，堆使用 27.1 MB / 29.0 MB
[GC (Allocation Failure) [PSYoungGen: 8824K->640K(9216K)] 28706K->20521K(29696K), 0.0006918 secs] [Times: user=0.00 sys=0.00, real=0.00 secs]
  任务队列: 902500 个任务待处理，堆使用 24.1 MB / 29.0 MB
[GC (Allocation Failure) [PSYoungGen: 8832K->640K(9216K)] 28713K->20521K(29696K), 0.0008099 secs] [Times: user=0.00 sys=0.00, real=0.00 secs]
  任务队列: 903000 个任务待处理，堆使用 20.9 MB / 29.0 MB
  任务队列: 903500 个任务待处理，堆使用 25.8 MB / 29.0 MB
[GC (Allocation Failure) [PSYoungGen: 8832K->640K(9216K)] 28713K->20521K(29696K), 0.0009089 secs] [Times: user=0.00 sys=0.00, real=0.00 secs]
  任务队列: 904000 个任务待处理，堆使用 22.9 MB / 29.0 MB
  任务队列: 904500 个任务待处理，堆使用 27.8 MB / 29.0 MB
[GC (Allocation Failure) [PSYoungGen: 8823K->640K(9216K)] 28704K->20521K(29696K), 0.0010219 secs] [Times: user=0.00 sys=0.00, real=0.00 secs]
  任务队列: 905000 个任务待处理，堆使用 24.7 MB / 29.0 MB
[GC (Allocation Failure) [PSYoungGen: 8832K->640K(9216K)] 28713K->20521K(29696K), 0.0011207 secs] [Times: user=0.31 sys=0.00, real=0.00 secs]
  任务队列: 905500 个任务待处理，堆使用 21.7 MB / 29.0 MB
  任务队列: 906000 个任务待处理，堆使用 26.6 MB / 29.0 MB
[GC (Allocation Failure) [PSYoungGen: 8832K->640K(9216K)] 28713K->20521K(29696K), 0.0012747 secs] [Times: user=0.00 sys=0.00, real=0.00 secs]
  任务队列: 906500 个任务待处理，堆使用 23.6 MB / 29.0 MB
[GC (Allocation Failure) [PSYoungGen: 8832K->672K(9216K)] 28713K->20553K(29696K), 0.0012928 secs] [Times: user=0.00 sys=0.00, real=0.00 secs]
  任务队列: 907000 个任务待处理，堆使用 20.6 MB / 29.0 MB
  任务队列: 907500 个任务待处理，堆使用 25.4 MB / 29.0 MB
[GC (Allocation Failure) [PSYoungGen: 8864K->672K(9216K)] 28745K->20553K(29696K), 0.0015124 secs] [Times: user=0.00 sys=0.00, real=0.00 secs]
  任务队列: 908000 个任务待处理，堆使用 22.4 MB / 29.0 MB
  任务队列: 908500 个任务待处理，堆使用 27.4 MB / 29.0 MB
[GC (Allocation Failure) [PSYoungGen: 8862K->640K(9216K)] 28743K->20521K(29696K), 0.0015375 secs] [Times: user=0.00 sys=0.00, real=0.00 secs]
  任务队列: 909000 个任务待处理，堆使用 24.2 MB / 29.0 MB
[GC (Allocation Failure) [PSYoungGen: 8832K->672K(9216K)] 28713K->20553K(29696K), 0.0018363 secs] [Times: user=0.00 sys=0.00, real=0.00 secs]
  任务队列: 909500 个任务待处理，堆使用 21.3 MB / 29.0 MB
  任务队列: 910000 个任务待处理，堆使用 26.2 MB / 29.0 MB
[GC (Allocation Failure) [PSYoungGen: 8864K->672K(9216K)] 28745K->20553K(29696K), 0.0018524 secs] [Times: user=0.00 sys=0.00, real=0.00 secs]
  任务队列: 910500 个任务待处理，堆使用 23.1 MB / 29.0 MB
  任务队列: 911000 个任务待处理，堆使用 28.1 MB / 29.0 MB
[GC (Allocation Failure) [PSYoungGen: 8864K->672K(9216K)] 28745K->20553K(29696K), 0.0020230 secs] [Times: user=0.00 sys=0.00, real=0.00 secs]
  任务队列: 911500 个任务待处理，堆使用 25.1 MB / 29.0 MB
[GC (Allocation Failure) [PSYoungGen: 8864K->672K(9216K)] 28745K->20553K(29696K), 0.0020436 secs] [Times: user=0.28 sys=0.03, real=0.00 secs]
  任务队列: 912000 个任务待处理，堆使用 22.1 MB / 29.0 MB
  任务队列: 912500 个任务待处理，堆使用 26.9 MB / 29.0 MB
[GC (Allocation Failure) [PSYoungGen: 8862K->672K(9216K)] 28743K->20553K(29696K), 0.0022613 secs] [Times: user=0.00 sys=0.00, real=0.00 secs]
  任务队列: 913000 个任务待处理，堆使用 23.9 MB / 29.0 MB
[GC (Allocation Failure) [PSYoungGen: 8864K->704K(9216K)] 28745K->20737K(29696K), 0.0022067 secs] [Times: user=0.00 sys=0.00, real=0.00 secs]
  任务队列: 913500 个任务待处理，堆使用 20.9 MB / 29.0 MB
  任务队列: 914000 个任务待处理，堆使用 25.9 MB / 29.0 MB
[GC (Allocation Failure) [PSYoungGen: 8896K->640K(9216K)] 28929K->20825K(29696K), 0.0028433 secs] [Times: user=0.00 sys=0.00, real=0.00 secs]
[Full GC (Ergonomics) [PSYoungGen: 640K->0K(9216K)] [ParOldGen: 20185K->20096K(20480K)] 20825K->20096K(29696K), [Metaspace: 5207K->5207K(1056768K)], 0.3151949 secs] [Times: user=5.88 sys=0.08, real=0.32 secs]
  任务队列: 914500 个任务待处理，堆使用 22.3 MB / 29.0 MB
  任务队列: 915000 个任务待处理，堆使用 27.1 MB / 29.0 MB
[GC (Allocation Failure) [PSYoungGen: 8187K->608K(9216K)] 28283K->20704K(29696K), 0.0009265 secs] [Times: user=0.00 sys=0.00, real=0.00 secs]
  任务队列: 915500 个任务待处理，堆使用 24.7 MB / 29.0 MB
[GC (Allocation Failure) [PSYoungGen: 8797K->640K(9216K)] 28894K->20736K(29696K), 0.0007752 secs] [Times: user=0.00 sys=0.00, real=0.00 secs]
  任务队列: 916000 个任务待处理，堆使用 21.6 MB / 29.0 MB
  任务队列: 916500 个任务待处理，堆使用 26.6 MB / 29.0 MB
[GC (Allocation Failure) [PSYoungGen: 8832K->640K(9216K)] 28928K->20736K(29696K), 0.0010206 secs] [Times: user=0.00 sys=0.00, real=0.00 secs]
  任务队列: 917000 个任务待处理，堆使用 23.6 MB / 29.0 MB
[GC (Allocation Failure) [PSYoungGen: 8832K->640K(9216K)] 28928K->20736K(29696K), 0.0009486 secs] [Times: user=0.22 sys=0.00, real=0.00 secs]
  任务队列: 917500 个任务待处理，堆使用 20.4 MB / 29.0 MB
  任务队列: 918000 个任务待处理，堆使用 25.4 MB / 29.0 MB
[GC (Allocation Failure) [PSYoungGen: 8822K->640K(9216K)] 28918K->20736K(29696K), 0.0011007 secs] [Times: user=0.00 sys=0.00, real=0.00 secs]
  任务队列: 918500 个任务待处理，堆使用 22.4 MB / 29.0 MB
  任务队列: 919000 个任务待处理，堆使用 27.3 MB / 29.0 MB
[GC (Allocation Failure) [PSYoungGen: 8826K->640K(9216K)] 28922K->20736K(29696K), 0.0011964 secs] [Times: user=0.00 sys=0.00, real=0.00 secs]
  任务队列: 919500 个任务待处理，堆使用 24.3 MB / 29.0 MB
[GC (Allocation Failure) [PSYoungGen: 8832K->640K(9216K)] 28928K->20736K(29696K), 0.0013061 secs] [Times: user=0.00 sys=0.00, real=0.00 secs]
  任务队列: 920000 个任务待处理，堆使用 21.1 MB / 29.0 MB
  任务队列: 920500 个任务待处理，堆使用 26.1 MB / 29.0 MB
[GC (Allocation Failure) [PSYoungGen: 8832K->640K(9216K)] 28928K->20736K(29696K), 0.0018027 secs] [Times: user=0.00 sys=0.00, real=0.00 secs]
  任务队列: 921000 个任务待处理，堆使用 23.1 MB / 29.0 MB
  任务队列: 921500 个任务待处理，堆使用 28.0 MB / 29.0 MB
[GC (Allocation Failure) [PSYoungGen: 8829K->672K(9216K)] 28925K->20768K(29696K), 0.0015609 secs] [Times: user=0.00 sys=0.00, real=0.00 secs]
  任务队列: 922000 个任务待处理，堆使用 25.0 MB / 29.0 MB
[GC (Allocation Failure) [PSYoungGen: 8864K->672K(9216K)] 28960K->20768K(29696K), 0.0015801 secs] [Times: user=0.00 sys=0.00, real=0.00 secs]
  任务队列: 922500 个任务待处理，堆使用 22.0 MB / 29.0 MB
  任务队列: 923000 个任务待处理，堆使用 26.9 MB / 29.0 MB
[GC (Allocation Failure) [PSYoungGen: 8864K->640K(9216K)] 28960K->20736K(29696K), 0.0019266 secs] [Times: user=0.00 sys=0.00, real=0.00 secs]
  任务队列: 923500 个任务待处理，堆使用 23.8 MB / 29.0 MB
[GC (Allocation Failure) [PSYoungGen: 8832K->672K(9216K)] 28928K->20768K(29696K), 0.0018363 secs] [Times: user=0.00 sys=0.00, real=0.00 secs]
  任务队列: 924000 个任务待处理，堆使用 20.8 MB / 29.0 MB
  任务队列: 924500 个任务待处理，堆使用 25.7 MB / 29.0 MB
[GC (Allocation Failure) [PSYoungGen: 8864K->640K(9216K)] 28960K->20736K(29696K), 0.0024758 secs] [Times: user=0.00 sys=0.00, real=0.00 secs]
  任务队列: 925000 个任务待处理，堆使用 22.6 MB / 29.0 MB
  任务队列: 925500 个任务待处理，堆使用 27.5 MB / 29.0 MB
[GC (Allocation Failure) [PSYoungGen: 8823K->672K(9216K)] 28919K->20768K(29696K), 0.0022359 secs] [Times: user=0.00 sys=0.00, real=0.00 secs]
  任务队列: 926000 个任务待处理，堆使用 24.5 MB / 29.0 MB
[GC (Allocation Failure) [PSYoungGen: 8864K->672K(9216K)] 28960K->20768K(29696K), 0.0025788 secs] [Times: user=0.00 sys=0.00, real=0.00 secs]
  任务队列: 926500 个任务待处理，堆使用 21.5 MB / 29.0 MB
  任务队列: 927000 个任务待处理，堆使用 26.4 MB / 29.0 MB
[GC (Allocation Failure) [PSYoungGen: 8864K->704K(9216K)] 28960K->20952K(29696K), 0.0025569 secs] [Times: user=0.00 sys=0.00, real=0.00 secs]
[Full GC (Ergonomics) [PSYoungGen: 704K->0K(9216K)] [ParOldGen: 20248K->20298K(20480K)] 20952K->20298K(29696K), [Metaspace: 5207K->5207K(1056768K)], 0.3125789 secs] [Times: user=5.94 sys=0.30, real=0.31 secs]
  任务队列: 927500 个任务待处理，堆使用 22.9 MB / 29.0 MB
  任务队列: 928000 个任务待处理，堆使用 27.8 MB / 29.0 MB
[Full GC (Ergonomics) [PSYoungGen: 8185K->0K(9216K)] [ParOldGen: 20298K->20311K(20480K)] 28483K->20311K(29696K), [Metaspace: 5207K->5207K(1056768K)], 0.3088670 secs] [Times: user=5.70 sys=0.20, real=0.31 secs]
  任务队列: 928500 个任务待处理，堆使用 24.9 MB / 29.0 MB
[Full GC (Ergonomics) [PSYoungGen: 8192K->0K(9216K)] [ParOldGen: 20311K->20323K(20480K)] 28503K->20323K(29696K), [Metaspace: 5207K->5207K(1056768K)], 0.3065876 secs] [Times: user=5.73 sys=0.20, real=0.31 secs]
  任务队列: 929000 个任务待处理，堆使用 21.7 MB / 29.0 MB
  任务队列: 929500 个任务待处理，堆使用 26.6 MB / 29.0 MB
[Full GC (Ergonomics) [PSYoungGen: 8187K->0K(9216K)] [ParOldGen: 20323K->20336K(20480K)] 28511K->20336K(29696K), [Metaspace: 5207K->5207K(1056768K)], 0.3078007 secs] [Times: user=5.62 sys=0.17, real=0.31 secs]
  任务队列: 930000 个任务待处理，堆使用 23.7 MB / 29.0 MB
[Full GC (Ergonomics) [PSYoungGen: 8187K->0K(9216K)] [ParOldGen: 20336K->20349K(20480K)] 28523K->20349K(29696K), [Metaspace: 5207K->5207K(1056768K)], 0.2894385 secs] [Times: user=5.67 sys=0.12, real=0.29 secs]
  任务队列: 930500 个任务待处理，堆使用 20.5 MB / 29.0 MB
  任务队列: 931000 个任务待处理，堆使用 25.5 MB / 29.0 MB
[Full GC (Ergonomics) [PSYoungGen: 8192K->0K(9216K)] [ParOldGen: 20349K->20361K(20480K)] 28541K->20361K(29696K), [Metaspace: 5207K->5207K(1056768K)], 0.3088761 secs] [Times: user=5.70 sys=0.22, real=0.31 secs]
  任务队列: 931500 个任务待处理，堆使用 22.6 MB / 29.0 MB
  任务队列: 932000 个任务待处理，堆使用 27.4 MB / 29.0 MB
[Full GC (Ergonomics) [PSYoungGen: 8191K->0K(9216K)] [ParOldGen: 20361K->20374K(20480K)] 28553K->20374K(29696K), [Metaspace: 5207K->5207K(1056768K)], 0.3078127 secs] [Times: user=5.72 sys=0.19, real=0.31 secs]
  任务队列: 932500 个任务待处理，堆使用 24.4 MB / 29.0 MB
[Full GC (Ergonomics) [PSYoungGen: 8192K->0K(9216K)] [ParOldGen: 20374K->20387K(20480K)] 28566K->20387K(29696K), [Metaspace: 5207K->5207K(1056768K)], 0.3069328 secs] [Times: user=5.20 sys=0.22, real=0.31 secs]
  任务队列: 933000 个任务待处理，堆使用 21.3 MB / 29.0 MB
  任务队列: 933500 个任务待处理，堆使用 26.3 MB / 29.0 MB
[Full GC (Ergonomics) [PSYoungGen: 8192K->0K(9216K)] [ParOldGen: 20387K->20399K(20480K)] 28579K->20399K(29696K), [Metaspace: 5207K->5207K(1056768K)], 0.3047610 secs] [Times: user=5.69 sys=0.25, real=0.31 secs]
  任务队列: 934000 个任务待处理，堆使用 23.3 MB / 29.0 MB
[Full GC (Ergonomics) [PSYoungGen: 8192K->0K(9216K)] [ParOldGen: 20399K->20412K(20480K)] 28591K->20412K(29696K), [Metaspace: 5207K->5207K(1056768K)], 0.2913337 secs] [Times: user=5.50 sys=0.12, real=0.29 secs]
  任务队列: 934500 个任务待处理，堆使用 20.1 MB / 29.0 MB
  任务队列: 935000 个任务待处理，堆使用 25.1 MB / 29.0 MB
[Full GC (Ergonomics) [PSYoungGen: 8192K->0K(9216K)] [ParOldGen: 20412K->20425K(20480K)] 28604K->20425K(29696K), [Metaspace: 5207K->5207K(1056768K)], 0.3109919 secs] [Times: user=5.19 sys=0.09, real=0.31 secs]
  任务队列: 935500 个任务待处理，堆使用 22.1 MB / 29.0 MB
  任务队列: 936000 个任务待处理，堆使用 27.0 MB / 29.0 MB
[Full GC (Ergonomics) [PSYoungGen: 8188K->0K(9216K)] [ParOldGen: 20425K->20437K(20480K)] 28613K->20437K(29696K), [Metaspace: 5207K->5207K(1056768K)], 0.3140562 secs] [Times: user=5.69 sys=0.23, real=0.32 secs]
  任务队列: 936500 个任务待处理，堆使用 24.0 MB / 29.0 MB
[Full GC (Ergonomics) [PSYoungGen: 8192K->0K(9216K)] [ParOldGen: 20437K->20450K(20480K)] 28629K->20450K(29696K), [Metaspace: 5207K->5207K(1056768K)], 0.3094155 secs] [Times: user=5.77 sys=0.09, real=0.31 secs]
  任务队列: 937000 个任务待处理，堆使用 21.0 MB / 29.0 MB
  任务队列: 937500 个任务待处理，堆使用 25.9 MB / 29.0 MB
[Full GC (Ergonomics) [PSYoungGen: 8192K->0K(9216K)] [ParOldGen: 20450K->20385K(20480K)] 28642K->20385K(29696K), [Metaspace: 5207K->5200K(1056768K)], 0.3285701 secs] [Times: user=5.84 sys=0.12, real=0.33 secs]
  任务队列: 938000 个任务待处理，堆使用 22.8 MB / 29.0 MB
  任务队列: 938500 个任务待处理，堆使用 27.6 MB / 29.0 MB
[Full GC (Ergonomics) [PSYoungGen: 8187K->0K(9216K)] [ParOldGen: 20385K->20397K(20480K)] 28572K->20397K(29696K), [Metaspace: 5200K->5200K(1056768K)], 0.3231061 secs] [Times: user=5.73 sys=0.20, real=0.32 secs]
  任务队列: 939000 个任务待处理，堆使用 24.6 MB / 29.0 MB
[Full GC (Ergonomics) [PSYoungGen: 8192K->0K(9216K)] [ParOldGen: 20397K->20410K(20480K)] 28589K->20410K(29696K), [Metaspace: 5200K->5200K(1056768K)], 0.3101230 secs] [Times: user=6.03 sys=0.14, real=0.31 secs]
  任务队列: 939500 个任务待处理，堆使用 21.6 MB / 29.0 MB
  任务队列: 940000 个任务待处理，堆使用 26.5 MB / 29.0 MB
[Full GC (Ergonomics) [PSYoungGen: 8192K->0K(9216K)] [ParOldGen: 20410K->20423K(20480K)] 28602K->20423K(29696K), [Metaspace: 5200K->5200K(1056768K)], 0.3223044 secs] [Times: user=6.08 sys=0.17, real=0.32 secs]
  任务队列: 940500 个任务待处理，堆使用 23.5 MB / 29.0 MB
[Full GC (Ergonomics) [PSYoungGen: 8192K->0K(9216K)] [ParOldGen: 20423K->20435K(20480K)] 28615K->20435K(29696K), [Metaspace: 5200K->5200K(1056768K)], 0.3214157 secs] [Times: user=5.98 sys=0.20, real=0.32 secs]
  任务队列: 941000 个任务待处理，堆使用 20.5 MB / 29.0 MB
  任务队列: 941500 个任务待处理，堆使用 25.4 MB / 29.0 MB
[Full GC (Ergonomics) [PSYoungGen: 8192K->0K(9216K)] [ParOldGen: 20435K->20448K(20480K)] 28627K->20448K(29696K), [Metaspace: 5200K->5200K(1056768K)], 0.3247320 secs] [Times: user=5.81 sys=0.14, real=0.33 secs]
  任务队列: 942000 个任务待处理，堆使用 22.3 MB / 29.0 MB
  任务队列: 942500 个任务待处理，堆使用 27.2 MB / 29.0 MB
[Full GC (Ergonomics) [PSYoungGen: 8192K->0K(9216K)] [ParOldGen: 20448K->20460K(20480K)] 28640K->20460K(29696K), [Metaspace: 5200K->5200K(1056768K)], 0.3245482 secs] [Times: user=5.97 sys=0.28, real=0.33 secs]
  任务队列: 943000 个任务待处理，堆使用 24.2 MB / 29.0 MB
[Full GC (Ergonomics) [PSYoungGen: 8192K->0K(9216K)] [ParOldGen: 20460K->20473K(20480K)] 28652K->20473K(29696K), [Metaspace: 5200K->5200K(1056768K)], 0.3141339 secs] [Times: user=6.11 sys=0.12, real=0.31 secs]
  任务队列: 943500 个任务待处理，堆使用 21.2 MB / 29.0 MB
  任务队列: 944000 个任务待处理，堆使用 26.2 MB / 29.0 MB
[Full GC (Ergonomics) [PSYoungGen: 8192K->6K(9216K)] [ParOldGen: 20473K->20479K(20480K)] 28665K->20486K(29696K), [Metaspace: 5200K->5200K(1056768K)], 0.3242362 secs] [Times: user=5.89 sys=0.34, real=0.32 secs]
  任务队列: 944500 个任务待处理，堆使用 23.0 MB / 29.0 MB
  任务队列: 945000 个任务待处理，堆使用 28.0 MB / 29.0 MB
[Full GC (Ergonomics) [PSYoungGen: 8192K->18K(9216K)] [ParOldGen: 20479K->20479K(20480K)] 28671K->20498K(29696K), [Metaspace: 5200K->5200K(1056768K)], 0.3240932 secs] [Times: user=5.97 sys=0.28, real=0.33 secs]
  任务队列: 945500 个任务待处理，堆使用 25.0 MB / 29.0 MB
[Full GC (Ergonomics) [PSYoungGen: 8192K->31K(9216K)] [ParOldGen: 20479K->20479K(20480K)] 28671K->20511K(29696K), [Metaspace: 5200K->5200K(1056768K)], 0.3242092 secs] [Times: user=6.09 sys=0.06, real=0.33 secs]
  任务队列: 946000 个任务待处理，堆使用 21.9 MB / 29.0 MB
  任务队列: 946500 个任务待处理，堆使用 26.9 MB / 29.0 MB
[Full GC (Ergonomics) [PSYoungGen: 8187K->44K(9216K)] [ParOldGen: 20479K->20479K(20480K)] 28667K->20524K(29696K), [Metaspace: 5200K->5200K(1056768K)], 0.3105188 secs] [Times: user=5.75 sys=0.20, real=0.31 secs]
  任务队列: 947000 个任务待处理，堆使用 23.9 MB / 29.0 MB
[Full GC (Ergonomics) [PSYoungGen: 8192K->56K(9216K)] [ParOldGen: 20479K->20479K(20480K)] 28671K->20536K(29696K), [Metaspace: 5200K->5200K(1056768K)], 0.3079966 secs] [Times: user=5.69 sys=0.25, real=0.31 secs]
  任务队列: 947500 个任务待处理，堆使用 20.9 MB / 29.0 MB
  任务队列: 948000 个任务待处理，堆使用 25.7 MB / 29.0 MB
[Full GC (Ergonomics) [PSYoungGen: 8192K->69K(9216K)] [ParOldGen: 20479K->20479K(20480K)] 28671K->20549K(29696K), [Metaspace: 5200K->5200K(1056768K)], 0.3231143 secs] [Times: user=5.98 sys=0.23, real=0.32 secs]
  任务队列: 948500 个任务待处理，堆使用 22.8 MB / 29.0 MB
  任务队列: 949000 个任务待处理，堆使用 27.8 MB / 29.0 MB
[Full GC (Ergonomics) [PSYoungGen: 8184K->81K(9216K)] [ParOldGen: 20479K->20479K(20480K)] 28664K->20561K(29696K), [Metaspace: 5200K->5200K(1056768K)], 0.3218161 secs] [Times: user=5.86 sys=0.36, real=0.32 secs]
  任务队列: 949500 个任务待处理，堆使用 24.8 MB / 29.0 MB
[Full GC (Ergonomics) [PSYoungGen: 8192K->94K(9216K)] [ParOldGen: 20479K->20479K(20480K)] 28671K->20574K(29696K), [Metaspace: 5200K->5200K(1056768K)], 0.3218860 secs] [Times: user=5.78 sys=0.16, real=0.32 secs]
  任务队列: 950000 个任务待处理，堆使用 21.8 MB / 29.0 MB
  任务队列: 950500 个任务待处理，堆使用 26.7 MB / 29.0 MB
[Full GC (Ergonomics) [PSYoungGen: 8192K->107K(9216K)] [ParOldGen: 20479K->20479K(20480K)] 28671K->20586K(29696K), [Metaspace: 5200K->5200K(1056768K)], 0.3232615 secs] [Times: user=6.12 sys=0.12, real=0.32 secs]
  任务队列: 951000 个任务待处理，堆使用 23.8 MB / 29.0 MB
[Full GC (Ergonomics) [PSYoungGen: 8192K->119K(9216K)] [ParOldGen: 20479K->20479K(20480K)] 28671K->20599K(29696K), [Metaspace: 5200K->5200K(1056768K)], 0.3241974 secs] [Times: user=6.06 sys=0.19, real=0.33 secs]
  任务队列: 951500 个任务待处理，堆使用 20.8 MB / 29.0 MB
  任务队列: 952000 个任务待处理，堆使用 25.8 MB / 29.0 MB
[Full GC (Ergonomics) [PSYoungGen: 8192K->132K(9216K)] [ParOldGen: 20479K->20479K(20480K)] 28671K->20611K(29696K), [Metaspace: 5200K->5200K(1056768K)], 0.3249111 secs] [Times: user=5.83 sys=0.12, real=0.33 secs]
  任务队列: 952500 个任务待处理，堆使用 22.7 MB / 29.0 MB
  任务队列: 953000 个任务待处理，堆使用 27.6 MB / 29.0 MB
[Full GC (Ergonomics) [PSYoungGen: 8186K->144K(9216K)] [ParOldGen: 20479K->20479K(20480K)] 28665K->20624K(29696K), [Metaspace: 5200K->5200K(1056768K)], 0.3218519 secs] [Times: user=6.05 sys=0.20, real=0.32 secs]
  任务队列: 953500 个任务待处理，堆使用 24.7 MB / 29.0 MB
[Full GC (Ergonomics) [PSYoungGen: 8192K->156K(9216K)] [ParOldGen: 20479K->20479K(20480K)] 28671K->20636K(29696K), [Metaspace: 5200K->5200K(1056768K)], 0.3396237 secs] [Times: user=6.44 sys=0.12, real=0.34 secs]
  任务队列: 954000 个任务待处理，堆使用 21.8 MB / 29.0 MB
  任务队列: 954500 个任务待处理，堆使用 26.8 MB / 29.0 MB
[Full GC (Ergonomics) [PSYoungGen: 8184K->169K(9216K)] [ParOldGen: 20479K->20479K(20480K)] 28664K->20649K(29696K), [Metaspace: 5200K->5200K(1056768K)], 0.3367190 secs] [Times: user=6.48 sys=0.06, real=0.34 secs]
  任务队列: 955000 个任务待处理，堆使用 23.8 MB / 29.0 MB
[Full GC (Ergonomics) [PSYoungGen: 8188K->181K(9216K)] [ParOldGen: 20479K->20479K(20480K)] 28668K->20661K(29696K), [Metaspace: 5200K->5200K(1056768K)], 0.3263976 secs] [Times: user=6.03 sys=0.12, real=0.33 secs]
  任务队列: 955500 个任务待处理，堆使用 21.0 MB / 29.0 MB
  任务队列: 956000 个任务待处理，堆使用 25.9 MB / 29.0 MB
[Full GC (Ergonomics) [PSYoungGen: 8192K->194K(9216K)] [ParOldGen: 20479K->20479K(20480K)] 28671K->20674K(29696K), [Metaspace: 5200K->5200K(1056768K)], 0.3389198 secs] [Times: user=6.34 sys=0.20, real=0.34 secs]
  任务队列: 956500 个任务待处理，堆使用 22.9 MB / 29.0 MB
  任务队列: 957000 个任务待处理，堆使用 27.8 MB / 29.0 MB
[Full GC (Ergonomics) [PSYoungGen: 8190K->206K(9216K)] [ParOldGen: 20479K->20479K(20480K)] 28670K->20686K(29696K), [Metaspace: 5200K->5200K(1056768K)], 0.3270536 secs] [Times: user=6.22 sys=0.27, real=0.33 secs]
  任务队列: 957500 个任务待处理，堆使用 25.0 MB / 29.0 MB
[Full GC (Ergonomics) [PSYoungGen: 8182K->219K(9216K)] [ParOldGen: 20479K->20479K(20480K)] 28662K->20698K(29696K), [Metaspace: 5200K->5200K(1056768K)], 0.3395793 secs] [Times: user=6.12 sys=0.25, real=0.34 secs]
  任务队列: 958000 个任务待处理，堆使用 22.1 MB / 29.0 MB
  任务队列: 958500 个任务待处理，堆使用 27.0 MB / 29.0 MB
[Full GC (Ergonomics) [PSYoungGen: 8183K->231K(9216K)] [ParOldGen: 20479K->20479K(20480K)] 28663K->20711K(29696K), [Metaspace: 5200K->5200K(1056768K)], 0.3400735 secs] [Times: user=6.27 sys=0.28, real=0.34 secs]
  任务队列: 959000 个任务待处理，堆使用 24.2 MB / 29.0 MB
[Full GC (Ergonomics) [PSYoungGen: 8185K->243K(9216K)] [ParOldGen: 20479K->20479K(20480K)] 28665K->20723K(29696K), [Metaspace: 5200K->5200K(1056768K)], 0.3410228 secs] [Times: user=6.44 sys=0.12, real=0.34 secs]
  任务队列: 959500 个任务待处理，堆使用 21.4 MB / 29.0 MB
  任务队列: 960000 个任务待处理，堆使用 26.3 MB / 29.0 MB
[Full GC (Ergonomics) [PSYoungGen: 8185K->256K(9216K)] [ParOldGen: 20479K->20479K(20480K)] 28665K->20735K(29696K), [Metaspace: 5200K->5200K(1056768K)], 0.3398980 secs] [Times: user=6.28 sys=0.19, real=0.34 secs]
  任务队列: 960500 个任务待处理，堆使用 23.5 MB / 29.0 MB
[Full GC (Ergonomics) [PSYoungGen: 8186K->268K(9216K)] [ParOldGen: 20479K->20479K(20480K)] 28666K->20748K(29696K), [Metaspace: 5200K->5200K(1056768K)], 0.3405591 secs] [Times: user=5.95 sys=0.33, real=0.34 secs]
  任务队列: 961000 个任务待处理，堆使用 20.7 MB / 29.0 MB
  任务队列: 961500 个任务待处理，堆使用 25.6 MB / 29.0 MB
[Full GC (Ergonomics) [PSYoungGen: 8187K->280K(9216K)] [ParOldGen: 20479K->20479K(20480K)] 28666K->20760K(29696K), [Metaspace: 5200K->5200K(1056768K)], 0.3398066 secs] [Times: user=6.09 sys=0.17, real=0.34 secs]
  任务队列: 962000 个任务待处理，堆使用 22.9 MB / 29.0 MB
  任务队列: 962500 个任务待处理，堆使用 27.7 MB / 29.0 MB
[Full GC (Ergonomics) [PSYoungGen: 8185K->292K(9216K)] [ParOldGen: 20479K->20479K(20480K)] 28665K->20772K(29696K), [Metaspace: 5200K->5200K(1056768K)], 0.3421939 secs] [Times: user=6.23 sys=0.34, real=0.34 secs]
  任务队列: 963000 个任务待处理，堆使用 24.9 MB / 29.0 MB
[Full GC (Ergonomics) [PSYoungGen: 8188K->305K(9216K)] [ParOldGen: 20479K->20479K(20480K)] 28668K->20784K(29696K), [Metaspace: 5200K->5200K(1056768K)], 0.3388247 secs] [Times: user=6.31 sys=0.27, real=0.34 secs]
  任务队列: 963500 个任务待处理，堆使用 22.2 MB / 29.0 MB
  任务队列: 964000 个任务待处理，堆使用 27.1 MB / 29.0 MB
[Full GC (Ergonomics) [PSYoungGen: 8186K->317K(9216K)] [ParOldGen: 20479K->20479K(20480K)] 28666K->20797K(29696K), [Metaspace: 5200K->5200K(1056768K)], 0.3402812 secs] [Times: user=6.45 sys=0.11, real=0.34 secs]
  任务队列: 964500 个任务待处理，堆使用 24.3 MB / 29.0 MB
[Full GC (Ergonomics) [PSYoungGen: 8186K->329K(9216K)] [ParOldGen: 20479K->20479K(20480K)] 28666K->20809K(29696K), [Metaspace: 5200K->5200K(1056768K)], 0.3405321 secs] [Times: user=6.34 sys=0.11, real=0.34 secs]
  任务队列: 965000 个任务待处理，堆使用 21.6 MB / 29.0 MB
  任务队列: 965500 个任务待处理，堆使用 26.5 MB / 29.0 MB
[Full GC (Ergonomics) [PSYoungGen: 8183K->341K(9216K)] [ParOldGen: 20479K->20479K(20480K)] 28663K->20821K(29696K), [Metaspace: 5200K->5200K(1056768K)], 8.2943037 secs] [Times: user=1.00 sys=0.05, real=8.29 secs]
  任务队列: 966000 个任务待处理，堆使用 23.8 MB / 29.0 MB
[Full GC (Ergonomics) [PSYoungGen: 8183K->353K(9216K)] [ParOldGen: 20479K->20479K(20480K)] 28663K->20833K(29696K), [Metaspace: 5200K->5200K(1056768K)], 0.3246944 secs] [Times: user=5.69 sys=0.17, real=0.32 secs]
  任务队列: 966500 个任务待处理，堆使用 21.1 MB / 29.0 MB
  任务队列: 967000 个任务待处理，堆使用 26.0 MB / 29.0 MB
[Full GC (Ergonomics) [PSYoungGen: 8192K->365K(9216K)] [ParOldGen: 20479K->20479K(20480K)] 28671K->20845K(29696K), [Metaspace: 5200K->5200K(1056768K)], 0.3370193 secs] [Times: user=6.41 sys=0.12, real=0.34 secs]
  任务队列: 967500 个任务待处理，堆使用 23.3 MB / 29.0 MB
[Full GC (Ergonomics) [PSYoungGen: 8189K->377K(9216K)] [ParOldGen: 20479K->20479K(20480K)] 28669K->20857K(29696K), [Metaspace: 5200K->5200K(1056768K)], 0.3379217 secs] [Times: user=6.42 sys=0.14, real=0.34 secs]
  任务队列: 968000 个任务待处理，堆使用 20.6 MB / 29.0 MB
  任务队列: 968500 个任务待处理，堆使用 25.7 MB / 29.0 MB
[Full GC (Ergonomics) [PSYoungGen: 8183K->390K(9216K)] [ParOldGen: 20479K->20479K(20480K)] 28663K->20869K(29696K), [Metaspace: 5200K->5200K(1056768K)], 0.3354495 secs] [Times: user=5.94 sys=0.33, real=0.34 secs]
  任务队列: 969000 个任务待处理，堆使用 22.8 MB / 29.0 MB
  任务队列: 969500 个任务待处理，堆使用 27.8 MB / 29.0 MB
[Full GC (Ergonomics) [PSYoungGen: 8188K->402K(9216K)] [ParOldGen: 20479K->20479K(20480K)] 28668K->20881K(29696K), [Metaspace: 5200K->5200K(1056768K)], 0.3414889 secs] [Times: user=6.17 sys=0.22, real=0.34 secs]
  任务队列: 970000 个任务待处理，堆使用 25.1 MB / 29.0 MB
[Full GC (Ergonomics) [PSYoungGen: 8192K->414K(9216K)] [ParOldGen: 20479K->20479K(20480K)] 28671K->20894K(29696K), [Metaspace: 5200K->5200K(1056768K)], 0.3377787 secs] [Times: user=6.44 sys=0.12, real=0.34 secs]
  任务队列: 970500 个任务待处理，堆使用 22.4 MB / 29.0 MB
  任务队列: 971000 个任务待处理，堆使用 27.4 MB / 29.0 MB
[Full GC (Ergonomics) [PSYoungGen: 8189K->426K(9216K)] [ParOldGen: 20479K->20479K(20480K)] 28669K->20906K(29696K), [Metaspace: 5200K->5200K(1056768K)], 0.3355056 secs] [Times: user=6.06 sys=0.19, real=0.34 secs]
  任务队列: 971500 个任务待处理，堆使用 24.7 MB / 29.0 MB
[Full GC (Ergonomics) [PSYoungGen: 8182K->438K(9216K)] [ParOldGen: 20479K->20479K(20480K)] 28662K->20918K(29696K), [Metaspace: 5200K->5200K(1056768K)], 0.3358406 secs] [Times: user=6.30 sys=0.23, real=0.34 secs]
  任务队列: 972000 个任务待处理，堆使用 22.2 MB / 29.0 MB
  任务队列: 972500 个任务待处理，堆使用 27.0 MB / 29.0 MB
[Full GC (Ergonomics) [PSYoungGen: 8190K->450K(9216K)] [ParOldGen: 20479K->20479K(20480K)] 28670K->20930K(29696K), [Metaspace: 5200K->5200K(1056768K)], 0.3369058 secs] [Times: user=6.22 sys=0.20, real=0.34 secs]
  任务队列: 973000 个任务待处理，堆使用 24.5 MB / 29.0 MB
[Full GC (Ergonomics) [PSYoungGen: 8192K->462K(9216K)] [ParOldGen: 20479K->20479K(20480K)] 28671K->20942K(29696K), [Metaspace: 5200K->5200K(1056768K)], 0.3371584 secs] [Times: user=6.39 sys=0.19, real=0.34 secs]
  任务队列: 973500 个任务待处理，堆使用 21.8 MB / 29.0 MB
  任务队列: 974000 个任务待处理，堆使用 26.8 MB / 29.0 MB
[Full GC (Ergonomics) [PSYoungGen: 8186K->474K(9216K)] [ParOldGen: 20479K->20479K(20480K)] 28666K->20953K(29696K), [Metaspace: 5200K->5200K(1056768K)], 0.3367190 secs] [Times: user=6.28 sys=0.25, real=0.34 secs]
  任务队列: 974500 个任务待处理，堆使用 24.1 MB / 29.0 MB
[Full GC (Ergonomics) [PSYoungGen: 8192K->485K(9216K)] [ParOldGen: 20479K->20479K(20480K)] 28671K->20965K(29696K), [Metaspace: 5200K->5200K(1056768K)], 0.3346270 secs] [Times: user=6.08 sys=0.22, real=0.34 secs]
  任务队列: 975000 个任务待处理，堆使用 21.5 MB / 29.0 MB
  任务队列: 975500 个任务待处理，堆使用 26.5 MB / 29.0 MB
[Full GC (Ergonomics) [PSYoungGen: 8191K->497K(9216K)] [ParOldGen: 20479K->20479K(20480K)] 28671K->20977K(29696K), [Metaspace: 5200K->5200K(1056768K)], 0.3364611 secs] [Times: user=6.34 sys=0.23, real=0.34 secs]
  任务队列: 976000 个任务待处理，堆使用 24.0 MB / 29.0 MB
[Full GC (Ergonomics) [PSYoungGen: 8192K->509K(9216K)] [ParOldGen: 20479K->20479K(20480K)] 28671K->20989K(29696K), [Metaspace: 5200K->5200K(1056768K)], 0.3336234 secs] [Times: user=6.06 sys=0.27, real=0.33 secs]
  任务队列: 976500 个任务待处理，堆使用 21.4 MB / 29.0 MB
  任务队列: 977000 个任务待处理，堆使用 26.3 MB / 29.0 MB
[Full GC (Ergonomics) [PSYoungGen: 8192K->521K(9216K)] [ParOldGen: 20479K->20479K(20480K)] 28671K->21001K(29696K), [Metaspace: 5200K->5200K(1056768K)], 0.3391437 secs] [Times: user=6.31 sys=0.25, real=0.34 secs]
  任务队列: 977500 个任务待处理，堆使用 23.8 MB / 29.0 MB
[Full GC (Ergonomics) [PSYoungGen: 8192K->533K(9216K)] [ParOldGen: 20479K->20479K(20480K)] 28671K->21013K(29696K), [Metaspace: 5200K->5200K(1056768K)], 0.3370004 secs] [Times: user=6.01 sys=0.22, real=0.34 secs]
  任务队列: 978000 个任务待处理，堆使用 21.3 MB / 29.0 MB
  任务队列: 978500 个任务待处理，堆使用 26.3 MB / 29.0 MB
[Full GC (Ergonomics) [PSYoungGen: 8192K->545K(9216K)] [ParOldGen: 20479K->20479K(20480K)] 28671K->21025K(29696K), [Metaspace: 5200K->5200K(1056768K)], 0.3352196 secs] [Times: user=6.44 sys=0.12, real=0.34 secs]
  任务队列: 979000 个任务待处理，堆使用 23.7 MB / 29.0 MB
[Full GC (Ergonomics) [PSYoungGen: 8192K->556K(9216K)] [ParOldGen: 20479K->20479K(20480K)] 28671K->21036K(29696K), [Metaspace: 5200K->5200K(1056768K)], 0.3379601 secs] [Times: user=6.41 sys=0.16, real=0.34 secs]
  任务队列: 979500 个任务待处理，堆使用 21.2 MB / 29.0 MB
  任务队列: 980000 个任务待处理，堆使用 26.2 MB / 29.0 MB
[Full GC (Ergonomics) [PSYoungGen: 8192K->568K(9216K)] [ParOldGen: 20479K->20479K(20480K)] 28671K->21048K(29696K), [Metaspace: 5200K->5200K(1056768K)], 0.3361916 secs] [Times: user=6.08 sys=0.30, real=0.34 secs]
  任务队列: 980500 个任务待处理，堆使用 23.7 MB / 29.0 MB
[Full GC (Ergonomics) [PSYoungGen: 8192K->580K(9216K)] [ParOldGen: 20479K->20479K(20480K)] 28671K->21060K(29696K), [Metaspace: 5200K->5200K(1056768K)], 0.3372955 secs] [Times: user=6.34 sys=0.22, real=0.34 secs]
  任务队列: 981000 个任务待处理，堆使用 21.2 MB / 29.0 MB
  任务队列: 981500 个任务待处理，堆使用 26.2 MB / 29.0 MB
[Full GC (Ergonomics) [PSYoungGen: 8192K->592K(9216K)] [ParOldGen: 20479K->20479K(20480K)] 28671K->21072K(29696K), [Metaspace: 5200K->5200K(1056768K)], 0.3439052 secs] [Times: user=6.19 sys=0.22, real=0.34 secs]
  任务队列: 982000 个任务待处理，堆使用 23.7 MB / 29.0 MB
[Full GC (Ergonomics) [PSYoungGen: 8192K->604K(9216K)] [ParOldGen: 20479K->20479K(20480K)] 28671K->21083K(29696K), [Metaspace: 5200K->5200K(1056768K)], 0.3366410 secs] [Times: user=6.38 sys=0.14, real=0.34 secs]
  任务队列: 982500 个任务待处理，堆使用 21.2 MB / 29.0 MB
  任务队列: 983000 个任务待处理，堆使用 26.0 MB / 29.0 MB
[Full GC (Ergonomics) [PSYoungGen: 8192K->615K(9216K)] [ParOldGen: 20479K->20479K(20480K)] 28671K->21095K(29696K), [Metaspace: 5200K->5200K(1056768K)], 0.3373358 secs] [Times: user=6.08 sys=0.12, real=0.34 secs]
  任务队列: 983500 个任务待处理，堆使用 23.6 MB / 29.0 MB
[Full GC (Ergonomics) [PSYoungGen: 8192K->627K(9216K)] [ParOldGen: 20479K->20479K(20480K)] 28671K->21107K(29696K), [Metaspace: 5200K->5200K(1056768K)], 0.3401363 secs] [Times: user=6.31 sys=0.26, real=0.34 secs]
  任务队列: 984000 个任务待处理，堆使用 21.1 MB / 29.0 MB
  任务队列: 984500 个任务待处理，堆使用 26.0 MB / 29.0 MB
[Full GC (Ergonomics) [PSYoungGen: 8192K->639K(9216K)] [ParOldGen: 20479K->20479K(20480K)] 28671K->21119K(29696K), [Metaspace: 5200K->5200K(1056768K)], 0.3398241 secs] [Times: user=6.38 sys=0.19, real=0.34 secs]
  任务队列: 985000 个任务待处理，堆使用 23.6 MB / 29.0 MB
[Full GC (Ergonomics) [PSYoungGen: 8191K->650K(9216K)] [ParOldGen: 20479K->20479K(20480K)] 28671K->21130K(29696K), [Metaspace: 5200K->5200K(1056768K)], 0.3374279 secs] [Times: user=6.24 sys=0.20, real=0.34 secs]
  任务队列: 985500 个任务待处理，堆使用 21.1 MB / 29.0 MB
  任务队列: 986000 个任务待处理，堆使用 26.0 MB / 29.0 MB
[Full GC (Ergonomics) [PSYoungGen: 8182K->662K(9216K)] [ParOldGen: 20479K->20479K(20480K)] 28662K->21142K(29696K), [Metaspace: 5200K->5200K(1056768K)], 0.3395493 secs] [Times: user=6.58 sys=0.20, real=0.34 secs]
  任务队列: 986500 个任务待处理，堆使用 23.6 MB / 29.0 MB
[Full GC (Ergonomics) [PSYoungGen: 8183K->674K(9216K)] [ParOldGen: 20479K->20479K(20480K)] 28663K->21154K(29696K), [Metaspace: 5200K->5200K(1056768K)], 0.3376003 secs] [Times: user=6.27 sys=0.12, real=0.34 secs]
  任务队列: 987000 个任务待处理，堆使用 21.2 MB / 29.0 MB
  任务队列: 987500 个任务待处理，堆使用 26.1 MB / 29.0 MB
[Full GC (Ergonomics) [PSYoungGen: 8184K->685K(9216K)] [ParOldGen: 20479K->20479K(20480K)] 28664K->21165K(29696K), [Metaspace: 5200K->5200K(1056768K)], 0.3394035 secs] [Times: user=6.27 sys=0.30, real=0.34 secs]
  任务队列: 988000 个任务待处理，堆使用 23.7 MB / 29.0 MB
[Full GC (Ergonomics) [PSYoungGen: 8185K->697K(9216K)] [ParOldGen: 20479K->20479K(20480K)] 28665K->21177K(29696K), [Metaspace: 5200K->5200K(1056768K)], 0.3403218 secs] [Times: user=6.09 sys=0.17, real=0.34 secs]
  任务队列: 988500 个任务待处理，堆使用 21.4 MB / 29.0 MB
  任务队列: 989000 个任务待处理，堆使用 26.3 MB / 29.0 MB
[Full GC (Ergonomics) [PSYoungGen: 8192K->709K(9216K)] [ParOldGen: 20479K->20479K(20480K)] 28671K->21189K(29696K), [Metaspace: 5200K->5200K(1056768K)], 0.3368294 secs] [Times: user=6.30 sys=0.25, real=0.34 secs]
  任务队列: 989500 个任务待处理，堆使用 23.9 MB / 29.0 MB
[Full GC (Ergonomics) [PSYoungGen: 8188K->720K(9216K)] [ParOldGen: 20479K->20479K(20480K)] 28668K->21200K(29696K), [Metaspace: 5200K->5200K(1056768K)], 0.3403603 secs] [Times: user=6.20 sys=0.19, real=0.34 secs]
  任务队列: 990000 个任务待处理，堆使用 21.5 MB / 29.0 MB
  任务队列: 990500 个任务待处理，堆使用 26.5 MB / 29.0 MB
[Full GC (Ergonomics) [PSYoungGen: 8186K->732K(9216K)] [ParOldGen: 20479K->20479K(20480K)] 28666K->21212K(29696K), [Metaspace: 5200K->5200K(1056768K)], 0.3554163 secs] [Times: user=6.39 sys=0.19, real=0.36 secs]
  任务队列: 991000 个任务待处理，堆使用 24.1 MB / 29.0 MB
[Full GC (Ergonomics) [PSYoungGen: 8186K->743K(9216K)] [ParOldGen: 20479K->20479K(20480K)] 28666K->21223K(29696K), [Metaspace: 5200K->5200K(1056768K)], 0.3566282 secs] [Times: user=6.72 sys=0.14, real=0.36 secs]
  任务队列: 991500 个任务待处理，堆使用 21.8 MB / 29.0 MB
  任务队列: 992000 个任务待处理，堆使用 26.7 MB / 29.0 MB
[Full GC (Ergonomics) [PSYoungGen: 8187K->755K(9216K)] [ParOldGen: 20479K->20479K(20480K)] 28666K->21235K(29696K), [Metaspace: 5200K->5200K(1056768K)], 0.3384368 secs] [Times: user=6.67 sys=0.20, real=0.34 secs]
  任务队列: 992500 个任务待处理，堆使用 24.4 MB / 29.0 MB
[Full GC (Ergonomics) [PSYoungGen: 8187K->766K(9216K)] [ParOldGen: 20479K->20479K(20480K)] 28667K->21246K(29696K), [Metaspace: 5200K->5200K(1056768K)], 0.3416614 secs] [Times: user=6.48 sys=0.09, real=0.34 secs]
  任务队列: 993000 个任务待处理，堆使用 22.0 MB / 29.0 MB
  任务队列: 993500 个任务待处理，堆使用 27.0 MB / 29.0 MB
[Full GC (Ergonomics) [PSYoungGen: 8187K->778K(9216K)] [ParOldGen: 20479K->20479K(20480K)] 28667K->21258K(29696K), [Metaspace: 5200K->5200K(1056768K)], 0.3557447 secs] [Times: user=6.36 sys=0.22, real=0.36 secs]
  任务队列: 994000 个任务待处理，堆使用 24.6 MB / 29.0 MB
[Full GC (Ergonomics) [PSYoungGen: 8187K->789K(9216K)] [ParOldGen: 20479K->20479K(20480K)] 28667K->21269K(29696K), [Metaspace: 5200K->5200K(1056768K)], 0.3415163 secs] [Times: user=6.45 sys=0.12, real=0.34 secs]
  任务队列: 994500 个任务待处理，堆使用 22.3 MB / 29.0 MB
  任务队列: 995000 个任务待处理，堆使用 27.3 MB / 29.0 MB
[Full GC (Ergonomics) [PSYoungGen: 8185K->801K(9216K)] [ParOldGen: 20479K->20479K(20480K)] 28665K->21281K(29696K), [Metaspace: 5200K->5200K(1056768K)], 0.3414806 secs] [Times: user=6.41 sys=0.17, real=0.34 secs]
  任务队列: 995500 个任务待处理，堆使用 25.0 MB / 29.0 MB
[Full GC (Ergonomics) [PSYoungGen: 8185K->812K(9216K)] [ParOldGen: 20479K->20479K(20480K)] 28665K->21292K(29696K), [Metaspace: 5200K->5200K(1056768K)], 0.3531652 secs] [Times: user=6.36 sys=0.17, real=0.35 secs]
  任务队列: 996000 个任务待处理，堆使用 22.7 MB / 29.0 MB
  任务队列: 996500 个任务待处理，堆使用 27.6 MB / 29.0 MB
[Full GC (Ergonomics) [PSYoungGen: 8182K->824K(9216K)] [ParOldGen: 20479K->20479K(20480K)] 28662K->21304K(29696K), [Metaspace: 5200K->5200K(1056768K)], 0.3435619 secs] [Times: user=6.75 sys=0.11, real=0.34 secs]
  任务队列: 997000 个任务待处理，堆使用 25.4 MB / 29.0 MB
[Full GC (Ergonomics) [PSYoungGen: 8191K->835K(9216K)] [ParOldGen: 20479K->20479K(20480K)] 28671K->21315K(29696K), [Metaspace: 5200K->5200K(1056768K)], 0.3421186 secs] [Times: user=6.64 sys=0.19, real=0.34 secs]
  任务队列: 997500 个任务待处理，堆使用 23.1 MB / 29.0 MB
[Full GC (Ergonomics) [PSYoungGen: 8191K->846K(9216K)] [ParOldGen: 20479K->20479K(20480K)] 28671K->21326K(29696K), [Metaspace: 5200K->5200K(1056768K)], 0.3532657 secs] [Times: user=6.66 sys=0.22, real=0.35 secs]
  任务队列: 998000 个任务待处理，堆使用 21.0 MB / 29.0 MB
  任务队列: 998500 个任务待处理，堆使用 25.8 MB / 29.0 MB
[Full GC (Ergonomics) [PSYoungGen: 8187K->858K(9216K)] [ParOldGen: 20479K->20479K(20480K)] 28667K->21338K(29696K), [Metaspace: 5200K->5200K(1056768K)], 0.3551354 secs] [Times: user=6.52 sys=0.12, real=0.36 secs]
  任务队列: 999000 个任务待处理，堆使用 23.6 MB / 29.0 MB
[Full GC (Ergonomics) [PSYoungGen: 8190K->869K(9216K)] [ParOldGen: 20479K->20479K(20480K)] 28669K->21349K(29696K), [Metaspace: 5200K->5200K(1056768K)], 0.3566914 secs] [Times: user=6.30 sys=0.23, real=0.36 secs]
  任务队列: 999500 个任务待处理，堆使用 21.4 MB / 29.0 MB
  任务队列: 1000000 个任务待处理，堆使用 26.3 MB / 29.0 MB
[Full GC (Ergonomics) [PSYoungGen: 8185K->881K(9216K)] [ParOldGen: 20479K->20479K(20480K)] 28665K->21360K(29696K), [Metaspace: 5200K->5200K(1056768K)], 0.3538119 secs] [Times: user=6.31 sys=0.20, real=0.35 secs]
  任务队列: 1000500 个任务待处理，堆使用 24.1 MB / 29.0 MB
[Full GC (Ergonomics) [PSYoungGen: 8185K->892K(9216K)] [ParOldGen: 20479K->20479K(20480K)] 28665K->21372K(29696K), [Metaspace: 5200K->5200K(1056768K)], 0.3550952 secs] [Times: user=6.69 sys=0.17, real=0.36 secs]
  任务队列: 1001000 个任务待处理，堆使用 21.9 MB / 29.0 MB
  任务队列: 1001500 个任务待处理，堆使用 26.9 MB / 29.0 MB
[Full GC (Ergonomics) [PSYoungGen: 8185K->903K(9216K)] [ParOldGen: 20479K->20479K(20480K)] 28665K->21383K(29696K), [Metaspace: 5200K->5200K(1056768K)], 0.3568923 secs] [Times: user=6.44 sys=0.27, real=0.36 secs]
  任务队列: 1002000 个任务待处理，堆使用 24.6 MB / 29.0 MB
[Full GC (Ergonomics) [PSYoungGen: 8188K->914K(9216K)] [ParOldGen: 20479K->20479K(20480K)] 28668K->21394K(29696K), [Metaspace: 5200K->5200K(1056768K)], 0.3399376 secs] [Times: user=6.45 sys=0.12, real=0.34 secs]
  任务队列: 1002500 个任务待处理，堆使用 22.5 MB / 29.0 MB
  任务队列: 1003000 个任务待处理，堆使用 27.4 MB / 29.0 MB
[Full GC (Ergonomics) [PSYoungGen: 8182K->926K(9216K)] [ParOldGen: 20479K->20479K(20480K)] 28662K->21406K(29696K), [Metaspace: 5200K->5200K(1056768K)], 0.3414852 secs] [Times: user=6.47 sys=0.06, real=0.34 secs]
  任务队列: 1003500 个任务待处理，堆使用 25.2 MB / 29.0 MB
[Full GC (Ergonomics) [PSYoungGen: 8192K->937K(9216K)] [ParOldGen: 20479K->20479K(20480K)] 28671K->21417K(29696K), [Metaspace: 5200K->5200K(1056768K)], 0.3530046 secs] [Times: user=6.44 sys=0.14, real=0.35 secs]
  任务队列: 1004000 个任务待处理，堆使用 23.1 MB / 29.0 MB
  任务队列: 1004500 个任务待处理，堆使用 28.0 MB / 29.0 MB
[Full GC (Ergonomics) [PSYoungGen: 8192K->948K(9216K)] [ParOldGen: 20479K->20479K(20480K)] 28671K->21428K(29696K), [Metaspace: 5200K->5200K(1056768K)], 0.3546122 secs] [Times: user=6.72 sys=0.16, real=0.36 secs]
  任务队列: 1005000 个任务待处理，堆使用 25.8 MB / 29.0 MB
[Full GC (Ergonomics) [PSYoungGen: 8191K->959K(9216K)] [ParOldGen: 20479K->20479K(20480K)] 28671K->21439K(29696K), [Metaspace: 5200K->5200K(1056768K)], 0.3554458 secs] [Times: user=6.64 sys=0.25, real=0.36 secs]
  任务队列: 1005500 个任务待处理，堆使用 23.7 MB / 29.0 MB
[Full GC (Ergonomics) [PSYoungGen: 8187K->971K(9216K)] [ParOldGen: 20479K->20479K(20480K)] 28667K->21450K(29696K), [Metaspace: 5200K->5200K(1056768K)], 0.3555428 secs] [Times: user=6.59 sys=0.17, real=0.36 secs]
  任务队列: 1006000 个任务待处理，堆使用 21.6 MB / 29.0 MB
  任务队列: 1006500 个任务待处理，堆使用 26.5 MB / 29.0 MB
[Full GC (Ergonomics) [PSYoungGen: 8187K->982K(9216K)] [ParOldGen: 20479K->20479K(20480K)] 28667K->21462K(29696K), [Metaspace: 5200K->5200K(1056768K)], 0.3548999 secs] [Times: user=6.36 sys=0.16, real=0.36 secs]
  任务队列: 1007000 个任务待处理，堆使用 24.4 MB / 29.0 MB
[Full GC (Ergonomics) [PSYoungGen: 8192K->993K(9216K)] [ParOldGen: 20479K->20479K(20480K)] 28671K->21473K(29696K), [Metaspace: 5200K->5200K(1056768K)], 0.3589235 secs] [Times: user=6.72 sys=0.14, real=0.36 secs]
  任务队列: 1007500 个任务待处理，堆使用 22.4 MB / 29.0 MB
  任务队列: 1008000 个任务待处理，堆使用 27.3 MB / 29.0 MB
[Full GC (Ergonomics) [PSYoungGen: 8189K->1004K(9216K)] [ParOldGen: 20479K->20479K(20480K)] 28669K->21484K(29696K), [Metaspace: 5200K->5200K(1056768K)], 0.3560585 secs] [Times: user=6.66 sys=0.19, real=0.36 secs]
  任务队列: 1008500 个任务待处理，堆使用 25.4 MB / 29.0 MB
[Full GC (Ergonomics) [PSYoungGen: 8192K->1015K(9216K)] [ParOldGen: 20479K->20479K(20480K)] 28671K->21495K(29696K), [Metaspace: 5200K->5200K(1056768K)], 0.3523273 secs] [Times: user=6.58 sys=0.14, real=0.35 secs]
  任务队列: 1009000 个任务待处理，堆使用 23.2 MB / 29.0 MB
[Full GC (Ergonomics) [PSYoungGen: 8190K->1026K(9216K)] [ParOldGen: 20479K->20479K(20480K)] 28670K->21506K(29696K), [Metaspace: 5200K->5200K(1056768K)], 0.3534935 secs] [Times: user=6.34 sys=0.22, real=0.35 secs]
  任务队列: 1009500 个任务待处理，堆使用 21.2 MB / 29.0 MB
  任务队列: 1010000 个任务待处理，堆使用 26.2 MB / 29.0 MB
[Full GC (Ergonomics) [PSYoungGen: 8192K->1037K(9216K)] [ParOldGen: 20479K->20479K(20480K)] 28671K->21517K(29696K), [Metaspace: 5200K->5200K(1056768K)], 0.3541718 secs] [Times: user=6.59 sys=0.28, real=0.36 secs]
  任务队列: 1010500 个任务待处理，堆使用 24.2 MB / 29.0 MB
[Full GC (Ergonomics) [PSYoungGen: 8192K->1048K(9216K)] [ParOldGen: 20479K->20479K(20480K)] 28671K->21528K(29696K), [Metaspace: 5200K->5200K(1056768K)], 0.3572501 secs] [Times: user=6.78 sys=0.09, real=0.36 secs]
  任务队列: 1011000 个任务待处理，堆使用 22.1 MB / 29.0 MB
  任务队列: 1011500 个任务待处理，堆使用 27.1 MB / 29.0 MB
[Full GC (Ergonomics) [PSYoungGen: 8184K->1059K(9216K)] [ParOldGen: 20479K->20479K(20480K)] 28664K->21539K(29696K), [Metaspace: 5200K->5200K(1056768K)], 0.3590930 secs] [Times: user=6.70 sys=0.16, real=0.36 secs]
  任务队列: 1012000 个任务待处理，堆使用 25.0 MB / 29.0 MB
[Full GC (Ergonomics) [PSYoungGen: 8192K->1070K(9216K)] [ParOldGen: 20479K->20479K(20480K)] 28671K->21550K(29696K), [Metaspace: 5200K->5200K(1056768K)], 0.3549210 secs] [Times: user=6.58 sys=0.28, real=0.36 secs]
  任务队列: 1012500 个任务待处理，堆使用 23.0 MB / 29.0 MB
  任务队列: 1013000 个任务待处理，堆使用 27.9 MB / 29.0 MB
[Full GC (Ergonomics) [PSYoungGen: 8191K->1081K(9216K)] [ParOldGen: 20479K->20479K(20480K)] 28671K->21561K(29696K), [Metaspace: 5200K->5200K(1056768K)], 0.3545181 secs] [Times: user=6.67 sys=0.14, real=0.36 secs]
  任务队列: 1013500 个任务待处理，堆使用 25.9 MB / 29.0 MB
[Full GC (Ergonomics) [PSYoungGen: 8192K->1092K(9216K)] [ParOldGen: 20479K->20479K(20480K)] 28671K->21572K(29696K), [Metaspace: 5200K->5200K(1056768K)], 0.3433157 secs] [Times: user=6.33 sys=0.20, real=0.34 secs]
  任务队列: 1014000 个任务待处理，堆使用 23.9 MB / 29.0 MB
[Full GC (Ergonomics) [PSYoungGen: 8192K->1103K(9216K)] [ParOldGen: 20479K->20479K(20480K)] 28671K->21583K(29696K), [Metaspace: 5200K->5200K(1056768K)], 0.3518391 secs] [Times: user=6.31 sys=0.26, real=0.35 secs]
  任务队列: 1014500 个任务待处理，堆使用 22.0 MB / 29.0 MB
  任务队列: 1015000 个任务待处理，堆使用 26.9 MB / 29.0 MB
[Full GC (Ergonomics) [PSYoungGen: 8189K->1114K(9216K)] [ParOldGen: 20479K->20479K(20480K)] 28669K->21594K(29696K), [Metaspace: 5200K->5200K(1056768K)], 0.3573308 secs] [Times: user=6.69 sys=0.19, real=0.36 secs]
  任务队列: 1015500 个任务待处理，堆使用 24.8 MB / 29.0 MB
[Full GC (Ergonomics) [PSYoungGen: 8186K->1125K(9216K)] [ParOldGen: 20479K->20479K(20480K)] 28666K->21605K(29696K), [Metaspace: 5200K->5200K(1056768K)], 0.3527937 secs] [Times: user=6.56 sys=0.30, real=0.35 secs]
  任务队列: 1016000 个任务待处理，堆使用 22.9 MB / 29.0 MB
  任务队列: 1016500 个任务待处理，堆使用 27.8 MB / 29.0 MB
[Full GC (Ergonomics) [PSYoungGen: 8189K->1136K(9216K)] [ParOldGen: 20479K->20479K(20480K)] 28668K->21616K(29696K), [Metaspace: 5200K->5200K(1056768K)], 0.3538924 secs] [Times: user=6.42 sys=0.14, real=0.35 secs]
  任务队列: 1017000 个任务待处理，堆使用 25.8 MB / 29.0 MB
[Full GC (Ergonomics) [PSYoungGen: 8192K->1147K(9216K)] [ParOldGen: 20479K->20479K(20480K)] 28671K->21627K(29696K), [Metaspace: 5200K->5200K(1056768K)], 0.3527202 secs] [Times: user=6.72 sys=0.16, real=0.35 secs]
  任务队列: 1017500 个任务待处理，堆使用 23.9 MB / 29.0 MB
[Full GC (Ergonomics) [PSYoungGen: 8192K->1158K(9216K)] [ParOldGen: 20479K->20479K(20480K)] 28671K->21638K(29696K), [Metaspace: 5200K->5200K(1056768K)], 0.3565983 secs] [Times: user=6.62 sys=0.25, real=0.36 secs]
  任务队列: 1018000 个任务待处理，堆使用 22.0 MB / 29.0 MB
  任务队列: 1018500 个任务待处理，堆使用 26.9 MB / 29.0 MB
[Full GC (Ergonomics) [PSYoungGen: 8191K->1169K(9216K)] [ParOldGen: 20479K->20479K(20480K)] 28671K->21649K(29696K), [Metaspace: 5200K->5200K(1056768K)], 0.3451706 secs] [Times: user=6.56 sys=0.17, real=0.35 secs]
  任务队列: 1019000 个任务待处理，堆使用 24.9 MB / 29.0 MB
[Full GC (Ergonomics) [PSYoungGen: 8188K->1180K(9216K)] [ParOldGen: 20479K->20479K(20480K)] 28668K->21659K(29696K), [Metaspace: 5200K->5200K(1056768K)], 0.3536500 secs] [Times: user=6.56 sys=0.31, real=0.35 secs]
  任务队列: 1019500 个任务待处理，堆使用 23.0 MB / 29.0 MB
  任务队列: 1020000 个任务待处理，堆使用 27.9 MB / 29.0 MB
[Full GC (Ergonomics) [PSYoungGen: 8189K->1190K(9216K)] [ParOldGen: 20479K->20479K(20480K)] 28669K->21670K(29696K), [Metaspace: 5200K->5200K(1056768K)], 0.3548022 secs] [Times: user=6.31 sys=0.20, real=0.36 secs]
  任务队列: 1020500 个任务待处理，堆使用 26.0 MB / 29.0 MB
[Full GC (Ergonomics) [PSYoungGen: 8189K->1201K(9216K)] [ParOldGen: 20479K->20479K(20480K)] 28669K->21681K(29696K), [Metaspace: 5200K->5200K(1056768K)], 0.3548737 secs] [Times: user=6.62 sys=0.22, real=0.36 secs]
  任务队列: 1021000 个任务待处理，堆使用 24.1 MB / 29.0 MB
[Full GC (Ergonomics) [PSYoungGen: 8189K->1212K(9216K)] [ParOldGen: 20479K->20479K(20480K)] 28669K->21692K(29696K), [Metaspace: 5200K->5200K(1056768K)], 0.3571038 secs] [Times: user=6.67 sys=0.20, real=0.36 secs]
  任务队列: 1021500 个任务待处理，堆使用 22.2 MB / 29.0 MB
  任务队列: 1022000 个任务待处理，堆使用 27.1 MB / 29.0 MB
[Full GC (Ergonomics) [PSYoungGen: 8192K->1223K(9216K)] [ParOldGen: 20479K->20479K(20480K)] 28671K->21703K(29696K), [Metaspace: 5200K->5200K(1056768K)], 0.3535820 secs] [Times: user=6.70 sys=0.17, real=0.36 secs]
  任务队列: 1022500 个任务待处理，堆使用 25.2 MB / 29.0 MB
[Full GC (Ergonomics) [PSYoungGen: 8184K->1234K(9216K)] [ParOldGen: 20479K->20479K(20480K)] 28664K->21714K(29696K), [Metaspace: 5200K->5200K(1056768K)], 0.3531557 secs] [Times: user=6.30 sys=0.28, real=0.35 secs]
  任务队列: 1023000 个任务待处理，堆使用 23.4 MB / 29.0 MB
[Full GC (Ergonomics) [PSYoungGen: 8185K->1244K(9216K)] [ParOldGen: 20479K->20479K(20480K)] 28665K->21724K(29696K), [Metaspace: 5200K->5200K(1056768K)], 0.3518258 secs] [Times: user=6.72 sys=0.17, real=0.35 secs]
  任务队列: 1023500 个任务待处理，堆使用 21.5 MB / 29.0 MB
  任务队列: 1024000 个任务待处理，堆使用 26.5 MB / 29.0 MB
[Full GC (Ergonomics) [PSYoungGen: 8186K->1255K(9216K)] [ParOldGen: 20479K->20479K(20480K)] 28666K->21735K(29696K), [Metaspace: 5200K->5200K(1056768K)], 0.3533206 secs] [Times: user=6.69 sys=0.14, real=0.35 secs]
  任务队列: 1024500 个任务待处理，堆使用 24.6 MB / 29.0 MB
[Full GC (Ergonomics) [PSYoungGen: 8186K->1266K(9216K)] [ParOldGen: 20479K->20479K(20480K)] 28665K->21746K(29696K), [Metaspace: 5200K->5200K(1056768K)], 0.3568648 secs] [Times: user=6.55 sys=0.31, real=0.36 secs]
  任务队列: 1025000 个任务待处理，堆使用 22.8 MB / 29.0 MB
  任务队列: 1025500 个任务待处理，堆使用 27.7 MB / 29.0 MB
[Full GC (Ergonomics) [PSYoungGen: 8192K->1277K(9216K)] [ParOldGen: 20479K->20479K(20480K)] 28671K->21757K(29696K), [Metaspace: 5200K->5200K(1056768K)], 0.3546829 secs] [Times: user=6.61 sys=0.20, real=0.36 secs]
  任务队列: 1026000 个任务待处理，堆使用 25.9 MB / 29.0 MB
[Full GC (Ergonomics) [PSYoungGen: 8189K->1287K(9216K)] [ParOldGen: 20479K->20479K(20480K)] 28669K->21767K(29696K), [Metaspace: 5200K->5200K(1056768K)], 0.3576805 secs] [Times: user=6.45 sys=0.41, real=0.36 secs]
  任务队列: 1026500 个任务待处理，堆使用 24.1 MB / 29.0 MB
[Full GC (Ergonomics) [PSYoungGen: 8192K->1298K(9216K)] [ParOldGen: 20479K->20479K(20480K)] 28671K->21778K(29696K), [Metaspace: 5200K->5200K(1056768K)], 0.3564486 secs] [Times: user=6.61 sys=0.28, real=0.36 secs]
  任务队列: 1027000 个任务待处理，堆使用 22.3 MB / 29.0 MB
  任务队列: 1027500 个任务待处理，堆使用 27.2 MB / 29.0 MB
[Full GC (Ergonomics) [PSYoungGen: 8191K->1309K(9216K)] [ParOldGen: 20479K->20479K(20480K)] 28671K->21789K(29696K), [Metaspace: 5200K->5200K(1056768K)], 0.3566643 secs] [Times: user=6.55 sys=0.20, real=0.36 secs]
  任务队列: 1028000 个任务待处理，堆使用 25.4 MB / 29.0 MB
[Full GC (Ergonomics) [PSYoungGen: 8190K->1319K(9216K)] [ParOldGen: 20479K->20479K(20480K)] 28670K->21799K(29696K), [Metaspace: 5200K->5200K(1056768K)], 0.3543088 secs] [Times: user=6.33 sys=0.22, real=0.36 secs]
  任务队列: 1028500 个任务待处理，堆使用 23.7 MB / 29.0 MB
[Full GC (Ergonomics) [PSYoungGen: 8189K->1330K(9216K)] [ParOldGen: 20479K->20479K(20480K)] 28669K->21810K(29696K), [Metaspace: 5200K->5200K(1056768K)], 0.3539759 secs] [Times: user=6.77 sys=0.17, real=0.36 secs]
  任务队列: 1029000 个任务待处理，堆使用 21.9 MB / 29.0 MB
  任务队列: 1029500 个任务待处理，堆使用 26.8 MB / 29.0 MB
[Full GC (Ergonomics) [PSYoungGen: 8192K->1341K(9216K)] [ParOldGen: 20479K->20479K(20480K)] 28671K->21821K(29696K), [Metaspace: 5200K->5200K(1056768K)], 0.3554537 secs] [Times: user=6.69 sys=0.20, real=0.36 secs]
  任务队列: 1030000 个任务待处理，堆使用 25.0 MB / 29.0 MB
[Full GC (Ergonomics) [PSYoungGen: 8188K->1351K(9216K)] [ParOldGen: 20479K->20479K(20480K)] 28668K->21831K(29696K), [Metaspace: 5200K->5200K(1056768K)], 0.3550690 secs] [Times: user=6.67 sys=0.20, real=0.36 secs]
  任务队列: 1030500 个任务待处理，堆使用 23.3 MB / 29.0 MB
[Full GC (Ergonomics) [PSYoungGen: 8187K->1362K(9216K)] [ParOldGen: 20479K->20479K(20480K)] 28667K->21842K(29696K), [Metaspace: 5200K->5200K(1056768K)], 0.3538915 secs] [Times: user=6.67 sys=0.20, real=0.35 secs]
  任务队列: 1031000 个任务待处理，堆使用 21.5 MB / 29.0 MB
  任务队列: 1031500 个任务待处理，堆使用 26.4 MB / 29.0 MB
[Full GC (Ergonomics) [PSYoungGen: 8183K->1372K(9216K)] [ParOldGen: 20479K->20479K(20480K)] 28663K->21852K(29696K), [Metaspace: 5200K->5200K(1056768K)], 0.3589419 secs] [Times: user=6.69 sys=0.20, real=0.36 secs]
  任务队列: 1032000 个任务待处理，堆使用 24.7 MB / 29.0 MB
[Full GC (Ergonomics) [PSYoungGen: 8182K->1383K(9216K)] [ParOldGen: 20479K->20479K(20480K)] 28662K->21863K(29696K), [Metaspace: 5200K->5200K(1056768K)], 0.3530277 secs] [Times: user=6.89 sys=0.19, real=0.35 secs]
  任务队列: 1032500 个任务待处理，堆使用 23.0 MB / 29.0 MB
  任务队列: 1033000 个任务待处理，堆使用 27.9 MB / 29.0 MB
[Full GC (Ergonomics) [PSYoungGen: 8192K->1394K(9216K)] [ParOldGen: 20479K->20479K(20480K)] 28671K->21873K(29696K), [Metaspace: 5200K->5200K(1056768K)], 0.3575968 secs] [Times: user=6.66 sys=0.23, real=0.36 secs]
  任务队列: 1033500 个任务待处理，堆使用 26.2 MB / 29.0 MB
[Full GC (Ergonomics) [PSYoungGen: 8191K->1404K(9216K)] [ParOldGen: 20479K->20479K(20480K)] 28671K->21884K(29696K), [Metaspace: 5200K->5200K(1056768K)], 0.3557121 secs] [Times: user=6.73 sys=0.16, real=0.36 secs]
  任务队列: 1034000 个任务待处理，堆使用 24.5 MB / 29.0 MB
[Full GC (Ergonomics) [PSYoungGen: 8186K->1415K(9216K)] [ParOldGen: 20479K->20479K(20480K)] 28666K->21894K(29696K), [Metaspace: 5200K->5200K(1056768K)], 0.3590931 secs] [Times: user=6.70 sys=0.17, real=0.36 secs]
  任务队列: 1034500 个任务待处理，堆使用 22.9 MB / 29.0 MB
  任务队列: 1035000 个任务待处理，堆使用 27.8 MB / 29.0 MB
[Full GC (Ergonomics) [PSYoungGen: 8190K->1425K(9216K)] [ParOldGen: 20479K->20479K(20480K)] 28670K->21905K(29696K), [Metaspace: 5200K->5200K(1056768K)], 0.3542713 secs] [Times: user=6.95 sys=0.23, real=0.35 secs]
  任务队列: 1035500 个任务待处理，堆使用 26.1 MB / 29.0 MB
[Full GC (Ergonomics) [PSYoungGen: 8184K->1436K(9216K)] [ParOldGen: 20479K->20479K(20480K)] 28664K->21915K(29696K), [Metaspace: 5200K->5200K(1056768K)], 0.3568547 secs] [Times: user=6.47 sys=0.09, real=0.36 secs]
  任务队列: 1036000 个任务待处理，堆使用 24.4 MB / 29.0 MB
[Full GC (Ergonomics) [PSYoungGen: 8188K->1446K(9216K)] [ParOldGen: 20479K->20479K(20480K)] 28667K->21926K(29696K), [Metaspace: 5200K->5200K(1056768K)], 0.3572498 secs] [Times: user=6.83 sys=0.14, real=0.36 secs]
  任务队列: 1036500 个任务待处理，堆使用 22.8 MB / 29.0 MB
  任务队列: 1037000 个任务待处理，堆使用 27.7 MB / 29.0 MB
[Full GC (Ergonomics) [PSYoungGen: 8185K->1456K(9216K)] [ParOldGen: 20479K->20479K(20480K)] 28665K->21936K(29696K), [Metaspace: 5200K->5200K(1056768K)], 0.3530755 secs] [Times: user=6.62 sys=0.26, real=0.35 secs]
  任务队列: 1037500 个任务待处理，堆使用 26.1 MB / 29.0 MB
[Full GC (Ergonomics) [PSYoungGen: 8182K->1467K(9216K)] [ParOldGen: 20479K->20479K(20480K)] 28662K->21947K(29696K), [Metaspace: 5200K->5200K(1056768K)], 0.3543075 secs] [Times: user=6.45 sys=0.31, real=0.36 secs]
  任务队列: 1038000 个任务待处理，堆使用 24.4 MB / 29.0 MB
[Full GC (Ergonomics) [PSYoungGen: 8192K->1477K(9216K)] [ParOldGen: 20479K->20479K(20480K)] 28671K->21957K(29696K), [Metaspace: 5200K->5200K(1056768K)], 0.3550616 secs] [Times: user=6.59 sys=0.19, real=0.36 secs]
  任务队列: 1038500 个任务待处理，堆使用 22.9 MB / 29.0 MB
  任务队列: 1039000 个任务待处理，堆使用 27.7 MB / 29.0 MB
[Full GC (Ergonomics) [PSYoungGen: 8186K->1488K(9216K)] [ParOldGen: 20479K->20479K(20480K)] 28665K->21967K(29696K), [Metaspace: 5200K->5200K(1056768K)], 0.3266209 secs] [Times: user=5.41 sys=0.19, real=0.33 secs]
  任务队列: 1039500 个任务待处理，堆使用 26.1 MB / 29.0 MB
[Full GC (Ergonomics) [PSYoungGen: 8184K->1498K(9216K)] [ParOldGen: 20479K->20479K(20480K)] 28664K->21978K(29696K), [Metaspace: 5200K->5200K(1056768K)], 0.3548330 secs] [Times: user=6.95 sys=0.19, real=0.35 secs]
  任务队列: 1040000 个任务待处理，堆使用 24.5 MB / 29.0 MB
[Full GC (Ergonomics) [PSYoungGen: 8192K->1508K(9216K)] [ParOldGen: 20479K->20479K(20480K)] 28671K->21988K(29696K), [Metaspace: 5200K->5200K(1056768K)], 0.3670486 secs] [Times: user=6.83 sys=0.28, real=0.37 secs]
  任务队列: 1040500 个任务待处理，堆使用 23.1 MB / 29.0 MB
  任务队列: 1041000 个任务待处理，堆使用 27.9 MB / 29.0 MB
[Full GC (Ergonomics) [PSYoungGen: 8192K->1519K(9216K)] [ParOldGen: 20479K->20479K(20480K)] 28671K->21998K(29696K), [Metaspace: 5200K->5200K(1056768K)], 0.3584650 secs] [Times: user=6.64 sys=0.19, real=0.36 secs]
  任务队列: 1041500 个任务待处理，堆使用 26.3 MB / 29.0 MB
[Full GC (Ergonomics) [PSYoungGen: 8184K->1529K(9216K)] [ParOldGen: 20479K->20479K(20480K)] 28664K->22009K(29696K), [Metaspace: 5200K->5200K(1056768K)], 0.3715716 secs] [Times: user=6.97 sys=0.19, real=0.37 secs]
  任务队列: 1042000 个任务待处理，堆使用 24.8 MB / 29.0 MB
[Full GC (Ergonomics) [PSYoungGen: 8192K->1539K(9216K)] [ParOldGen: 20479K->20479K(20480K)] 28671K->22019K(29696K), [Metaspace: 5200K->5200K(1056768K)], 0.3710693 secs] [Times: user=6.97 sys=0.20, real=0.37 secs]
  任务队列: 1042500 个任务待处理，堆使用 23.4 MB / 29.0 MB
[Full GC (Ergonomics) [PSYoungGen: 8183K->1549K(9216K)] [ParOldGen: 20479K->20479K(20480K)] 28663K->22029K(29696K), [Metaspace: 5200K->5200K(1056768K)], 0.3556842 secs] [Times: user=6.98 sys=0.20, real=0.36 secs]
  任务队列: 1043000 个任务待处理，堆使用 21.8 MB / 29.0 MB
  任务队列: 1043500 个任务待处理，堆使用 26.7 MB / 29.0 MB
[Full GC (Ergonomics) [PSYoungGen: 8192K->1560K(9216K)] [ParOldGen: 20479K->20479K(20480K)] 28671K->22040K(29696K), [Metaspace: 5200K->5200K(1056768K)], 0.3571573 secs] [Times: user=6.95 sys=0.23, real=0.36 secs]
  任务队列: 1044000 个任务待处理，堆使用 25.1 MB / 29.0 MB
[Full GC (Ergonomics) [PSYoungGen: 8192K->1570K(9216K)] [ParOldGen: 20479K->20479K(20480K)] 28671K->22050K(29696K), [Metaspace: 5200K->5200K(1056768K)], 0.3555583 secs] [Times: user=6.70 sys=0.16, real=0.36 secs]
  任务队列: 1044500 个任务待处理，堆使用 23.6 MB / 29.0 MB
[Full GC (Ergonomics) [PSYoungGen: 8192K->1580K(9216K)] [ParOldGen: 20479K->20479K(20480K)] 28671K->22060K(29696K), [Metaspace: 5200K->5200K(1056768K)], 0.3569533 secs] [Times: user=6.50 sys=0.16, real=0.36 secs]
  任务队列: 1045000 个任务待处理，堆使用 22.2 MB / 29.0 MB
  任务队列: 1045500 个任务待处理，堆使用 27.1 MB / 29.0 MB
[Full GC (Ergonomics) [PSYoungGen: 8190K->1590K(9216K)] [ParOldGen: 20479K->20479K(20480K)] 28670K->22070K(29696K), [Metaspace: 5200K->5200K(1056768K)], 0.3704697 secs] [Times: user=7.03 sys=0.14, real=0.37 secs]
  任务队列: 1046000 个任务待处理，堆使用 25.5 MB / 29.0 MB
[Full GC (Ergonomics) [PSYoungGen: 8192K->1600K(9216K)] [ParOldGen: 20479K->20479K(20480K)] 28671K->22080K(29696K), [Metaspace: 5200K->5200K(1056768K)], 0.3705396 secs] [Times: user=7.01 sys=0.12, real=0.37 secs]
  任务队列: 1046500 个任务待处理，堆使用 24.0 MB / 29.0 MB
[Full GC (Ergonomics) [PSYoungGen: 8192K->1611K(9216K)] [ParOldGen: 20479K->20479K(20480K)] 28671K->22091K(29696K), [Metaspace: 5200K->5200K(1056768K)], 0.3555393 secs] [Times: user=6.81 sys=0.27, real=0.36 secs]
  任务队列: 1047000 个任务待处理，堆使用 22.5 MB / 29.0 MB
  任务队列: 1047500 个任务待处理，堆使用 27.5 MB / 29.0 MB
[Full GC (Ergonomics) [PSYoungGen: 8192K->1621K(9216K)] [ParOldGen: 20479K->20479K(20480K)] 28671K->22101K(29696K), [Metaspace: 5200K->5200K(1056768K)], 0.3585773 secs] [Times: user=6.58 sys=0.20, real=0.36 secs]
  任务队列: 1048000 个任务待处理，堆使用 26.0 MB / 29.0 MB
[Full GC (Ergonomics) [PSYoungGen: 8192K->1631K(9216K)] [ParOldGen: 20479K->20479K(20480K)] 28671K->22111K(29696K), [Metaspace: 5200K->5200K(1056768K)], 0.3248147 secs] [Times: user=5.19 sys=0.17, real=0.33 secs]
  任务队列: 1048500 个任务待处理，堆使用 24.5 MB / 29.0 MB
[Full GC (Ergonomics) [PSYoungGen: 8192K->1641K(9216K)] [ParOldGen: 20479K->20479K(20480K)] 28671K->22121K(29696K), [Metaspace: 5200K->5200K(1056768K)], 0.3578465 secs] [Times: user=6.72 sys=0.17, real=0.36 secs]
  任务队列: 1049000 个任务待处理，堆使用 23.1 MB / 29.0 MB
  任务队列: 1049500 个任务待处理，堆使用 28.0 MB / 29.0 MB
[Full GC (Ergonomics) [PSYoungGen: 8192K->1651K(9216K)] [ParOldGen: 20479K->20479K(20480K)] 28671K->22131K(29696K), [Metaspace: 5200K->5200K(1056768K)], 0.3413815 secs] [Times: user=5.78 sys=0.16, real=0.34 secs]
  任务队列: 1050000 个任务待处理，堆使用 26.6 MB / 29.0 MB
[Full GC (Ergonomics) [PSYoungGen: 8192K->1661K(9216K)] [ParOldGen: 20479K->20479K(20480K)] 28671K->22141K(29696K), [Metaspace: 5200K->5200K(1056768K)], 0.3714359 secs] [Times: user=6.89 sys=0.14, real=0.37 secs]
  任务队列: 1050500 个任务待处理，堆使用 25.0 MB / 29.0 MB
[Full GC (Ergonomics) [PSYoungGen: 8191K->1672K(9216K)] [ParOldGen: 20479K->20479K(20480K)] 28671K->22151K(29696K), [Metaspace: 5200K->5200K(1056768K)], 0.3690577 secs] [Times: user=6.94 sys=0.14, real=0.37 secs]
  任务队列: 1051000 个任务待处理，堆使用 23.6 MB / 29.0 MB
[Full GC (Ergonomics) [PSYoungGen: 8191K->1682K(9216K)] [ParOldGen: 20479K->20479K(20480K)] 28671K->22162K(29696K), [Metaspace: 5200K->5200K(1056768K)], 0.3708107 secs] [Times: user=6.92 sys=0.27, real=0.37 secs]
  任务队列: 1051500 个任务待处理，堆使用 22.2 MB / 29.0 MB
  任务队列: 1052000 个任务待处理，堆使用 27.1 MB / 29.0 MB
[Full GC (Ergonomics) [PSYoungGen: 8190K->1692K(9216K)] [ParOldGen: 20479K->20479K(20480K)] 28670K->22172K(29696K), [Metaspace: 5200K->5200K(1056768K)], 0.3697064 secs] [Times: user=7.01 sys=0.16, real=0.37 secs]
  任务队列: 1052500 个任务待处理，堆使用 25.7 MB / 29.0 MB
[Full GC (Ergonomics) [PSYoungGen: 8190K->1702K(9216K)] [ParOldGen: 20479K->20479K(20480K)] 28670K->22182K(29696K), [Metaspace: 5200K->5200K(1056768K)], 0.3711063 secs] [Times: user=6.47 sys=0.36, real=0.37 secs]
  任务队列: 1053000 个任务待处理，堆使用 24.3 MB / 29.0 MB
[Full GC (Ergonomics) [PSYoungGen: 8189K->1712K(9216K)] [ParOldGen: 20479K->20479K(20480K)] 28669K->22192K(29696K), [Metaspace: 5200K->5200K(1056768K)], 0.3560210 secs] [Times: user=6.89 sys=0.28, real=0.36 secs]
  任务队列: 1053500 个任务待处理，堆使用 22.9 MB / 29.0 MB
  任务队列: 1054000 个任务待处理，堆使用 27.8 MB / 29.0 MB
[Full GC (Ergonomics) [PSYoungGen: 8188K->1722K(9216K)] [ParOldGen: 20479K->20479K(20480K)] 28668K->22202K(29696K), [Metaspace: 5200K->5200K(1056768K)], 0.3682421 secs] [Times: user=7.02 sys=0.16, real=0.37 secs]
  任务队列: 1054500 个任务待处理，堆使用 26.5 MB / 29.0 MB
[Full GC (Ergonomics) [PSYoungGen: 8187K->1732K(9216K)] [ParOldGen: 20479K->20479K(20480K)] 28667K->22212K(29696K), [Metaspace: 5200K->5200K(1056768K)], 0.3668775 secs] [Times: user=6.70 sys=0.17, real=0.37 secs]
  任务队列: 1055000 个任务待处理，堆使用 25.0 MB / 29.0 MB
[Full GC (Ergonomics) [PSYoungGen: 8186K->1742K(9216K)] [ParOldGen: 20479K->20479K(20480K)] 28666K->22222K(29696K), [Metaspace: 5200K->5200K(1056768K)], 0.3551486 secs] [Times: user=7.00 sys=0.19, real=0.36 secs]
  任务队列: 1055500 个任务待处理，堆使用 23.6 MB / 29.0 MB
[Full GC (Ergonomics) [PSYoungGen: 8185K->1752K(9216K)] [ParOldGen: 20479K->20479K(20480K)] 28665K->22232K(29696K), [Metaspace: 5200K->5200K(1056768K)], 0.3715433 secs] [Times: user=6.81 sys=0.14, real=0.37 secs]
  任务队列: 1056000 个任务待处理，堆使用 22.3 MB / 29.0 MB
  任务队列: 1056500 个任务待处理，堆使用 27.2 MB / 29.0 MB
[Full GC (Ergonomics) [PSYoungGen: 8183K->1762K(9216K)] [ParOldGen: 20479K->20479K(20480K)] 28663K->22242K(29696K), [Metaspace: 5200K->5200K(1056768K)], 0.3712213 secs] [Times: user=6.78 sys=0.20, real=0.37 secs]
  任务队列: 1057000 个任务待处理，堆使用 25.9 MB / 29.0 MB
[Full GC (Ergonomics) [PSYoungGen: 8183K->1772K(9216K)] [ParOldGen: 20479K->20479K(20480K)] 28663K->22252K(29696K), [Metaspace: 5200K->5200K(1056768K)], 0.3691507 secs] [Times: user=6.70 sys=0.17, real=0.37 secs]
  任务队列: 1057500 个任务待处理，堆使用 24.6 MB / 29.0 MB
[Full GC (Ergonomics) [PSYoungGen: 8192K->1782K(9216K)] [ParOldGen: 20479K->20479K(20480K)] 28671K->22262K(29696K), [Metaspace: 5200K->5200K(1056768K)], 0.3689809 secs] [Times: user=6.94 sys=0.25, real=0.37 secs]
  任务队列: 1058000 个任务待处理，堆使用 23.3 MB / 29.0 MB
[Full GC (Ergonomics) [PSYoungGen: 8183K->1792K(9216K)] [ParOldGen: 20479K->20479K(20480K)] 28663K->22272K(29696K), [Metaspace: 5200K->5200K(1056768K)], 0.3674092 secs] [Times: user=6.75 sys=0.22, real=0.37 secs]
  任务队列: 1058500 个任务待处理，堆使用 21.9 MB / 29.0 MB
  任务队列: 1059000 个任务待处理，堆使用 26.8 MB / 29.0 MB
[Full GC (Ergonomics) [PSYoungGen: 8187K->1802K(9216K)] [ParOldGen: 20479K->20479K(20480K)] 28667K->22281K(29696K), [Metaspace: 5200K->5200K(1056768K)], 0.3689181 secs] [Times: user=6.48 sys=0.41, real=0.37 secs]
  任务队列: 1059500 个任务待处理，堆使用 25.6 MB / 29.0 MB
[Full GC (Ergonomics) [PSYoungGen: 8186K->1811K(9216K)] [ParOldGen: 20479K->20479K(20480K)] 28666K->22291K(29696K), [Metaspace: 5200K->5200K(1056768K)], 0.3680321 secs] [Times: user=6.86 sys=0.33, real=0.37 secs]
  任务队列: 1060000 个任务待处理，堆使用 24.3 MB / 29.0 MB
[Full GC (Ergonomics) [PSYoungGen: 8185K->1821K(9216K)] [ParOldGen: 20479K->20479K(20480K)] 28665K->22301K(29696K), [Metaspace: 5200K->5200K(1056768K)], 0.3675647 secs] [Times: user=6.52 sys=0.30, real=0.37 secs]
  任务队列: 1060500 个任务待处理，堆使用 22.9 MB / 29.0 MB
  任务队列: 1061000 个任务待处理，堆使用 27.8 MB / 29.0 MB
[Full GC (Ergonomics) [PSYoungGen: 8184K->1831K(9216K)] [ParOldGen: 20479K->20479K(20480K)] 28664K->22311K(29696K), [Metaspace: 5200K->5200K(1056768K)], 0.3686003 secs] [Times: user=6.81 sys=0.22, real=0.37 secs]
  任务队列: 1061500 个任务待处理，堆使用 26.5 MB / 29.0 MB
[Full GC (Ergonomics) [PSYoungGen: 8190K->1841K(9216K)] [ParOldGen: 20479K->20479K(20480K)] 28669K->22321K(29696K), [Metaspace: 5200K->5200K(1056768K)], 0.3725341 secs] [Times: user=6.97 sys=0.22, real=0.37 secs]
  任务队列: 1062000 个任务待处理，堆使用 25.3 MB / 29.0 MB
[Full GC (Ergonomics) [PSYoungGen: 8188K->1851K(9216K)] [ParOldGen: 20479K->20479K(20480K)] 28668K->22331K(29696K), [Metaspace: 5200K->5200K(1056768K)], 0.3710474 secs] [Times: user=6.81 sys=0.34, real=0.37 secs]
  任务队列: 1062500 个任务待处理，堆使用 24.0 MB / 29.0 MB
[Full GC (Ergonomics) [PSYoungGen: 8186K->1861K(9216K)] [ParOldGen: 20479K->20479K(20480K)] 28666K->22341K(29696K), [Metaspace: 5200K->5200K(1056768K)], 0.3687769 secs] [Times: user=6.78 sys=0.11, real=0.37 secs]
  任务队列: 1063000 个任务待处理，堆使用 22.8 MB / 29.0 MB
  任务队列: 1063500 个任务待处理，堆使用 27.7 MB / 29.0 MB
[Full GC (Ergonomics) [PSYoungGen: 8185K->1870K(9216K)] [ParOldGen: 20479K->20479K(20480K)] 28665K->22350K(29696K), [Metaspace: 5200K->5200K(1056768K)], 0.3591972 secs] [Times: user=7.03 sys=0.16, real=0.36 secs]
  任务队列: 1064000 个任务待处理，堆使用 26.4 MB / 29.0 MB
[Full GC (Ergonomics) [PSYoungGen: 8183K->1880K(9216K)] [ParOldGen: 20479K->20479K(20480K)] 28663K->22360K(29696K), [Metaspace: 5200K->5200K(1056768K)], 0.3672037 secs] [Times: user=6.94 sys=0.26, real=0.37 secs]
  任务队列: 1064500 个任务待处理，堆使用 25.2 MB / 29.0 MB
[Full GC (Ergonomics) [PSYoungGen: 8182K->1890K(9216K)] [ParOldGen: 20479K->20479K(20480K)] 28662K->22370K(29696K), [Metaspace: 5200K->5200K(1056768K)], 0.3706770 secs] [Times: user=6.61 sys=0.25, real=0.37 secs]
  任务队列: 1065000 个任务待处理，堆使用 24.0 MB / 29.0 MB
[Full GC (Ergonomics) [PSYoungGen: 8190K->1900K(9216K)] [ParOldGen: 20479K->20479K(20480K)] 28670K->22380K(29696K), [Metaspace: 5200K->5200K(1056768K)], 0.3704803 secs] [Times: user=6.89 sys=0.17, real=0.37 secs]
  任务队列: 1065500 个任务待处理，堆使用 22.8 MB / 29.0 MB
Heap
 PSYoungGen      total 9216K, used 8184K [0x00000000ff600000, 0x0000000100000000, 0x0000000100000000)
  eden space 8192K, 99% used [0x00000000ff600000,0x00000000ffdfe2b8,0x00000000ffe00000)
  from space 1024K, 0% used [0x00000000fff00000,0x00000000fff00000,0x0000000100000000)
  to   space 1024K, 0% used [0x00000000ffe00000,0x00000000ffe00000,0x00000000fff00000)
 ParOldGen       total 20480K, used 20479K [0x00000000fe200000, 0x00000000ff600000, 0x00000000ff600000)
  object space 20480K, 99% used [0x00000000fe200000,0x00000000ff5fffa0,0x00000000ff600000)
 Metaspace       used 5208K, capacity 5392K, committed 5504K, reserved 1056768K
  class space    used 554K, capacity 595K, committed 640K, reserved 1048576K
[Full GC (Ergonomics) [PSYoungGen: 8184K->1910K(9216K)] [ParOldGen: 20479K->20479K(20480K)] 28664K->22390K(29696K), [Metaspace: 5208K->5208K(1056768K)], 0.3779420 secs] [Times: user=6.75 sys=0.27, real=0.38 secs]

Process finished with exit code 130
